08-24 19:11:38.041   799   799 D PanelView: updateQsState
08-24 19:11:38.041   799   799 D KeyguardSwipeHelper: reset()
08-24 19:11:38.041   799   799 D KeyguardUnlockEventHandler: reset()
08-24 19:11:38.041   799   799 D KeyguardSwipeHelper: resetChildViewVI()
08-24 19:11:38.071   799   799 D vol.SecVolumeDialog: dismissH reason: 2
08-24 19:11:38.071   799   799 D vol.SecVolumeDialog: dismissH : false
08-24 19:11:38.081 13632 13632 D [WeatherWidget(1506)]  : {[80B2B16863E276D6DE53BBE30FB5B339BA2FD7CD5FFEDAF8DD78DCB53539FA84197A570ACEA2BA4850F60C4D4273A450585318C58EF439D65DBB37D97EC42E20FACDA46C1364925F3233C70B817B6C4E2D3837877D0E4C30D215E7F04EF1843E3086F5AB404FB6A8D248E9CD0BD1647E]}
08-24 19:11:38.111 13632 13632 D [WeatherWidget(1506)]  : {[2ED2BAA57117B625A86430EFEC4FD0D06B9623343CDF57741EF029FF6C664DAE341220AA0843975FFAD1CC10A217792B8BD4856F913530A49A5FF20A01CED0C7]}
08-24 19:11:38.121 13632 13632 D [WeatherWidget(1506)]  WeatherDataServiceManager: {[2ED2BAA57117B625A86430EFEC4FD0D01ACF72C46737BA5CE868189346C5D03E4346688388736413C20DA21C37265EB0226A1E7D2FB0F8B94E64BB89D01EAB4640B00308F836F20486B3ED375FCD79B2]}
08-24 19:11:38.131  2878  2899 D InputDispatcher: Focused application set to: xxxx
08-24 19:11:38.131  2878  2899 D InputDispatcher: Focus left window: 5135
08-24 19:11:38.131  2878  2904 D PointerIcon: setMouseIconStyle1 pointerType: 1001 iconType:101 flag:0 pid:2878 uid:1000
08-24 19:11:38.131  2878  2904 D PointerIcon: setMouseCustomIcon IconType is same.101
08-24 19:11:38.131  2878  2899 D ActivityTrigger: ActivityTrigger activityPauseTrigger 
08-24 19:11:38.181 13632 13632 D [WeatherWidget(1506)]  WeatherContentObserver: {[95EA22D572E0C7F5848098D37601BB9DFD070AE30428D55FFF3654477CE722FD7EAB60F529C23853B71D5E704B98C49644AAD659E0D79B9B5F657A966704D94E]}
08-24 19:11:38.191 13632 13632 D [WeatherWidget(1506)]  WeatherDataServiceManager: {[2ED2BAA57117B625A86430EFEC4FD0D01ACF72C46737BA5CE868189346C5D03E4346688388736413C20DA21C37265EB0F937594BBDBCDD2D3C115AFEE9DF1857]}
08-24 19:11:38.201 13632 13632 D [WeatherWidget(1506)]  WeatherDataServiceManager: {[2ED2BAA57117B625A86430EFEC4FD0D01ACF72C46737BA5CE868189346C5D03E4346688388736413C20DA21C37265EB0F937594BBDBCDD2D3C115AFEE9DF1857]}
08-24 19:11:38.201  5135  5265 W System.err: java.lang.IllegalStateException: proxyResponse must not be null
08-24 19:11:38.201  5135  5265 W System.err: 	at com.ss.android.lark.applogbridge.b.a$1.b(SourceFile:50659451)
08-24 19:11:38.201  5135  5265 W System.err: 	at com.bytedance.applog.d.a.c(SourceFile:33947764)
08-24 19:11:38.201  5135  5265 W System.err: 	at com.bytedance.applog.engine.d.d(SourceFile:458921)
08-24 19:11:38.201  5135  5265 W System.err: 	at com.bytedance.applog.engine.c.j(SourceFile:393261)
08-24 19:11:38.201  5135  5265 W System.err: 	at com.bytedance.applog.engine.c.g(SourceFile:262198)
08-24 19:11:38.201  5135  5265 W System.err: 	at com.bytedance.applog.engine.e.handleMessage(SourceFile:17301852)
08-24 19:11:38.201  5135  5265 W System.err: 	at android.os.Handler.dispatchMessage(Handler.java:98)
08-24 19:11:38.201  5135  5265 W System.err: 	at android.os.Looper.loop(Looper.java:148)
08-24 19:11:38.201  5135  5265 W System.err: 	at android.os.HandlerThread.run(HandlerThread.java:61)
08-24 19:11:38.211   799   967 D FlashlightTile: handleUpdateState :  MultiState[visible=true,icon=ResourceIcon[resId=0x7f020393],label=Torch,contentDescription=Torch Button Off.,dualLabelContentDescription=null,autoMirrorDrawable=false,secondaryLabel=null,textTruncate=true,value=2,bgValue=0] arg : null
08-24 19:11:38.221   799   967 D BikeModeTile: handleUpdateState value = 2
08-24 19:11:38.231   799   967 D HotspotTile: handleUpdateState :mState.value =  2, 2
08-24 19:11:38.241  2173  2818 D EnterpriseController: netId is 0
08-24 19:11:38.241  2173  2818 D Netd    : getNetworkForDns: using netid 644 for uid 10156
08-24 19:11:38.251  2164  2164 I display : [PrimaryDisplay] [DYNAMIC_RECOMP] first frame after HWC_2_GLES
08-24 19:11:38.251  2164  2164 I display : [PrimaryDisplay] [DYNAMIC_RECOMP] GLES_2_HWC by high FPS(5)
08-24 19:11:38.301 13632 13632 D [WeatherWidget(1506)]  AutoRefresh: {[A86BE6041554A531C7EB44B60945C82AE724E80A980EC84A022B7BC67C4E0425F066B7223CA5E727B56516E8D5602C45806EA4A36BB6675FDCF45AF3137DD62C]}
08-24 19:11:38.331 13632 13632 D [WeatherWidget(1506)]  WidgetCount: {[65C2FDBB08E09D2E8E78BEFE0D618279BC32024A311F60279E75A9FD2AD8BED1]}
08-24 19:11:38.331 13632 13632 D [WeatherWidget(1506)]  WidgetCount: {[51D05FFECDA2C35BD99FAAEAA7B9A301F0BE9CFAFD994C3F7B3209384CC66988]}
08-24 19:11:38.441  3350  3350 D Launcher: onNewIntent()
08-24 19:11:38.441  3350  3350 D Launcher: onNewIntent mPendingIntent is null startingSetting is false!!
08-24 19:11:38.441 13632 13632 W [WeatherWidget(1506)]  AutoRefresh: {[FECE553FB62AE03D158AB5E8A2FC584ED3B8A8397370CEF69543E1226AA799D511F6C858EAC096324541EA9BA75031E14B6E4FA4108AAAE5F37D2E42ED597BEC3AC3445C0C7BAFCD5AB4453D0E2F8288378EE76853DBB426FF85770FC7E0DE07]}
08-24 19:11:38.441 13632 13632 D [WeatherWidget(1506)]  AutoRefresh: {[0A51DDD5D6D555A2305D21870452E5D7E436D7BBAD3B0EE478222395D37F9B553A919D241D85501951925B0E5D47E754D55B965B8C99BAD3A975C19EA521D830]}
08-24 19:11:38.441 13632 13632 D [WeatherWidget(1506)]  AutoRefresh: {[A50B255AD1BD0442B2A8ACA72488A2F5A6FF32A24B213A2B58EBE7743BC9CEB99FCEF8485FE58C5AE466C06783D677AD]}
08-24 19:11:38.441 13632 13632 D [WeatherWidget(1506)]  AutoRefresh: {[762EFFCD8D4FE55BC09AD844A0C509DA004EB64DBA949DA70BEC5C2848B27CD22B2A8CF319F7BB6DEE188CB2A6D457C5]}
08-24 19:11:38.441 13632 13632 D [WeatherWidget(1506)]  WeatherDataServiceManager: {[2ED2BAA57117B625A86430EFEC4FD0D01ACF72C46737BA5CE868189346C5D03E4346688388736413C20DA21C37265EB0F937594BBDBCDD2D3C115AFEE9DF1857]}
08-24 19:11:38.441  3350  3350 D Launcher.HomeView: performOnHomePressed
08-24 19:11:38.441 13632 13632 D [WeatherWidget(1506)]  WidgetCount: {[65C2FDBB08E09D2E8E78BEFE0D618279BC32024A311F60279E75A9FD2AD8BED1]}
08-24 19:11:38.441 13632 13632 D [WeatherWidget(1506)]  WidgetCount: {[51D05FFECDA2C35BD99FAAEAA7B9A301F0BE9CFAFD994C3F7B3209384CC66988]}
08-24 19:11:38.441 13632 13632 D [WeatherWidget(1506)]  WidgetCount: {[6CEC719F0A07787F8C223B192FCD4687C55ED1AD256D01CA79B528F9A8936DA2AEE8FCF34DEAE62C4F0012DD0AEA3C4D450DA911871FFB9B1B25866B258CE216]}
08-24 19:11:38.451 13632 13632 D [WeatherWidget(1506)]  AutoRefreshReceiver: {[43EB1C024052B99D53E991930172379618B5A73E0169704C31B2E0FEC15ABF0DB061C2705E75ED5606D9FFD69F6B37E13822B2991EFA2872858E1E2BB615A6BC25C1BB37530DE4B9994E9888EE083816]}
08-24 19:11:38.451  3350  3350 D HomeScreenOptionMenu: onHomePressed() : false
08-24 19:11:38.461 13632 13632 D [WeatherWidget(1506)]  AutoRefresh: {[70B75E012B1FDAD246D3AC2B6B55FEFF12CD372C51AD9343E17AD91C211AAE41AFCDF70C5F087FB7968C6CA154B2085E257A3BF3F21D864EAD8A29B93A4C8FA7]}
08-24 19:11:38.461  3350  3350 D MenuAppsGridFragment: changeState: (new)NORMAL(old)NORMAL(force)false
08-24 19:11:38.531  3350  3350 D Launcher.Workspace: exitWidgetResizeMode. isClearResizeFrame is false
08-24 19:11:38.531  3350  3350 D Launcher: onRestart, Launcher: 11550388
08-24 19:11:38.561  2164 13619 I display : [PrimaryDisplay] [DYNAMIC_RECOMP] HWC_2_GLES by low FPS(3)
08-24 19:11:38.571  2164  2164 I display : [PrimaryDisplay] [DYNAMIC_RECOMP] GLES_2_HWC by high FPS(7)
08-24 19:11:38.681  3350  3350 D ApplicationPackageManager: we has com.android.calendar class. reuse it 
08-24 19:11:38.811  2173  2818 D EnterpriseController: netId is 0
08-24 19:11:38.811  2173  2818 D Netd    : getNetworkForDns: using netid 644 for uid 10156
08-24 19:11:38.851  5135  5205 E ServiceScheduleManager: Enter loop()!!! is sync = 
08-24 19:11:38.871 13632 13632 D [WeatherWidget(1506)]  WeatherScreenReceiver: {[AE44B1CAE710C9799F38EE823B33FC6FDEAF5CF1F84C7C2D7C42190D3C2DE6A81416E92586372C9712C4D2BD025FBC09C229D81C93196B2AA28F22D563A30C15]}
08-24 19:11:38.871 13632 13632 D [WeatherWidget(1506)]  WidgetCount: {[65C2FDBB08E09D2E8E78BEFE0D618279BC32024A311F60279E75A9FD2AD8BED1]}
08-24 19:11:38.871 13632 13632 D [WeatherWidget(1506)]  WidgetCount: {[51D05FFECDA2C35BD99FAAEAA7B9A301F0BE9CFAFD994C3F7B3209384CC66988]}
08-24 19:11:38.871 13632 13632 D [WeatherWidget(1506)]  WidgetCount: {[6CEC719F0A07787F8C223B192FCD4687C55ED1AD256D01CA79B528F9A8936DA2AEE8FCF34DEAE62C4F0012DD0AEA3C4D450DA911871FFB9B1B25866B258CE216]}
08-24 19:11:38.971 13632 13632 D [WeatherWidget(1506)]  WeatherDataServiceManager: {[2ED2BAA57117B625A86430EFEC4FD0D00B8440EEC73C7DA93CEB811ACB10E5BC0C3FCEBE527FBDEFC270F4229119DE2DE5CFBB0359CE72AC072C54DC7472A2A4]}
08-24 19:11:38.971 13632 13632 D [WeatherWidget(1506)]  WeatherWidgetApplication: {[A28FDC01DC6076B0F48F82E46560372DD75F66695E6870A222405492617E4A91CA8BA09EA2957EED0C33991957CE973A]}
08-24 19:11:39.001 13139 13230 W ResourceType: For resource 0x7f14080d, entry index(2061) is beyond type entryCount(1889)
08-24 19:11:39.011 13139 13230 W ResourceType: For resource 0x7f140c67, entry index(3175) is beyond type entryCount(1889)
08-24 19:11:39.041 13632 13632 D [WeatherWidget(1506)]  AutoRefresh: {[F7975E5EB95483D93E2F4873408CA429A2DB232CB55DB9A91FC396D2043F94AC5F6BCBB91F093F19397FEA65D7CE6904]}
08-24 19:11:39.041 13632 13632 D [WeatherWidget(1506)]  AutoRefresh: {[70B75E012B1FDAD246D3AC2B6B55FEFF12CD372C51AD9343E17AD91C211AAE41AFCDF70C5F087FB7968C6CA154B2085E257A3BF3F21D864EAD8A29B93A4C8FA7]}
08-24 19:11:39.041  3350  3350 D ApplicationPackageManager: we has com.sec.android.app.clockpackage class. reuse it 
08-24 19:11:39.051 13632 13632 D [WeatherWidget(1506)]  WeatherDataBroadcast: {[F66E3CA8B365B88F6D0BA25F503D934286D8261D4142B5117156DA6FEEE24266F2404321CE2B53345C319496CD2A44BF]}
08-24 19:11:39.071  2164 13619 I display : [PrimaryDisplay] [DYNAMIC_RECOMP] HWC_2_GLES by low FPS(0)
08-24 19:11:39.071 13632 13632 D [WeatherWidget(1506)]  WeatherService: {[9487F20DCED78CE73EA66807BB270FD3605D01B0742B74A93E80B923BE0F4485]}
08-24 19:11:39.071 13632 13632 D [WeatherWidget(1506)]  : {[3AE6950019B083611567B0F9442DB03E46FB6DE766AD55CE2B94B9E5E5C0C8EB]}
08-24 19:11:39.071 13632 13632 D [WeatherWidget(1506)]  : {[3AE6950019B083611567B0F9442DB03EEB6DD8AEB1035D99544915AA29086EFA9E43ACFC233ADA766DD42A2B4CA0FFDD]}
08-24 19:11:39.101  3350  3350 D Launcher: onStart, Launcher: 11550388
08-24 19:11:39.101  3350  3350 D Launcher.HomeView: onStart
08-24 19:11:39.101  3350  3350 I VerificationLog: onResume
08-24 19:11:39.101  3350  3350 D Launcher: onResume, Launcher: 11550388
08-24 19:11:39.111  2878  2889 D SecContentProvider: query(), uri = 17 selection = isSettingsChangesAllowed
08-24 19:11:39.121  2878  4016 D SecContentProvider: query(), uri = 17 selection = isSettingsChangesAllowed
08-24 19:11:39.121  3350  3350 D Launcher.HomeView: onResume
08-24 19:11:39.141  3350  3350 D capture : ---------checkFileExist 
08-24 19:11:39.141  3350  3350 D capture : ---------checkFileExist land
08-24 19:11:39.151  3350  3350 D MenuAppsGridFragment: onResume
08-24 19:11:39.151  3350  3350 D MenuAppsGridFragment: changeState: (new)NORMAL(old)NORMAL(force)false
08-24 19:11:39.151  3350  3350 I MenuAppsGridFragment: onResume mPendingModelUpdate is true, so we need to load apps
08-24 19:11:39.151  3350  3350 D Launcher.MenuAppsGrid: appModelUpdated:-1
08-24 19:11:39.161  3350  3350 D MenuAppModel: get TopLevelItems:34
08-24 19:11:39.171  2173  2818 D EnterpriseController: netId is 0
08-24 19:11:39.171  2173  2818 D Netd    : getNetworkForDns: using netid 644 for uid 10156
08-24 19:11:39.241  3350 13692 D WallpaperManager: 1280 / 1280 / 0
08-24 19:11:39.271  3350  3350 D MenuAppModel: get TopLevelItems:34
08-24 19:11:39.361  3350  3350 D Launcher.MenuAppsGrid: syncPages end
08-24 19:11:39.421 13632 13632 D [WeatherWidget(1506)]  : {[3AE6950019B083611567B0F9442DB03E0FC9BD2C78306D86D805574ACB15D8AB6D03DD37B747EEAFE90014FC18B9277F]}
08-24 19:11:39.471 13632 13632 D [WeatherWidget(1506)]  : {[3AE6950019B083611567B0F9442DB03E85B8F60BE8355112F1B596ABA62B74F698D02A79B1E9EB3837172597EF065DD575786AA236331886EED619166C67635E88E3759108B746602281F5C07245ECFF]}
08-24 19:11:39.481 13632 13632 D [WeatherWidget(1506)]  : {[3AE6950019B083611567B0F9442DB03E01A33B08ABC8BF83DCC77A9A9876BBEC1BA9F3B5413C111103ADD5C075C16946]}
08-24 19:11:39.481  2173  2818 D EnterpriseController: netId is 0
08-24 19:11:39.481  2173  2818 D Netd    : getNetworkForDns: using netid 644 for uid 10156
08-24 19:11:39.511 13632 13632 D [WeatherWidget(1506)]  : {[A1AF0F6A1A65A89C43D705938923D0FE9D71D1E79F916BF028A9BE05C24DCFF6325489ACDDEBE2E457F72259BC6C2EAA871263984D7CE90F6B6246B65903A36CD313BD8174A6CF584C805CC829DACFE09014BBF1118DA7FD84D1A5B04834829D257057CDB1D57CCDA2CBC394242B071C]}
08-24 19:11:39.521  2180  2675 I audio_hw_primary: do_out_standby +
08-24 19:11:39.521  2878  2950 D InputReader: Input event(1): value=1 when=184001294193000
08-24 19:11:39.521  2878  2950 D InputReader: Input event(1): value=1 when=184001294193000
08-24 19:11:39.521  2878  2950 I InputReader: Touch event's action is 0x0 (deviceType=0) [pCnt=1, s=0.12027 ] when=184001294193000
08-24 19:11:39.521  2878  2950 D InputReader: lastThreadEndTime = 184000017254544, currentThreadStartTime = 184000017258621, diff = 0
08-24 19:11:39.521  2878  2949 I InputDispatcher: Delivering touch to (799): action: 0x0, toolType: 1
08-24 19:11:39.521  2180  2675 D audio_hw_primary: output_devices devices:0
08-24 19:11:39.521  2180  2675 D audio_hw_primary: output_devices devices:0
08-24 19:11:39.521  2180  2675 V audio_hw_primary: select_devices output_scenario:-1 input_scenario:-1 out_snd_device 0x0 in_snd_device:0x0
08-24 19:11:39.521  2180  2675 I audio_route: > audio_route_reset :
08-24 19:11:39.521  2180  2675 I audio_route: > audio_route_update_mixer : +
08-24 19:11:39.521   799   799 D ViewRootImpl: ViewPostImeInputStage processPointer 0
08-24 19:11:39.521  2180  2675 I audio_route: > audio_route_update_mixer : changed(5) -
08-24 19:11:39.521  2180  2675 I audio_hw_primary: select_devices - 
08-24 19:11:39.521  2180  2675 I audio_hw_primary: do_out_standby -
08-24 19:11:39.541   799   799 D PhoneStatusBar: Touch: rawY=0.0 event=MotionEvent { action=ACTION_DOWN, actionButton=0, id[0]=0, x[0]=615.1456, y[0]=0.0, toolType[0]=TOOL_TYPE_FINGER, buttonState=0, metaState=0, flags=0x0, edgeFlags=0x0, pointerCount=1, historySize=0, eventTime=184001294, downTime=184001294, deviceId=1, source=0x1002 } mDisabled1=0 mDisabled2=0 mTracking=false
08-24 19:11:39.541   799   799 D PhoneStatusBar: Touch: rawY=0.0 event=MotionEvent { action=ACTION_DOWN, actionButton=0, id[0]=0, x[0]=615.1456, y[0]=0.0, toolType[0]=TOOL_TYPE_FINGER, buttonState=0, metaState=0, flags=0x0, edgeFlags=0x0, pointerCount=1, historySize=0, eventTime=184001294, downTime=184001294, deviceId=1, source=0x1002 } mDisabled1=0 mDisabled2=0 mTracking=false
08-24 19:11:39.551  3177  3177 W ResourceType: ResTable_typeSpec entry count inconsistent: given 1698, previously 1700
08-24 19:11:39.551  3177  3177 W ResourceType: ResTable_typeSpec entry count inconsistent: given 8217, previously 8596
08-24 19:11:39.551  3177  3177 W ResourceType: ResTable_typeSpec entry count inconsistent: given 1, previously 58
08-24 19:11:39.551  3177  3177 W ResourceType: ResTable_typeSpec entry count inconsistent: given 23014, previously 23103
08-24 19:11:39.591  3350  3350 D Launcher.MenuAppsGrid: updateGridSize:GRID_5x5 cellWidth:136  cellHeight:220
08-24 19:11:39.621  2878  3227 D ActivityManager: post active user change for 0 fullscreen true isFloatingActivity() false isHomeActivity() true
08-24 19:11:39.621  2878  3227 I WallpaperManagerService: switchPersonaWallpaper is called for personaId-0
08-24 19:11:39.621  2878  3227 D KnoxTimeoutHandler: post home show event for user 0
08-24 19:11:39.621  2878  3227 D KnoxTimeoutHandler: postActiveUserChange [MsgParam] userId: 0 fullscreen is true showWhenlocked is false
08-24 19:11:39.651  2878  2878 D WallpaperManagerService:  force update = false; persona id = 0; current user =0; current persona = 0
08-24 19:11:39.661  2878  2878 D KnoxKeyguardDelegate: clear Flag
08-24 19:11:39.661  2878  2878 D KnoxTimeoutHandler: handleHomeShow for 0 and current 0
08-24 19:11:39.661  2878  2878 D KnoxTimeoutHandler: handleActiveUserChange [MsgParam] userId: 0 fullscreen is true showWhenlocked is false
08-24 19:11:39.661  2878  2878 I KnoxTimeoutHandler: Shared devices show user statefalse
08-24 19:11:39.671  5135 13671 I System.out: (HTTPLog)-Static: isSBSettingEnabled false
08-24 19:11:39.671  5135 13671 I System.out: (HTTPLog)-Static: isSBSettingEnabled false
08-24 19:11:39.681  5135 13671 I qtaguid : Tagging socket 150 with tag 4e864ee00000000{82339054,0} uid -1, pid: 5135, getuid(): 10156
08-24 19:11:39.691  5135 13671 I qtaguid : Untagging socket 150
08-24 19:11:39.701  2173  2818 D EnterpriseController: netId is 0
08-24 19:11:39.701  2173  2818 D Netd    : getNetworkForDns: using netid 644 for uid 10156
08-24 19:11:39.711  2878  2950 D InputReader: Input event(1): value=0 when=184001484490000
08-24 19:11:39.711  2878  2950 D InputReader: Input event(1): value=0 when=184001484490000
08-24 19:11:39.711  2878  2950 I InputReader: Touch event's action is 0x1 (deviceType=0) [pCnt=1, s=] when=184001484490000
08-24 19:11:39.711  2878  2949 I InputDispatcher: Delivering touch to (799): action: 0x1, toolType: 1
08-24 19:11:39.731  3350  3350 I Choreographer: Skipped 70 frames!  The application may be doing too much work on its main thread.
08-24 19:11:39.741   799   799 D PhoneStatusBar: Make expanded visible: expanded visible=false
08-24 19:11:39.741   799   799 D StatusBar-Window: fnf=true sanc=false, kni=false, sbf=true
08-24 19:11:39.741   799   799 D CoverUI : applyFocusableFlag() : Remove SAMSUNG_FLAG_SVIEW_COVER
08-24 19:11:39.741   799   799 D StatusBarWindowManager: forceCollapsed : false isKeyguardShowingAndNotOccluded() : false panelVisible : true keyguardFadingAway : false bouncerShowing : false headsUpShowing : false
08-24 19:11:39.741   799   799 D CoverUI : applyHeight h = -1, oc = false, fa = false, ac = false, sc = false
08-24 19:11:39.751  2878  3223 V Vibrator: Called cancel() API - PUID: 1000, PackageName: android
08-24 19:11:39.761  3350  3350 V LauncherAppWidgetHostView: calculateWidgetSize: (target widgetsize)  using w/h 274 174 span 2 1 (widgetid 9) [current Gridsize : GRID_5x5]
08-24 19:11:39.761  3350  3350 D LauncherAppWidgetHostView: calculateWidgetSize() widget = Weather(widget id = 9) result hostview size = 346 x 220
08-24 19:11:39.761  3350  3350 D LauncherAppWidgetHostView: setResizeScaleResult() 346/ 220 scaleToResize = 0.7909091(widget id = 9)
08-24 19:11:39.761  3350  3350 V LauncherAppWidgetHostView: calculateWidgetSize: (target widgetsize)  using w/h 688 174 span 5 1 (widgetid 8) [current Gridsize : GRID_5x5]
08-24 19:11:39.761  3350  3350 D LauncherAppWidgetHostView: calculateWidgetSize() widget = Digital clock(widget id = 8) result hostview size = 869 x 220
08-24 19:11:39.761  3350  3350 D LauncherAppWidgetHostView: setResizeScaleResult() 869/ 220 scaleToResize = 0.7909091(widget id = 8)
08-24 19:11:39.761  3350  3350 V LauncherAppWidgetHostView: calculateWidgetSize: (target widgetsize)  using w/h 688 174 span 5 1 (widgetid 3) [current Gridsize : GRID_5x5]
08-24 19:11:39.761  3350  3350 D LauncherAppWidgetHostView: calculateWidgetSize() widget = Search(widget id = 3) result hostview size = 869 x 220
08-24 19:11:39.761  3350  3350 D LauncherAppWidgetHostView: setResizeScaleResult() 869/ 220 scaleToResize = 0.7909091(widget id = 3)
08-24 19:11:39.761  2878  3223 D EdgeLight: Turning off
08-24 19:11:39.771   799   799 D StatusBar-Window: fnf=false sanc=false, kni=false, sbf=true
08-24 19:11:39.771   799   799 D CoverUI : applyFocusableFlag() : Remove SAMSUNG_FLAG_SVIEW_COVER
08-24 19:11:39.771   799   799 D StatusBarWindowManager: forceCollapsed : false isKeyguardShowingAndNotOccluded() : false panelVisible : true keyguardFadingAway : false bouncerShowing : false headsUpShowing : false
08-24 19:11:39.771   799   799 D CoverUI : applyHeight h = -1, oc = false, fa = false, ac = false, sc = false
08-24 19:11:39.771   799   799 D ViewRootImpl: ViewPostImeInputStage processPointer 1
08-24 19:11:39.771   799   799 D PhoneStatusBar: Touch: rawY=450.64792 event=MotionEvent { action=ACTION_UP, actionButton=0, id[0]=0, x[0]=414.4244, y[0]=450.64792, toolType[0]=TOOL_TYPE_FINGER, buttonState=0, metaState=0, flags=0x0, edgeFlags=0x0, pointerCount=1, historySize=0, eventTime=184001484, downTime=184001294, deviceId=1, source=0x1002 } mDisabled1=0 mDisabled2=0 mTracking=false
08-24 19:11:39.771  2164  2164 I SurfaceFlinger: id=6045 createSurf (720x1280),1 flag=4, MauncherAct
08-24 19:11:39.771  2164  2164 I display : [PrimaryDisplay] [DYNAMIC_RECOMP] first frame after HWC_2_GLES
08-24 19:11:39.771  2164  2164 I display : [PrimaryDisplay] [DYNAMIC_RECOMP] GLES_2_HWC by high FPS(5)
08-24 19:11:39.771  2878  3654 D InputDispatcher: Focus entered window: 3350
08-24 19:11:39.781  2878  2904 D PointerIcon: setMouseIconStyle1 pointerType: 1001 iconType:101 flag:0 pid:2878 uid:1000
08-24 19:11:39.781  2878  2904 D PointerIcon: setMouseCustomIcon IconType is same.101
08-24 19:11:39.791  3350  3528 D libEGL  : eglInitialize EGLDisplay = 0xe07bf7c4
08-24 19:11:39.791   799   799 D NotificationStackScrollLayout:  scroll range should be extended : 708
08-24 19:11:39.791  3350  3528 I OpenGLRenderer: Initialized EGL, version 1.4
08-24 19:11:39.791  5135 13671 I qtaguid : Tagging socket 150 with tag 4e864ee00000000{82339054,0} uid -1, pid: 5135, getuid(): 10156
08-24 19:11:39.811  2878  3227 D InputDispatcher: Focus left window: 3350
08-24 19:11:39.811  2878  3227 D InputDispatcher: Focus entered window: 799
08-24 19:11:39.811  2878  2904 D PointerIcon: setMouseIconStyle1 pointerType: 1001 iconType:101 flag:0 pid:2878 uid:1000
08-24 19:11:39.811  2878  2904 D PointerIcon: setMouseCustomIcon IconType is same.101
08-24 19:11:39.811  3350  3528 D mali_winsys: new_window_surface returns 0x3000,  [720x1280]-format:1
08-24 19:11:39.821  2164  3520 D libEGL  : eglTerminate EGLDisplay = 0xf3900624
08-24 19:11:39.821  2164  3520 D libEGL  : eglTerminate EGLDisplay = 0xf3900624
08-24 19:11:39.821   799   950 D mali_winsys: new_window_surface returns 0x3000,  [720x1280]-format:1
08-24 19:11:39.821   799   799 D KeyguardEffectViewController: onLayoutChange() v: com.android.keyguard.effect.EffectBehindView{b3d1524 I.E...... ......ID 0,0-720,1280 #7f0e0359 app:id/keyguard_effect_behind}, bottom : 1280, oldBottom : 48
08-24 19:11:39.821   799   799 D KeyguardEffectViewController: mShowing=false, mOccluded=false, mKeyguardFadingAway=false, match_parent=true
08-24 19:11:39.821   799   799 D NotificationStackScrollLayout:  scroll range should be extended : 708
08-24 19:11:39.821   799   799 D StatusBar.BrightnessController: setListening  = true
08-24 19:11:39.821   799   799 D NotificationStackScrollLayout:  scroll range should be extended : 708
08-24 19:11:39.851   799   799 D PhoneStatusBar: setSystemUiVisibility vis=8600 mask=ffffffff oldVal=a700 newVal=8600 diff=2100
08-24 19:11:39.891  3177  3177 W ResourceType: ResTable_typeSpec entry count inconsistent: given 8440, previously 8596
08-24 19:11:39.891  2164  2164 D libEGL  : eglInitialize EGLDisplay = 0xffdb91ec
08-24 19:11:39.891  2164  2164 D libEGL  : eglTerminate EGLDisplay = 0xffdb924c
08-24 19:11:39.891  3177  3177 W ResourceType: ResTable_typeSpec entry count inconsistent: given 1268, previously 3421
08-24 19:11:39.891  3177  3177 W ResourceType: ResTable_typeSpec entry count inconsistent: given 204, previously 1131
08-24 19:11:39.911  2164  2164 D libEGL  : eglInitialize EGLDisplay = 0xffdb91ec
08-24 19:11:39.921  2164  2164 D libEGL  : eglInitialize EGLDisplay = 0xffdb91ec
08-24 19:11:39.941 13632 13643 W art     : Suspending all threads took: 20.701ms
08-24 19:11:39.941  5135 13671 I qtaguid : Tagging socket 315 with tag 4e864ee00000000{82339054,0} uid -1, pid: 5135, getuid(): 10156
08-24 19:11:39.951  2878  5322 V WindowStateAnimator: Finishing drawing window Window{93a7a9d u0 d0 p3350 com.sec.android.app.launcher/com.sec.android.app.launcher.activities.LauncherActivity}: mDrawState=DRAW_PENDING
08-24 19:11:39.951  2878  3227 D PackageManager: getComponentMetadataForIconTray : com.ss.android.lark.main.app.MainActivity does not exist in mServices
08-24 19:11:39.951  2878  3227 D PackageManager: getComponentMetadataForIconTray : com.ss.android.lark.main.app.MainActivity does not exist in mProviders
08-24 19:11:39.951  2878  3227 D PackageManager: getComponentMetadataForIconTray : com.ss.android.lark.main.app.MainActivity does not exist in mReceivers
08-24 19:11:39.961  2164  2164 D libEGL  : eglInitialize EGLDisplay = 0xffdb91ec
08-24 19:11:39.971  2878  2904 D KnoxTimeoutHandler: notifyActivityDrawn [MsgParam] userId: 0 fullscreen is true showWhenlocked is false
08-24 19:11:39.971  2878  2878 D KnoxTimeoutHandler: activityDrawn [MsgParam] userId: 0 fullscreen is true showWhenlocked is false
08-24 19:11:39.971  2878  2878 I KnoxTimeoutHandler: SD activityfalse
08-24 19:11:39.971  2878  2878 I KnoxTimeoutHandler: Fullscreen and mCurrent is not KNOX user. Hence hide keyguard
08-24 19:11:39.981   799   799 D WallpaperService: updateSurface
08-24 19:11:39.991  2164  4174 D libEGL  : eglTerminate EGLDisplay = 0xf3801624
08-24 19:11:39.991  2164  4174 D libEGL  : eglTerminate EGLDisplay = 0xf3801624
08-24 19:11:40.001  2878  5326 D InputMethodManagerService: windowGainedFocus mCurrentFocusedUserId - 0 and mSecureKeypadEnabled-false
08-24 19:11:40.011  3177  3177 I ApplicationPackageManager: load=com.larksuite.suite, bg=96-96, dr=96-96
08-24 19:11:40.071  3177  3177 I ApplicationPackageManager: scaled rate=0.87999994, size=96, alpha=0, hold=26, target=96
08-24 19:11:40.071  4178  4178 D SamsungIME: IMPL finishInput
08-24 19:11:40.071  2164  2164 D libEGL  : eglInitialize EGLDisplay = 0xffdb91ec
08-24 19:11:40.081  3350  3350 I Timeline: Timeline: Activity_idle id: android.os.BinderProxy@7ac0f95 time:184001853
08-24 19:11:40.081  4178  4178 D SamsungIME: onStartInput: No inputType, No imeOption, isInputViewShown = false, isExtractViewShown = false, isShowInputRequested = false, isConfigChanged = false
08-24 19:11:40.241  5135 13671 I qtaguid : Untagging socket 150
08-24 19:11:40.291  2164  3520 I SurfaceFlinger: id=6043 Removed NainActivit (6/8)
08-24 19:11:40.291  2164  2237 I SurfaceFlinger: id=6043 Removed NainActivit (-2/8)
08-24 19:11:40.311  2164  2164 D libEGL  : eglTerminate EGLDisplay = 0xffdb9264
08-24 19:11:40.371  2878  2904 I Timeline: Timeline: Activity_windows_visible id: ActivityRecord{ac5ad9f u0 com.sec.android.app.launcher/.activities.LauncherActivity t1} time:184002140
08-24 19:11:40.371  2878  2898 D ActivityTrigger: ActivityTrigger activityStopTrigger 
08-24 19:11:40.381  2878  2904 D KnoxTimeoutHandler: notifyActivityDrawn [MsgParam] userId: 0 fullscreen is true showWhenlocked is false
08-24 19:11:40.381  2878  2878 D KnoxTimeoutHandler: activityDrawn [MsgParam] userId: 0 fullscreen is true showWhenlocked is false
08-24 19:11:40.381  2878  2878 I KnoxTimeoutHandler: SD activityfalse
08-24 19:11:40.381  2878  2878 I KnoxTimeoutHandler: Fullscreen and mCurrent is not KNOX user. Hence hide keyguard
08-24 19:11:40.391 13632 13632 D [WeatherWidget(1506)]  WeatherService: {[EC3334F14841398C8B464A72D0E61AB74A267E637A4D260B520D6973AB10520B121A0737BF33FD7DEC41F2E392135ADC]}
08-24 19:11:40.411  2173  2818 D EnterpriseController: netId is 0
08-24 19:11:40.411  2173  2818 D Netd    : getNetworkForDns: using netid 644 for uid 10156
08-24 19:11:40.491 13632 13632 D [WeatherWidget(1506)]  RoamingUtil: {[3BC8B67301574F0494981794EA000C6B27EAA7CA86F60AAF04B11BF9C794A8DD]}
08-24 19:11:40.521 13632 13632 D [WeatherWidget(1506)]  WeatherService: {[EC3334F14841398C8B464A72D0E61AB789FFB2EA4C6E3FCFD4CD07CCB18824DAF484FE09A10B1867573813305F9D14F1]}
08-24 19:11:40.541 13709 13709 E Zygote  : v2
08-24 19:11:40.541 13703 13703 E Zygote  : v2
08-24 19:11:40.541 13709 13709 W SELinux : Function: selinux_compare_spd_ram, index[1], priority [2], priority version is VE=SEPF_SECMOBILE_6.0.1_0035
08-24 19:11:40.541 13703 13703 W SELinux : Function: selinux_compare_spd_ram, index[1], priority [2], priority version is VE=SEPF_SECMOBILE_6.0.1_0035
08-24 19:11:40.541 13709 13709 E Zygote  : accessInfo : 0
08-24 19:11:40.541 13703 13703 E Zygote  : accessInfo : 0
08-24 19:11:40.541 13709 13709 W SELinux : SELinux: seapp_context_lookup: seinfo=chrome, level=s0:c512,c768, pkgname=com.android.chrome 
08-24 19:11:40.541 13703 13703 W SELinux : SELinux: seapp_context_lookup: seinfo=default, level=s0:c512,c768, pkgname=com.larksuite.suite:miniapp1 
08-24 19:11:40.751  2878  2950 D InputReader: Input event(1): value=1 when=184002527388000
08-24 19:11:40.751  2878  2950 D InputReader: Input event(1): value=1 when=184002527388000
08-24 19:11:40.751  2878  2950 I InputReader: Touch event's action is 0x0 (deviceType=0) [pCnt=1, s=0.12028 ] when=184002527388000
08-24 19:11:40.751  2878  2950 D InputReader: lastThreadEndTime = 184001484741850, currentThreadStartTime = 184001484747389, diff = 0
08-24 19:11:40.751  2878  2949 I InputDispatcher: Delivering touch to (799): action: 0x0, toolType: 1
08-24 19:11:40.771  2164 13619 I display : [PrimaryDisplay] [DYNAMIC_RECOMP] HWC_2_GLES by low FPS(0)
08-24 19:11:40.771   799   799 D ViewRootImpl: ViewPostImeInputStage processPointer 0
08-24 19:11:40.781  2878  2948 D SecContentProvider: query(), uri = 17 selection = isStatusBarExpansionallowedAsUser
08-24 19:11:40.791  2878  3105 D PackageManager: setEnabledSetting : userId = 0 packageName = com.google.android.gms cmp = com.google.android.gms.nearby.mediums.nearfieldcommunication.NfcAdvertisingService newState = 1 callingPackage = 10008
08-24 19:11:40.821 13709 13709 D TimaKeyStoreProvider: TimaSignature is unavailable
08-24 19:11:40.821 13709 13709 D ActivityThread: Added TimaKeyStore provider
08-24 19:11:40.821 13703 13703 D TimaKeyStoreProvider: TimaSignature is unavailable
08-24 19:11:40.821 13703 13703 D ActivityThread: Added TimaKeyStore provider
08-24 19:11:40.851  5135  5205 E ServiceScheduleManager: Enter loop()!!! is sync = 
08-24 19:11:40.881  2878  2950 D InputReader: Input event(1): value=0 when=184002657497000
08-24 19:11:40.881  2878  2950 D InputReader: Input event(1): value=0 when=184002657497000
08-24 19:11:40.881  2878  2950 I InputReader: Touch event's action is 0x1 (deviceType=0) [pCnt=1, s=] when=184002657497000
08-24 19:11:40.881  2878  2949 I InputDispatcher: Delivering touch to (799): action: 0x1, toolType: 1
08-24 19:11:40.881   799   799 D ViewRootImpl: ViewPostImeInputStage processPointer 1
08-24 19:11:40.911   799   799 D PhoneStatusBar: startActivityDismissingKeyguard Send intent for dismiss clipboard dialog inside phonestatusbar() !
08-24 19:11:40.921   799   844 D vol.VolumeDialogControl: onReceive ACTION_CLOSE_SYSTEM_DIALOGS
08-24 19:11:40.921  2878  2878 D GlobalActions: mBroadcastReceiver : onReceive : android.intent.action.CLOSE_SYSTEM_DIALOGS
08-24 19:11:40.921  2878  2878 D GlobalActions: mBroadcastReceiver : onReceive : sendEmptyMessage(MESSAGE_DISMISS) reason #1
08-24 19:11:40.921  2164  2164 I display : [PrimaryDisplay] [DYNAMIC_RECOMP] first frame after HWC_2_GLES
08-24 19:11:40.921  2164  2164 I display : [PrimaryDisplay] [DYNAMIC_RECOMP] GLES_2_HWC by high FPS(5)
08-24 19:11:40.931   799   799 D PhoneStatusBar: animateCollapsePanels, state: 0, QSexpanded: false, QSdetailsShowing: false
08-24 19:11:40.931   799   799 D PhoneStatusBar: animateCollapse(): mExpandedVisible=true flags=2
08-24 19:11:40.931   799   799 D StatusBar-Window: fnf=true sanc=false, kni=false, sbf=false
08-24 19:11:40.931   799   799 D CoverUI : applyFocusableFlag() : Remove SAMSUNG_FLAG_SVIEW_COVER
08-24 19:11:40.931   799   799 D StatusBarWindowManager: forceCollapsed : false isKeyguardShowingAndNotOccluded() : false panelVisible : true keyguardFadingAway : false bouncerShowing : false headsUpShowing : false
08-24 19:11:40.931   799   799 D CoverUI : applyHeight h = -1, oc = false, fa = false, ac = false, sc = false
08-24 19:11:40.971  2878  2888 D InputDispatcher: Focus left window: 799
08-24 19:11:40.971  2878  2888 D InputDispatcher: Focus entered window: 3350
08-24 19:11:40.971  2878  2904 D PointerIcon: setMouseIconStyle1 pointerType: 1001 iconType:101 flag:0 pid:2878 uid:1000
08-24 19:11:40.971  2878  2904 D PointerIcon: setMouseCustomIcon IconType is same.101
08-24 19:11:40.971   799   799 D vol.SecVolumeDialog: dismissH reason: 2
08-24 19:11:40.971   799   799 D vol.SecVolumeDialog: dismissH : false
08-24 19:11:40.971   799   799 D ToggleSlider: onReceive : android.intent.action.CLOSE_SYSTEM_DIALOGS
08-24 19:11:40.971   799   799 D ToggleSlider: onReceive : android.intent.action.CLOSE_SYSTEM_DIALOGS
08-24 19:11:40.971   799   799 D ToggleSlider: onReceive : android.intent.action.CLOSE_SYSTEM_DIALOGS
08-24 19:11:40.981   799   799 D LocationTile: onReceive : android.intent.action.CLOSE_SYSTEM_DIALOGS
08-24 19:11:40.981   799   799 D MobileDataTile: action:android.intent.action.CLOSE_SYSTEM_DIALOGS
08-24 19:11:40.981   799   799 D AirplaneModeTile: onReceive : android.intent.action.CLOSE_SYSTEM_DIALOGS
08-24 19:11:40.981   799   799 D HotspotTile: onReceive : android.intent.action.CLOSE_SYSTEM_DIALOGS
08-24 19:11:40.981   799   799 D PhoneStatusBar: animateCollapsePanels, state: 0, QSexpanded: false, QSdetailsShowing: false
08-24 19:11:40.981   799   799 D PhoneStatusBar: animateCollapse(): mExpandedVisible=true flags=0
08-24 19:11:40.981   799   799 D StatusBar-Window: fnf=true sanc=false, kni=false, sbf=false
08-24 19:11:40.981   799   799 D CoverUI : applyFocusableFlag() : Remove SAMSUNG_FLAG_SVIEW_COVER
08-24 19:11:40.981   799   799 D StatusBarWindowManager: forceCollapsed : false isKeyguardShowingAndNotOccluded() : false panelVisible : true keyguardFadingAway : false bouncerShowing : false headsUpShowing : false
08-24 19:11:40.981   799   799 D CoverUI : applyHeight h = -1, oc = false, fa = false, ac = false, sc = false
08-24 19:11:40.981  2878  2889 D InputMethodManagerService: windowGainedFocus mCurrentFocusedUserId - 0 and mSecureKeypadEnabled-false
08-24 19:11:41.001   799   960 V PhoneStatusBar: start activity dismissing keyguard
08-24 19:11:41.481 13703 13703 W ResourceType: ResTable_typeSpec entry count inconsistent: given 1698, previously 1700
08-24 19:11:41.481 13703 13703 W ResourceType: ResTable_typeSpec entry count inconsistent: given 8217, previously 8596
08-24 19:11:41.481 13703 13703 W ResourceType: ResTable_typeSpec entry count inconsistent: given 1, previously 58
08-24 19:11:41.481 13703 13703 W ResourceType: ResTable_typeSpec entry count inconsistent: given 23014, previously 23103
08-24 19:11:41.491 13703 13703 W ResourceType: ResTable_typeSpec entry count inconsistent: given 8440, previously 8596
08-24 19:11:41.491 13703 13703 W ResourceType: ResTable_typeSpec entry count inconsistent: given 1268, previously 3421
08-24 19:11:41.491 13703 13703 W ResourceType: ResTable_typeSpec entry count inconsistent: given 204, previously 1131
08-24 19:11:41.511  2878  5326 D ActivityTrigger: ActivityTrigger activityPauseTrigger 
08-24 19:11:41.521  3350  3350 D Launcher: onPause, Launcher: 11550388
08-24 19:11:41.521  3350  3350 D Launcher.HomeView: onPause
08-24 19:11:41.521  2878  5326 D InputDispatcher: Focused application set to: xxxx
08-24 19:11:41.521  2878  5326 D InputDispatcher: Focus left window: 3350
08-24 19:11:41.521  3350  3350 D Launcher.Workspace: exitWidgetResizeMode. isClearResizeFrame is false
08-24 19:11:41.521   799   799 I Choreographer: Skipped 31 frames!  The application may be doing too much work on its main thread.
08-24 19:11:41.521   799   799 D PanelView: mShouldContainerFixed = false
08-24 19:11:41.531 13738 13738 E Zygote  : v2
08-24 19:11:41.721  2878  2904 D ViewRootImpl: #1 mView = com.android.internal.policy.PhoneWindow$DecorView{8b4b364 V.E...... R.....ID 0,0-0,0}
08-24 19:11:41.741  2878  2904 D PointerIcon: setMouseIconStyle1 pointerType: 1001 iconType:101 flag:0 pid:2878 uid:1000
08-24 19:11:41.741  2878  2904 D PointerIcon: setMouseCustomIcon IconType is same.101
08-24 19:11:41.771  2164  2164 I SurfaceFlinger: id=6046 createSurf (1x1),1 flag=404, tettings
08-24 19:11:41.781 13738 13738 W SELinux : Function: selinux_compare_spd_ram, index[1], priority [2], priority version is VE=SEPF_SECMOBILE_6.0.1_0035
08-24 19:11:41.781 13738 13738 E Zygote  : accessInfo : 0
08-24 19:11:41.791  2878  2904 D ViewRootImpl: MSG_RESIZED_REPORT: ci=Rect(0, 48 - 0, 0) vi=Rect(0, 48 - 0, 0) or=1
08-24 19:11:41.801  2878  2904 V WindowStateAnimator: Finishing drawing window Window{72bd282 u0 d0 p2878 Starting com.android.settings}: mDrawState=DRAW_PENDING
08-24 19:11:41.811  2164  2164 D libEGL  : eglInitialize EGLDisplay = 0xffdb91ec
08-24 19:11:41.921 13738 13738 D TimaKeyStoreProvider: TimaSignature is unavailable
08-24 19:11:41.921 13738 13738 D ActivityThread: Added TimaKeyStore provider
08-24 19:11:41.921  2694  2740 I NearbyMediums: BluetoothAdapter's name was not set by Nearby Connections, ignoring call to restore default scan mode. [CONTEXT service_id=54 ]
08-24 19:11:41.921  2694  2740 I NearbyMediums: BluetoothAdapter's name was not set by Nearby Connections, ignoring call to restore device name [CONTEXT service_id=54 ]
08-24 19:11:41.941   799   799 D StatusBar-Window: fnf=true sanc=false, kni=false, sbf=false
08-24 19:11:41.941   799   799 D CoverUI : applyFocusableFlag() : Remove SAMSUNG_FLAG_SVIEW_COVER
08-24 19:11:41.941   799   799 D StatusBarWindowManager: forceCollapsed : false isKeyguardShowingAndNotOccluded() : false panelVisible : true keyguardFadingAway : false bouncerShowing : false headsUpShowing : false
08-24 19:11:41.941   799   799 D CoverUI : applyHeight h = -1, oc = false, fa = false, ac = false, sc = false
08-24 19:11:41.971  2164  2235 D libEGL  : eglTerminate EGLDisplay = 0xf6fc1624
08-24 19:11:41.981   799   799 D StatusBar.BrightnessController: setListening  = false
08-24 19:11:41.981   799   799 D PhoneStatusBar: makeExpandedInvisible: mExpandedVisible=true, state = 0
08-24 19:11:41.981   799   799 D PanelView: updateQsState
08-24 19:11:41.981   799   799 D KeyguardSwipeHelper: reset()
08-24 19:11:41.981   799   799 D KeyguardUnlockEventHandler: reset()
08-24 19:11:41.981   799   799 D KeyguardSwipeHelper: resetChildViewVI()
08-24 19:11:41.991   799   799 D StatusBar-Window: fnf=true sanc=false, kni=false, sbf=false
08-24 19:11:41.991   799   799 D CoverUI : applyFocusableFlag() : Remove SAMSUNG_FLAG_SVIEW_COVER
08-24 19:11:41.991   799   799 D StatusBarWindowManager: forceCollapsed : false isKeyguardShowingAndNotOccluded() : false panelVisible : false keyguardFadingAway : false bouncerShowing : false headsUpShowing : false
08-24 19:11:41.991   799   799 D CoverUI : applyHeight h = 48, oc = false, fa = false, ac = false, sc = false
08-24 19:11:41.991   799   799 D StatusBar-Window: fnf=true sanc=false, kni=false, sbf=false
08-24 19:11:41.991   799   799 D CoverUI : applyFocusableFlag() : Remove SAMSUNG_FLAG_SVIEW_COVER
08-24 19:11:41.991   799   799 D StatusBarWindowManager: forceCollapsed : false isKeyguardShowingAndNotOccluded() : false panelVisible : false keyguardFadingAway : false bouncerShowing : false headsUpShowing : false
08-24 19:11:41.991   799   799 D CoverUI : applyHeight h = 48, oc = false, fa = false, ac = false, sc = false
08-24 19:11:42.021  2164  3520 D libEGL  : eglTerminate EGLDisplay = 0xf3900624
08-24 19:11:42.021  2164  3520 D libEGL  : eglTerminate EGLDisplay = 0xf3900624
08-24 19:11:42.021   799   950 D mali_winsys: new_window_surface returns 0x3000,  [720x48]-format:1
08-24 19:11:42.031   799   799 D KeyguardEffectViewController: onLayoutChange() v: com.android.keyguard.effect.EffectBehindView{b3d1524 I.E...... ......ID 0,0-720,48 #7f0e0359 app:id/keyguard_effect_behind}, bottom : 48, oldBottom : 1280
08-24 19:11:42.031   799   799 D KeyguardEffectViewController: mShowing=false, mOccluded=false, mKeyguardFadingAway=false, match_parent=false
08-24 19:11:42.041  2164  2164 D libEGL  : eglInitialize EGLDisplay = 0xffdb91ec
08-24 19:11:42.041  2164  2164 D libEGL  : eglTerminate EGLDisplay = 0xffdb924c
08-24 19:11:42.061  2164  2164 D libEGL  : eglInitialize EGLDisplay = 0xffdb91ec
08-24 19:11:42.151 13738 13738 W System  : ClassLoader referenced unknown path: /system/priv-app/SecSettings2/lib/arm
08-24 19:11:42.201   799   799 D NotificationStackScrollLayout:  scroll range should be extended : 708
08-24 19:11:42.211 13709 13709 W art     : Verification of void org.chromium.chrome.browser.base.SplitChromeApplication.attachBaseContext(android.content.Context) took 192.855ms
08-24 19:11:42.211  5135  5265 W SQLiteConnectionPool: The connection pool for database '+data+user+0+com_larksuite_suite+databases+bd_tea_agent_db' has been unable to grant a connection to thread 63109 (bd_tracker_n) with flags 0x2 for 4.0 seconds.
08-24 19:11:42.211  5135  5265 W SQLiteConnectionPool: Connections: 1 active, 0 idle, 0 available.
08-24 19:11:42.211  5135  5265 W SQLiteConnectionPool: 
08-24 19:11:42.211  5135  5265 W SQLiteConnectionPool: Requests in progress:
08-24 19:11:42.211  5135  5265 W SQLiteConnectionPool:   execute started 5341ms ago - running, sql="COMMIT;"
08-24 19:11:42.221   799   799 D NotificationStackScrollLayout:  scroll range should be extended : 708
08-24 19:11:42.251   799   799 D NotificationStackScrollLayout:  scroll range should be extended : 708
08-24 19:11:42.281  2164  2164 D libEGL  : eglInitialize EGLDisplay = 0xffdb91ec
08-24 19:11:42.291 13709 13709 I cr_SplitCompatApp: Launched version=92.0.4515.131 minSdkVersion=21 isBundle=true processName=com.android.chrome isIsolated=false
08-24 19:11:42.331  2164  3520 I SurfaceFlinger: id=6045 Removed MauncherAct (2/8)
08-24 19:11:42.331  2164  3519 I SurfaceFlinger: id=6045 Removed MauncherAct (-2/8)
08-24 19:11:42.341  2164  2164 D libEGL  : eglTerminate EGLDisplay = 0xffdb9264
08-24 19:11:42.671  2164 13619 I display : [PrimaryDisplay] [DYNAMIC_RECOMP] HWC_2_GLES by low FPS(0)
08-24 19:11:42.781 13738 13738 D SFinderConnectProvider: onCreate
08-24 19:11:42.851  5135  5205 E ServiceScheduleManager: Enter loop()!!! is sync = 
08-24 19:11:42.931  2173  2818 D EnterpriseController: netId is 0
08-24 19:11:42.931  2173  2818 D Netd    : getNetworkForDns: using netid 644 for uid 10156
08-24 19:11:42.981 13703 13725 I art     : Background sticky concurrent mark sweep GC freed 8231(419KB) AllocSpace objects, 0(0B) LOS objects, 0% free, 5MB/5MB, paused 1.619ms total 435.707ms
08-24 19:11:42.981  2878  2887 I art     : Background partial concurrent mark sweep GC freed 84204(6MB) AllocSpace objects, 20(908KB) LOS objects, 25% free, 47MB/63MB, paused 3.568ms total 480.329ms
08-24 19:11:43.061 13703 13703 D CoreThreadPool: reflectAsyncTaskPool before:java.util.concurrent.ThreadPoolExecutor@dd18e31[Running, pool size = 0, active threads = 0, queued tasks = 0, completed tasks = 0]
08-24 19:11:43.061 13703 13703 D CoreThreadPool: reflectAsyncTaskPool after:com.larksuite.framework.thread.c@672a916[Running, pool size = 0, active threads = 0, queued tasks = 0, completed tasks = 0]
08-24 19:11:43.191 13703 13703 W System.err: java.lang.NullPointerException: Attempt to invoke virtual method 'java.lang.Class java.lang.Object.getClass()' on a null object reference
08-24 19:11:43.251 13703 13703 W System.err: 	at com.larksuite.framework.utils.ae.d(SourceFile:17104956)
08-24 19:11:43.251 13703 13703 W System.err: 	at com.larksuite.framework.utils.ae.a(SourceFile:17104960)
08-24 19:11:43.251 13703 13703 W System.err: 	at com.ss.android.lark.utils.ad.g(SourceFile:17104953)
08-24 19:11:43.251 13703 13703 W System.err: 	at com.ss.android.lark.app.LarkApplication.a(SourceFile:17170511)
08-24 19:11:43.251 13703 13703 W System.err: 	at com.ss.android.lark.app.LarkApplication.a(SourceFile:33882164)
08-24 19:11:43.251 13703 13703 W System.err: 	at com.ss.android.lark.app.LarkApplication.attachBaseContext(SourceFile)
08-24 19:11:43.251 13703 13703 W System.err: 	at android.app.Application.attach(Application.java:211)
08-24 19:11:43.251 13703 13703 W System.err: 	at android.app.Instrumentation.newApplication(Instrumentation.java:1021)
08-24 19:11:43.251 13703 13703 W System.err: 	at android.app.Instrumentation.newApplication(Instrumentation.java:1005)
08-24 19:11:43.251 13703 13703 W System.err: 	at android.app.LoadedApk.makeApplication(LoadedApk.java:670)
08-24 19:11:43.251 13703 13703 W System.err: 	at android.app.ActivityThread.handleBindApplication(ActivityThread.java:6395)
08-24 19:11:43.251 13703 13703 W System.err: 	at android.app.ActivityThread.access$1800(ActivityThread.java:229)
08-24 19:11:43.251 13703 13703 W System.err: 	at android.app.ActivityThread$H.handleMessage(ActivityThread.java:1887)
08-24 19:11:43.251 13703 13703 W System.err: 	at android.os.Handler.dispatchMessage(Handler.java:102)
08-24 19:11:43.251 13703 13703 W System.err: 	at android.os.Looper.loop(Looper.java:148)
08-24 19:11:43.251 13703 13703 W System.err: 	at android.app.ActivityThread.main(ActivityThread.java:7325)
08-24 19:11:43.251 13703 13703 W System.err: 	at java.lang.reflect.Method.invoke(Native Method)
08-24 19:11:43.251 13703 13703 W System.err: 	at com.android.internal.os.ZygoteInit$MethodAndArgsCaller.run(ZygoteInit.java:1230)
08-24 19:11:43.251 13703 13703 W System.err: 	at com.android.internal.os.ZygoteInit.main(ZygoteInit.java:1120)
08-24 19:11:43.361  5135  5145 W art     : Suspending all threads took: 474.929ms
08-24 19:11:43.441  5135  5145 I art     : Background sticky concurrent mark sweep GC freed 213840(12MB) AllocSpace objects, 301(6MB) LOS objects, 15% free, 76MB/89MB, paused 487.174ms total 1.718s
08-24 19:11:43.771 13494 13504 W art     : Suspending all threads took: 10.564ms
08-24 19:11:43.951 13709 13754 I art     : Rejecting re-init on previously-failed class java.lang.Class<Fn1>
08-24 19:11:43.951 13709 13754 I art     : Rejecting re-init on previously-failed class java.lang.Class<Fn1>
08-24 19:11:43.951 13709 13754 I art     : Rejecting re-init on previously-failed class java.lang.Class<Fn1>
08-24 19:11:43.951  2694  4518 I FontLog : Received query Google Sans, URI content://com.google.android.gms.fonts [CONTEXT service_id=132 ]
08-24 19:11:43.961  2694  4518 I FontLog : Query [Google Sans] resolved to {Google Sans, wdth 100.0, wght 400, ital 0.0, bestEffort false} [CONTEXT service_id=132 ]
08-24 19:11:43.991  2694  4518 I FontLog : Font PFD returned from cache for {Google Sans, wdth 100.0, wght 400, ital 0.0, bestEffort false} [CONTEXT service_id=132 ]
08-24 19:11:43.991  2694  4518 I FontLog : Fetch {Google Sans, wdth 100.0, wght 400, ital 0.0, bestEffort false} end status Status{statusCode=SUCCESS, resolution=null} [CONTEXT service_id=132 ]
08-24 19:11:44.011 13494 13502 W SQLiteConnectionPool: A SQLiteConnection object for database '+data+user+0+com_facebook_katana+databases+IdleProfiler_db' was leaked!  Please fix your application to end transactions in progress properly and to close the database when it is no longer needed.
08-24 19:11:44.061 12998 12998 D Badge::BadgeCountReceiver: badge intent : Intent { act=android.intent.action.BADGE_COUNT_UPDATE flg=0x10 cmp=com.sec.android.provider.badge/.BadgeCountReceiver bqHint=4 (has extras) }
08-24 19:11:44.061 12998 12998 D Badge::BadgeCountReceiver: packageName: com.larksuite.suite, className: com.ss.android.lark.main.app.MainActivity, count: 4
08-24 19:11:44.071  2694  4517 I FontLog : Pulling font file for id = 66, cache size = 5 [CONTEXT service_id=132 ]
08-24 19:11:44.071 12998 12998 D MethodReflector: notifyChange is called
08-24 19:11:44.081 12998 12998 D BadgeProvider: sendNotify entered. [uri] : content://com.sec.badge/apps
08-24 19:11:44.081 12998 12998 D BadgeProvider: sendNotify, [notify] : null
08-24 19:11:44.081 12998 12998 D BadgeProvider: update, getCallingPackage() : com.sec.android.provider.badge
08-24 19:11:44.081 12998 12998 D BadgeProvider: update, [uri] : content://com.sec.badge/apps
08-24 19:11:44.081 12998 12998 D BadgeProvider: update, [uri.query] : null
08-24 19:11:44.081 12998 12998 D BadgeProvider: update, [BadgeCount] : badgecount=4
08-24 19:11:44.081 12998 12998 D BadgeProvider: update, [UpdateCount] : 1
08-24 19:11:44.081  3350  3350 D Launcher.Model: reloadBadges entered.
08-24 19:11:44.081  3350  3350 D Launcher.Model: reloadBadges entered.
08-24 19:11:44.101 12998 13012 D BadgeProvider: query, [selection] : null
08-24 19:11:44.111  3350  3454 D BadgeCache: 1. updateBadgeCounts: com.samsung.android.email.provider = 0
08-24 19:11:44.121  3350  3454 D BadgeCache: 1. updateBadgeCounts: com.android.mms = 0
08-24 19:11:44.121  3350  3454 D BadgeCache: 1. updateBadgeCounts: com.sec.android.app.samsungapps = 0
08-24 19:11:44.121  3350  3454 D BadgeCache: 1. updateBadgeCounts: com.android.settings = 0
08-24 19:11:44.121  3350  3454 D BadgeCache: 1. updateBadgeCounts: com.android.settings = 0
08-24 19:11:44.121  3350  3454 D BadgeCache: 1. updateBadgeCounts: com.android.vending = 0
08-24 19:11:44.121  3350  3454 D BadgeCache: 1. updateBadgeCounts: com.samsung.android.sm = 0
08-24 19:11:44.121  3350  3454 D BadgeCache: 1. updateBadgeCounts: com.mygalaxy = 4
08-24 19:11:44.121  3350  3454 D BadgeCache: 2. updateBadgeCounts: com.mygalaxy/.SplashScreenActivity = 4
08-24 19:11:44.121  3350  3454 D BadgeCache: 1. updateBadgeCounts: com.sec.android.easyMover = 0
08-24 19:11:44.121  3350  3454 D BadgeCache: 1. updateBadgeCounts: com.larksuite.suite = 4
