08-24 19:12:41.491 13139 13230 W ResourceType: For resource 0x7f1505e3, entry index(1507) is beyond type entryCount(427)
08-24 19:12:41.491 13139 13230 W ResourceType: For resource 0x7f15086d, entry index(2157) is beyond type entryCount(427)
08-24 19:12:41.491 13139 13230 W ResourceType: For resource 0x7f15086c, entry index(2156) is beyond type entryCount(427)
08-24 19:12:41.491 13139 13230 W ResourceType: For resource 0x7f080a98, entry index(2712) is beyond type entryCount(1440)
08-24 19:12:41.491 13139 13230 D TextView: setTypeface with style : 0
08-24 19:12:41.491 13139 13230 D TextView: setTypeface with style : 0
08-24 19:12:41.491 13139 13230 W ResourceType: For resource 0x7f08069b, entry index(1691) is beyond type entryCount(1440)
08-24 19:12:41.491 13139 13230 W ResourceType: For resource 0x7f08069b, entry index(1691) is beyond type entryCount(1440)
08-24 19:12:41.501 13139 13230 W ResourceType: For resource 0x7f14080d, entry index(2061) is beyond type entryCount(1889)
08-24 19:12:41.721 13139 13230 W ResourceType: For resource 0x7f14117f, entry index(4479) is beyond type entryCount(1889)
08-24 19:12:41.731 13139 13230 W ResourceType: For resource 0x7f140caf, entry index(3247) is beyond type entryCount(1889)
08-24 19:12:41.731 13139 13230 W ResourceType: For resource 0x7f140cae, entry index(3246) is beyond type entryCount(1889)
08-24 19:12:41.731 13139 13230 W ResourceType: For resource 0x7f140cb6, entry index(3254) is beyond type entryCount(1889)
08-24 19:12:41.741 13139 13230 W ResourceType: For resource 0x7f140fad, entry index(4013) is beyond type entryCount(1889)
08-24 19:12:41.741 13139 13230 W ResourceType: For resource 0x7f140fb2, entry index(4018) is beyond type entryCount(1889)
08-24 19:12:41.741 13139 13230 W ResourceType: For resource 0x7f140fae, entry index(4014) is beyond type entryCount(1889)
08-24 19:12:41.741 13139 13230 W ResourceType: For resource 0x7f140fb0, entry index(4016) is beyond type entryCount(1889)
08-24 19:12:41.741 13139 13230 W ResourceType: For resource 0x7f140fb5, entry index(4021) is beyond type entryCount(1889)
08-24 19:12:41.741 13139 13230 W ResourceType: For resource 0x7f140faf, entry index(4015) is beyond type entryCount(1889)
08-24 19:12:41.741 13139 13230 W ResourceType: For resource 0x7f140fb1, entry index(4017) is beyond type entryCount(1889)
08-24 19:12:41.741 13139 13230 W ResourceType: For resource 0x7f140fac, entry index(4012) is beyond type entryCount(1889)
08-24 19:12:41.841 13139 13230 W ResourceType: For resource 0x7f14080d, entry index(2061) is beyond type entryCount(1889)
08-24 19:12:41.841 13139 13230 W ResourceType: For resource 0x7f140c67, entry index(3175) is beyond type entryCount(1889)
08-24 19:12:41.961 13139 13230 W ResourceType: For resource 0x7f150826, entry index(2086) is beyond type entryCount(427)
08-24 19:12:41.961 13139 13230 W ResourceType: For resource 0x7f150826, entry index(2086) is beyond type entryCount(427)
08-24 19:12:41.961 13139 13230 W ResourceType: For resource 0x7f150827, entry index(2087) is beyond type entryCount(427)
08-24 19:12:41.961 13139 13230 W ResourceType: For resource 0x7f150829, entry index(2089) is beyond type entryCount(427)
08-24 19:12:41.961 13139 13230 W ResourceType: For resource 0x7f150828, entry index(2088) is beyond type entryCount(427)
08-24 19:12:41.961 13139 13230 W ResourceType: For resource 0x7f150756, entry index(1878) is beyond type entryCount(427)
08-24 19:12:41.961 13139 13230 W ResourceType: For resource 0x7f150868, entry index(2152) is beyond type entryCount(427)
08-24 19:12:41.961 13139 13230 W ResourceType: For resource 0x7f15082b, entry index(2091) is beyond type entryCount(427)
08-24 19:12:41.961 13139 13230 W ResourceType: For resource 0x7f15082d, entry index(2093) is beyond type entryCount(427)
08-24 19:12:41.961 13139 13230 W ResourceType: For resource 0x7f150756, entry index(1878) is beyond type entryCount(427)
08-24 19:12:41.961 13139 13230 W ResourceType: For resource 0x7f15085b, entry index(2139) is beyond type entryCount(427)
08-24 19:12:41.961 13139 13230 W ResourceType: For resource 0x7f15082e, entry index(2094) is beyond type entryCount(427)
08-24 19:12:41.961 13139 13230 W ResourceType: For resource 0x7f15075c, entry index(1884) is beyond type entryCount(427)
08-24 19:12:41.961 13139 13230 W ResourceType: For resource 0x7f15082f, entry index(2095) is beyond type entryCount(427)
08-24 19:12:41.961 13139 13230 W ResourceType: For resource 0x7f150833, entry index(2099) is beyond type entryCount(427)
08-24 19:12:41.961 13139 13230 W ResourceType: For resource 0x7f150833, entry index(2099) is beyond type entryCount(427)
08-24 19:12:41.961 13139 13230 W ResourceType: For resource 0x7f150833, entry index(2099) is beyond type entryCount(427)
08-24 19:12:41.961 13139 13230 W ResourceType: For resource 0x7f150833, entry index(2099) is beyond type entryCount(427)
08-24 19:12:41.961 13139 13230 W ResourceType: For resource 0x7f150836, entry index(2102) is beyond type entryCount(427)
08-24 19:12:41.961 13139 13230 W ResourceType: For resource 0x7f15075b, entry index(1883) is beyond type entryCount(427)
08-24 19:12:41.961 13139 13230 W ResourceType: For resource 0x7f150858, entry index(2136) is beyond type entryCount(427)
08-24 19:12:41.961 13139 13230 W ResourceType: For resource 0x7f15083d, entry index(2109) is beyond type entryCount(427)
08-24 19:12:41.961 13139 13230 W ResourceType: For resource 0x7f15083e, entry index(2110) is beyond type entryCount(427)
08-24 19:12:41.961 13139 13230 W ResourceType: For resource 0x7f150855, entry index(2133) is beyond type entryCount(427)
08-24 19:12:41.961 13139 13230 W ResourceType: For resource 0x7f150856, entry index(2134) is beyond type entryCount(427)
08-24 19:12:41.961 13139 13230 W ResourceType: For resource 0x7f150687, entry index(1671) is beyond type entryCount(427)
08-24 19:12:41.961 13139 13230 W ResourceType: For resource 0x7f15085a, entry index(2138) is beyond type entryCount(427)
08-24 19:12:41.961 13139 13230 W ResourceType: For resource 0x7f150862, entry index(2146) is beyond type entryCount(427)
08-24 19:12:41.961 13139 13230 W ResourceType: For resource 0x7f150864, entry index(2148) is beyond type entryCount(427)
08-24 19:12:41.961 13139 13230 W ResourceType: For resource 0x7f15083c, entry index(2108) is beyond type entryCount(427)
08-24 19:12:41.961 13139 13230 W ResourceType: For resource 0x7f15083a, entry index(2106) is beyond type entryCount(427)
08-24 19:12:41.961 13139 13230 W ResourceType: For resource 0x7f1505e6, entry index(1510) is beyond type entryCount(427)
08-24 19:12:41.961 13139 13230 W ResourceType: For resource 0x7f1505cf, entry index(1487) is beyond type entryCount(427)
08-24 19:12:41.961 13139 13230 W ResourceType: For resource 0x7f1505e6, entry index(1510) is beyond type entryCount(427)
08-24 19:12:41.961 13139 13230 W ResourceType: For resource 0x7f1505f9, entry index(1529) is beyond type entryCount(427)
08-24 19:12:41.961 13139 13230 W ResourceType: For resource 0x7f1505e2, entry index(1506) is beyond type entryCount(427)
08-24 19:12:41.961 13139 13230 W ResourceType: For resource 0x7f1505e3, entry index(1507) is beyond type entryCount(427)
08-24 19:12:41.961 13139 13230 W ResourceType: For resource 0x7f15086d, entry index(2157) is beyond type entryCount(427)
08-24 19:12:41.961 13139 13230 W ResourceType: For resource 0x7f15086c, entry index(2156) is beyond type entryCount(427)
08-24 19:12:41.961 13139 13230 W ResourceType: For resource 0x7f080a98, entry index(2712) is beyond type entryCount(1440)
08-24 19:12:41.971 13139 13230 D TextView: setTypeface with style : 0
08-24 19:12:41.971 13139 13230 D TextView: setTypeface with style : 0
08-24 19:12:41.971 13139 13230 W ResourceType: For resource 0x7f08069b, entry index(1691) is beyond type entryCount(1440)
08-24 19:12:41.971 13139 13230 W ResourceType: For resource 0x7f08069b, entry index(1691) is beyond type entryCount(1440)
08-24 19:12:41.971 13139 13230 W ResourceType: For resource 0x7f14080d, entry index(2061) is beyond type entryCount(1889)
08-24 19:12:42.001 13139 13230 W ResourceType: For resource 0x7f14117f, entry index(4479) is beyond type entryCount(1889)
08-24 19:12:42.001 13139 13230 W ResourceType: For resource 0x7f140caf, entry index(3247) is beyond type entryCount(1889)
08-24 19:12:42.011 13139 13230 W ResourceType: For resource 0x7f140cae, entry index(3246) is beyond type entryCount(1889)
08-24 19:12:42.011 13139 13230 W ResourceType: For resource 0x7f140cb6, entry index(3254) is beyond type entryCount(1889)
08-24 19:12:42.021 13139 13230 W ResourceType: For resource 0x7f140fad, entry index(4013) is beyond type entryCount(1889)
08-24 19:12:42.021 13139 13230 W ResourceType: For resource 0x7f140fb2, entry index(4018) is beyond type entryCount(1889)
08-24 19:12:42.021 13139 13230 W ResourceType: For resource 0x7f140fae, entry index(4014) is beyond type entryCount(1889)
08-24 19:12:42.021 13139 13230 W ResourceType: For resource 0x7f140fb0, entry index(4016) is beyond type entryCount(1889)
08-24 19:12:42.021 13139 13230 W ResourceType: For resource 0x7f140fb5, entry index(4021) is beyond type entryCount(1889)
08-24 19:12:42.021 13139 13230 W ResourceType: For resource 0x7f140faf, entry index(4015) is beyond type entryCount(1889)
08-24 19:12:42.021 13139 13230 W ResourceType: For resource 0x7f140fb1, entry index(4017) is beyond type entryCount(1889)
08-24 19:12:42.021 13139 13230 W ResourceType: For resource 0x7f140fac, entry index(4012) is beyond type entryCount(1889)
08-24 19:12:42.061  2878  2948 D ApplicationPolicy: isStatusBarNotificationAllowedAsUser: packageName = com.google.android.gm,userId = 0
08-24 19:12:42.071  2878  2878 D EdgeLight: Turning on edge light for notification (NotificationRecord(0x0e21cb4b: pkg=com.google.android.gm user=UserHandle{0} id=1769761162 tag=null score=0 key=0|com.google.android.gm|1769761162|null|10080: Notification(pri=0 contentView=null vibrate=null sound=content://settings/system/notification_sound tick defaults=0x4 flags=0x219 color=0xffd93025 category=email groupKey=content://com.google.android.gm.email.provider/account.410365209/1/content://com.google.android.gm.email.provider/account.-525014014/1 vis=PRIVATE publicVersion=Notification(pri=0 contentView=com.google.android.gm/0x10900a7 vibrate=null sound=null defaults=0x0 flags=0x200 color=0xffd93025 category=email groupKey=content://com.google.android.gm.email.provider/account.410365209/1/content://com.google.android.gm.email.provider/account.-525014014/1 vis=PUBLIC secFlags=0x0 secPriority=0) secFlags=0x0 secPriority=0))) with color=ffffffff
08-24 19:12:42.081  2878  2878 W ResourceType: ResTable_typeSpec entry count inconsistent: given 85, previously 89
08-24 19:12:42.081  2878  2878 W ResourceType: ResTable_typeSpec entry count inconsistent: given 1440, previously 2744
08-24 19:12:42.091  2878  2878 W ResourceType: ResTable_typeSpec entry count inconsistent: given 2750, previously 2744
08-24 19:12:42.091  2878  2878 W ResourceType: ResTable_typeSpec entry count inconsistent: given 1889, previously 5289
08-24 19:12:42.091  2878  2878 W ResourceType: ResTable_typeSpec entry count inconsistent: given 427, previously 2685
08-24 19:12:42.101   799   799 W ResourceType: For resource 0x7f08089a, entry index(2202) is beyond type entryCount(1440)
08-24 19:12:42.101   799   799 W ResourceType: For resource 0x7f08089a, entry index(2202) is beyond type entryCount(1440)
08-24 19:12:42.111   799   799 W ResourceType: For resource 0x7f08089a, entry index(2202) is beyond type entryCount(1440)
08-24 19:12:42.121  2878  2889 D ActivityManager: removeProcessNameLocked mProcessNames.remove pid=13709 ,hash=110823768 ,name=com.android.chrome
08-24 19:12:42.131   799   799 D NotificationStackScrollLayout:  scroll range should be extended : 708
08-24 19:12:42.131   799   799 D NotificationStackScrollLayout:  scroll range should be extended : 708
08-24 19:12:42.131   799   799 D PhoneStatusBar: setAreThereNotifications: N=3 any=true clearable=true
08-24 19:12:42.141   799   799 W ResourceType: For resource 0x7f08089a, entry index(2202) is beyond type entryCount(1440)
08-24 19:12:42.141   799   799 W ResourceType: For resource 0x7f08089a, entry index(2202) is beyond type entryCount(1440)
08-24 19:12:42.141   799   799 D NotificationStackScrollLayout:  scroll range should be extended : 708
08-24 19:12:42.141   799   799 D NotificationStackScrollLayout:  scroll range should be extended : 708
08-24 19:12:42.171  2164  2164 I display : [PrimaryDisplay] [DYNAMIC_RECOMP] first frame after HWC_2_GLES
08-24 19:12:42.171  2164  2164 I display : [PrimaryDisplay] [DYNAMIC_RECOMP] GLES_2_HWC by high FPS(5)
08-24 19:12:42.191  2878  2941 I TLC_TIMA_PKM_measure_kernel: TIMA: response_id = 3
08-24 19:12:42.191  2878  2941 I TLC_TIMA_PKM_measure_kernel: TIMA: response ret = 0, result_ondemand = MSG=Kernel Verification Success;
08-24 19:12:42.471  2164 13619 I display : [PrimaryDisplay] [DYNAMIC_RECOMP] HWC_2_GLES by low FPS(0)
08-24 19:12:42.921  5135  5205 E ServiceScheduleManager: Enter loop()!!! is sync = 
08-24 19:12:43.011 13703 13824 E ServiceScheduleManager: Enter loop()!!! is sync = 
08-24 19:12:44.921  5135  5205 E ServiceScheduleManager: Enter loop()!!! is sync = 
08-24 19:12:45.001 13703 13824 E ServiceScheduleManager: Enter loop()!!! is sync = 
08-24 19:12:45.981 14179 14179 E Zygote  : v2
08-24 19:12:45.981 14179 14179 W SELinux : Function: selinux_compare_spd_ram, index[1], priority [2], priority version is VE=SEPF_SECMOBILE_6.0.1_0035
08-24 19:12:45.981 14179 14179 E Zygote  : accessInfo : 0
08-24 19:12:46.021 14179 14179 D TimaKeyStoreProvider: TimaSignature is unavailable
08-24 19:12:46.021 14179 14179 D ActivityThread: Added TimaKeyStore provider
08-24 19:12:46.071 14179 14179 W System  : ClassLoader referenced unknown path: /system/priv-app/SmartManagerProvider/lib/arm
08-24 19:12:46.231  2878  2948 D ActivityManager: removeProcessNameLocked mProcessNames.remove pid=13767 ,hash=249429003 ,name=com.samsung.android.SettingsReceiver
08-24 19:12:46.921  5135  5205 E ServiceScheduleManager: Enter loop()!!! is sync = 
08-24 19:12:47.001 13703 13824 E ServiceScheduleManager: Enter loop()!!! is sync = 
08-24 19:12:48.931  5135  5205 E ServiceScheduleManager: Enter loop()!!! is sync = 
08-24 19:12:49.011 13703 13824 E ServiceScheduleManager: Enter loop()!!! is sync = 
08-24 19:12:49.121  2878  2950 D InputReader: Input event(4): value=1 when=184070890288000
08-24 19:12:49.121  2878  2950 D InputReader: !@notifyKey(116), action=0
08-24 19:12:49.131  2878  2950 D InputManager-JNI: !@interceptKeyBeforeQueueing(116), action=0, interactive=true
08-24 19:12:49.161  2878  2950 D InputManager-JNI: !@handleInterceptActions(116), action=0, wmActions=0
08-24 19:12:49.331  2878  2950 D InputReader: Input event(4): value=0 when=184071100113000
08-24 19:12:49.331  2878  2950 D InputReader: !@notifyKey(116), action=1
08-24 19:12:49.331  2878  2950 D InputManager-JNI: !@interceptKeyBeforeQueueing(116), action=1, interactive=true
08-24 19:12:49.331  2878  2950 D InputManager-JNI: !@handleInterceptActions(116), action=1, wmActions=0
08-24 19:12:49.641  2878  2899 D InputManager-JNI: setInteractive(false)
08-24 19:12:49.651  2878  3037 I WindowManager: Started going to sleep... (why=2)
08-24 19:12:49.661  4178  4178 D SamsungIME: IMPL finishInput
08-24 19:12:49.671  4178  4178 D SamsungIME: onStartInput: No inputType, No imeOption, isInputViewShown = false, isExtractViewShown = false, isShowInputRequested = false, isConfigChanged = false
08-24 19:12:49.671   799 28388 D KeyguardViewMediator: onStartedGoingToSleep(2)
08-24 19:12:49.681  2164  2164 I SurfaceFlinger: id=6049 createSurf (720x1280),2 flag=404, DolorFade
08-24 19:12:49.681   799 28388 E KeyguardViewMediator: lockAfterTimeout = 5000 policyTimeout = 0
08-24 19:12:49.681  2164  2164 I display : [PrimaryDisplay] [DYNAMIC_RECOMP] first frame after HWC_2_GLES
08-24 19:12:49.681  2164  2164 I display : [PrimaryDisplay] [DYNAMIC_RECOMP] GLES_2_HWC by high FPS(5)
08-24 19:12:49.701   799 28388 D KeyguardViewMediator: timeout : 5000
08-24 19:12:49.701   799 28388 D KeyguardViewMediator: doKeyguardLocked(null, true) - start
08-24 19:12:49.721   799 28388 D FactoryTest: checkAutomationTestOption() : option=0
08-24 19:12:49.721   799 28388 D FactoryTest: checkAutomationTestOption() : mode_screenlock=0
08-24 19:12:49.721   799 28388 D KeyguardViewMediator: doKeyguardLocked(null, true) - end
08-24 19:12:49.721  2878  2906 D mali_winsys: new_window_surface returns 0x3000,  [720x1280]-format:1
08-24 19:12:49.751  2180  2922 W AudioPolicyIntefaceImpl: getOutputForAttr uid 10036 tried to pass itself off as 1000
08-24 19:12:49.751   799 28388 W AudioTrack: AUDIO_OUTPUT_FLAG_FAST denied by client; transfer 4, track 44100 Hz, output 48000 Hz
08-24 19:12:49.751  2878  2906 D libEGL  : eglInitialize EGLDisplay = 0xdcbab0c4
08-24 19:12:49.751  2878  2906 D libEGL  : eglTerminate EGLDisplay = 0xdcbab1e4
08-24 19:12:49.761  2180  4437 W AudioFlinger: uid 10036 tried to pass itself off as 1000
08-24 19:12:49.761  2180  2180 W AudioPolicyIntefaceImpl: Skipped to add effects on session 3930
08-24 19:12:49.761  2180  2180 I APM::AudioPolicyManager: startOutput() output 4, stream 1, session 3930
08-24 19:12:49.771  2180  2675 D audio_hw_primary: out_set_parameters: enter: kvpairs: routing=2
08-24 19:12:49.771  2180  2675 D AudioFlinger: setCurDevice() 0x2
08-24 19:12:49.771   799 28388 D KeyguardViewMediator: notifyStartedGoingToSleep
08-24 19:12:49.781  2180  2675 I AudioMixer: create resampler src 44100, 2, dst 48000, 2
08-24 19:12:49.781   799   799 V KeyguardFingerPrint: updateFingerprintListeningState(false)
08-24 19:12:49.781   799   799 D KeyguardFingerPrint: shouldListenForFingerprint ( FingerPrint is not enabled. ) 
08-24 19:12:49.781   799   799 V KeyguardUpdateMonitor: stopListeningForFingerprint()
08-24 19:12:49.781   799   799 D KeyguardViewMediator: handleNotifyStartedGoingToSleep
08-24 19:12:49.781  2180  2675 D SoundAliveResampler: [SoundAliveResampler] Init+++
08-24 19:12:49.781  2180  2675 V audio_hw_primary: start_output_stream+, out->device : 00000002 , out->type = 1
08-24 19:12:49.801  2164  2164 D libEGL  : eglInitialize EGLDisplay = 0xffdb91ec
08-24 19:12:49.811  2180  2675 D audio_hw_primary: start_output_stream (0xf2cac2a0) out->pcm_device:5 out->config.rate:48000 out->config.format:0 out->period_size:240
08-24 19:12:49.811  2180  2675 D audio_hw_primary: start_output_stream (0xf2cac2a0) out->config.rate:48000 out->config.format:0 out->period_size:240
08-24 19:12:49.811  2180  2675 V audio_hw_primary: select_devices output_scenario:0 input_scenario:-1 out_snd_device 0x2 in_snd_device:0x0
08-24 19:12:49.811  2180  2675 I audio_route: > audio_route_reset :
08-24 19:12:49.811  2180  2675 I audio_route: > audio_route_apply_path : "media-speaker"
08-24 19:12:49.811  2180  2675 V audio_hw_primary: select_devices() output_route "media-speaker" 
08-24 19:12:49.811  2180  2675 I audio_route: > audio_route_apply_path : "gain-media-speaker"
08-24 19:12:49.811  2180  2675 V audio_hw_primary: select_devices() output_gain "gain-media-speaker" 
08-24 19:12:49.811  2180  2675 I audio_route: > audio_route_update_mixer : +
08-24 19:12:49.811  2180  2675 I audio_route: > audio_route_update_mixer : changed(0) -
08-24 19:12:49.811  2180  2675 I audio_hw_primary: select_devices - 
08-24 19:12:49.811  2180  2675 V audio_hw_primary: start_output_stream-
08-24 19:12:49.811  2164  2164 D libEGL  : eglInitialize EGLDisplay = 0xffdb91ec
08-24 19:12:49.831  2164  2164 D libEGL  : eglInitialize EGLDisplay = 0xffdb91ec
08-24 19:12:50.071  2878  3040 D lights  : lcd : 0 +
08-24 19:12:50.071  2878  2906 I WindowManager: Screen turned off...
08-24 19:12:50.081  2878  2906 D ActivityTrigger: ActivityTrigger activityPauseTrigger 
08-24 19:12:50.161  2878  3040 D lights  : lcd : 0 -
08-24 19:12:50.161  2878  3040 D LightsService: Excessive delay setting light: 90ms
08-24 19:12:50.221  2878  2906 V KeyguardServiceDelegate: onScreenTurnedOff()
08-24 19:12:50.221   799   810 D KeyguardViewMediator: notifyScreenTurnedOff
08-24 19:12:50.221   799   799 D KeyguardViewMediator: handleNotifyScreenTurnedOff
08-24 19:12:50.221   799   799 D vol.SecVolumeDialog: onScreenTurnedOff()
08-24 19:12:50.221   799   799 D vol.SecVolumeDialog: dismissH reason: 4
08-24 19:12:50.231   799   799 D vol.SecVolumeDialog: dismissH : false
08-24 19:12:50.231   799   799 D LockIcon: visible = false
08-24 19:12:50.261  2878  2898 D ActivityTrigger: ActivityTrigger activityStopTrigger 
08-24 19:12:50.261  2878 14193 D MISC PowerHAL: sysfs_write +: /sys/class/input/event1/device/enabled: 0
08-24 19:12:50.261  2878 14194 D MISC PowerHAL: sysfs_write +: /sys/class/input/event2/device/enabled: 0
08-24 19:12:50.261  2878 14193 D MISC PowerHAL: sysfs_write -: /sys/class/input/event1/device/enabled: 0
08-24 19:12:50.271 13738 13738 D Index   : onSaveInstanceState / mNeedToRevertToInitialFragment: false
08-24 19:12:50.281  2878 14194 D MISC PowerHAL: sysfs_write -: /sys/class/input/event2/device/enabled: 0
08-24 19:12:50.281  2878  2910 D MISC PowerHAL: sysfs_write +: /sys/class/power_supply/battery/lcd: 0
08-24 19:12:50.281  2878  2910 D MISC PowerHAL: sysfs_write -: /sys/class/power_supply/battery/lcd: 0
08-24 19:12:50.281  2164  2164 D SurfaceFlinger: Set power mode=0, type=0 flinger=0xf70e4000
08-24 19:12:50.281  2164  2164 I hwcomposer: int exynos_setPowerMode(hwc_composer_device_1*, int, int):: disp(0), mode(0)
08-24 19:12:50.291  2180  2605 I APM::AudioPolicyManager: stopOutput() output 4, stream 1, session 3930
08-24 19:12:50.561  2878  2910 D SurfaceControl: Excessive delay in setPowerMode(): 280ms
08-24 19:12:50.561  2878  2910 I libsuspend: !@autosuspend_wakeup_count_enable
08-24 19:12:50.561  2878  2910 I libsuspend: !@autosuspend_wakeup_count_enable done
08-24 19:12:50.571  2878  3037 I WindowManager: Finished going to sleep... (why=2)
08-24 19:12:50.571  2878  3037 D PersonaManagerService: onfinishedGoingToSleep why = 2
08-24 19:12:50.571   799   811 D KeyguardViewMediator: onFinishedGoingToSleep(2)
08-24 19:12:50.571   799   811 D KeyguardViewMediator: notifyFinishedGoingToSleep
08-24 19:12:50.571  2878  2915 D PersonaManagerServiceHandler: MSG_ACTION_SCREEN_OFF called
08-24 19:12:50.581   799   811 D FactoryTest: checkAutomationTestOption() : option=0
08-24 19:12:50.581   799   811 D FactoryTest: checkAutomationTestOption() : mode_screenlock=0
08-24 19:12:50.581   799   811 D KeyguardViewMediator: doKeyguard: showing the lock screen
08-24 19:12:50.581   799   811 D KeyguardViewMediator: showLocked
08-24 19:12:50.591   799   799 D KeyguardViewMediator: handleNotifyFinishedGoingToSleep
08-24 19:12:50.601   799   799 D KeyguardEffectViewController: onScreenTurnedOff
08-24 19:12:50.601   799   799 D KeyguardEffectViewController: ## mBackgroundView.onPause()
08-24 19:12:50.601   799   799 D KeyguardEffectViewWallpaper: onPause()
08-24 19:12:50.611   799   799 D KeyguardViewMediator: handleShow
08-24 19:12:50.611   799   799 E KeyguardViewMediator: setShowingLocked mShowing = true
08-24 19:12:50.621   799   799 D StatusBar-Window: fnf=false sanc=true, kni=false, sbf=false
08-24 19:12:50.621   799   799 D CoverUI : applyFocusableFlag() : Remove SAMSUNG_FLAG_SVIEW_COVER
08-24 19:12:50.621   799   799 D StatusBarWindowManager: forceCollapsed : false isKeyguardShowingAndNotOccluded() : true panelVisible : false keyguardFadingAway : false bouncerShowing : false headsUpShowing : false
08-24 19:12:50.621   799   799 D CoverUI : applyHeight h = -1, oc = true, fa = false, ac = false, sc = false
08-24 19:12:50.621   799   799 D KeyguardEffectViewController: setKeyguardShowing = true
08-24 19:12:50.621   799   799 D KeyguardEffectViewController: mShowing=true, mOccluded=false, mKeyguardFadingAway=false, match_parent=false
08-24 19:12:50.621   799   799 D StatusBarKeyguardViewManager: showBouncerOrKeyguard
08-24 19:12:50.651   799   799 V KeyguardUpdateMonitor: *** register callback for com.android.keyguard.KeyguardHostView$1@cf7625d
08-24 19:12:50.651   799   799 V KeyguardUpdateMonitor: *** unregister callback for null
08-24 19:12:50.671   799   799 D KeyguardSecurityPolicyUtils: MDM is not enabled...
08-24 19:12:50.671   799   799 V KeyguardUpdateMonitor: *** register callback for com.android.keyguard.KeyguardSecurityContainer$1@63b67d2
08-24 19:12:50.671   799   799 V KeyguardUpdateMonitor: *** unregister callback for null
08-24 19:12:50.671 14197 14197 E Zygote  : v2
08-24 19:12:50.671 14197 14197 W SELinux : Function: selinux_compare_spd_ram, index[1], priority [2], priority version is VE=SEPF_SECMOBILE_6.0.1_0035
08-24 19:12:50.681 14197 14197 E Zygote  : accessInfo : 0
08-24 19:12:50.711  2878  2878 D UniversalCredentialManagerService: inside mBReciever onReceive : android.intent.action.SCREEN_OFF
08-24 19:12:50.711   799   799 D KeyguardSecurityModel: getSecurityMode( getActivePasswordQuality = 0 , currentuser = 0
08-24 19:12:50.711   799   799 V KeyguardSecurityView: showPrimarySecurityScreen(turningOff=false)
08-24 19:12:50.711   799   799 D KeyguardSecurityView: showSecurityScreen(None)
08-24 19:12:50.711   799   799 D StatusBar-Window: fnf=false sanc=true, kni=false, sbf=false
08-24 19:12:50.711   799   799 D CoverUI : applyFocusableFlag() : Remove SAMSUNG_FLAG_SVIEW_COVER
08-24 19:12:50.711   799   799 D StatusBarWindowManager: forceCollapsed : false isKeyguardShowingAndNotOccluded() : true panelVisible : false keyguardFadingAway : false bouncerShowing : false headsUpShowing : false
08-24 19:12:50.711   799   799 D CoverUI : applyHeight h = -1, oc = true, fa = false, ac = false, sc = false
08-24 19:12:50.711  2878  2878 D UniversalCredentialManagerService: ****MSG_LOCK_STATUS_UPDATE block started****
08-24 19:12:50.711  2878  2878 D UniversalCredentialManagerService: notifyChangeToPlugin is called for Lock status update...
08-24 19:12:50.711  2878  2878 D UcmService: notifyChangeToPlugin event 15
08-24 19:12:50.721 14197 14197 D TimaKeyStoreProvider: TimaSignature is unavailable
08-24 19:12:50.721 14197 14197 D ActivityThread: Added TimaKeyStore provider
08-24 19:12:50.721  2878  2878 D UcmService: checkCallerPermissionFor is called for method-notifyChangeToPlugin
08-24 19:12:50.721  2878  2878 I UcmService: checkIfNotify for cs Name = com.sec.smartcard.manager:com.samsung.ucs.agent.baiMobile Package name = com.sec.smartcard.manager
08-24 19:12:50.721  2878  2878 D UcmService: notifying to unmanaged plugin
08-24 19:12:50.741  3382 15453 E ucsBai_agentService: notifyChange NOT SUPPORTED
08-24 19:12:50.741  2878  2878 D UcmService: agentService com.sec.smartcard.manager:com.samsung.ucs.agent.baiMobile notify status - 0
08-24 19:12:50.741  2878  2878 D UcmService: agentService status-0
08-24 19:12:50.741  2878  2878 I UcmService: checkIfNotify for cs Name = com.samsung.ucs.agent.boot:com.samsung.ucs.agent.boot Package name = com.samsung.ucs.agent.boot
08-24 19:12:50.741  2878  2878 D UcmService: notifying to unmanaged plugin
08-24 19:12:50.741   799   799 D KeyguardSecurityModel: getSecurityMode( getActivePasswordQuality = 0 , currentuser = 0
08-24 19:12:50.741   799   799 D PhoneStatusBar: showKeyguard
08-24 19:12:50.741   799   799 D PhoneStatusBar: setBarState: state - 1
08-24 19:12:50.741   799   799 D StatusBar-Window: fnf=false sanc=true, kni=false, sbf=false
08-24 19:12:50.741   799   799 D CoverUI : applyFocusableFlag() : Remove SAMSUNG_FLAG_SVIEW_COVER
08-24 19:12:50.741   799   799 D StatusBarWindowManager: forceCollapsed : false isKeyguardShowingAndNotOccluded() : true panelVisible : false keyguardFadingAway : false bouncerShowing : false headsUpShowing : false
08-24 19:12:50.741   799   799 D CoverUI : applyHeight h = -1, oc = true, fa = false, ac = false, sc = false
08-24 19:12:50.741  3393  3406 D BootAgentService: notifyChange eventId-15
08-24 19:12:50.741  2878  2878 D UcmService: agentService com.samsung.ucs.agent.boot:com.samsung.ucs.agent.boot notify status - -1
08-24 19:12:50.741  2878  2878 D UcmService: agentService status--1
08-24 19:12:50.741  2878  2878 D UniversalCredentialManagerService: ****MSG_LOCK_STATUS_UPDATE block ended****
08-24 19:12:50.741   799   799 I PhoneStatusBar: updateKeyguardState 0 to 1
08-24 19:12:50.761   799   799 D PanelView: updateQsState
08-24 19:12:50.761   799   799 D KeyguardSwipeHelper: reset()
08-24 19:12:50.761   799   799 D KeyguardUnlockEventHandler: reset()
08-24 19:12:50.761   799   799 D KeyguardSwipeHelper: resetChildViewVI()
08-24 19:12:50.771   799   799 D StatusBar: LSSN:1
08-24 19:12:50.771   799   799 E LSO     : LSO Service is not yet ready!!!
08-24 19:12:50.771  2878  2878 D EdgeLight: Turning on edge light for notification (NotificationRecord(0x0e21cb4b: pkg=com.google.android.gm user=UserHandle{0} id=1769761162 tag=null score=0 key=0|com.google.android.gm|1769761162|null|10080: Notification(pri=0 contentView=null vibrate=null sound=content://settings/system/notification_sound tick defaults=0x4 flags=0x219 color=0xffd93025 category=email groupKey=content://com.google.android.gm.email.provider/account.410365209/1/content://com.google.android.gm.email.provider/account.-525014014/1 vis=PRIVATE publicVersion=Notification(pri=0 contentView=com.google.android.gm/0x10900a7 vibrate=null sound=null defaults=0x0 flags=0x200 color=0xffd93025 category=email groupKey=content://com.google.android.gm.email.provider/account.410365209/1/content://com.google.android.gm.email.provider/account.-525014014/1 vis=PUBLIC secFlags=0x0 secPriority=0) secFlags=0x0 secPriority=0))) with color=ffffffff
08-24 19:12:50.771   799   799 D PanelView: setKeyguardBottomAreaVisibility() prevState=0, newState - 1 goingToShade - false
08-24 19:12:50.781  2180  2684 D audio_hw_primary: adev_set_parameters: enter: kvpairs: screen_state=off
08-24 19:12:50.791  2878  2997 D WifiStateMachine: handleScreenStateChanged, screen off, set scan interval as max value  !!!
08-24 19:12:50.791   799   799 D KeyguardSecurityModel: getSecurityMode( getActivePasswordQuality = 0 , currentuser = 0
08-24 19:12:50.791   799   799 D PhoneStatusBar/KeyguardBottomAreaView: updateCameraVisibility isCameraDisabled=false
08-24 19:12:50.791  2878  2997 D WifiNative-wlan0: callSECApiVoid - ID [19]
08-24 19:12:50.791   799   799 V KeyguardBottomAreaShortcutView: updateLeftPreview
08-24 19:12:50.791   799   799 V KeyguardBottomAreaShortcutView: updateRightPreview
08-24 19:12:50.791   799   799 D PanelView: updateQsState
08-24 19:12:50.791   799  1081 V KeyguardBottomAreaShortcutView: updateLeftPreview - mLeftAffordanceView
08-24 19:12:50.791 14197 14197 W System  : ClassLoader referenced unknown path: /system/priv-app/SettingsReceiver/lib/arm
08-24 19:12:50.801   799  1081 V KeyguardBottomAreaShortcutView: updateRightPreview - mRightAffordanceView
08-24 19:12:50.801   799  1081 D ShortcutManager: th = 1 is camera package
08-24 19:12:50.801   799   799 D NotificationStackScrollLayout:  scroll range should be extended : 442
08-24 19:12:50.801  2878  2878 I FingerprintService: onReceive: android.intent.action.SCREEN_OFF
08-24 19:12:50.801 24719 24719 I wpa_supplicant: set PERIODIC_SCAN_INTERVAL_MAX to 128sec !!!
08-24 19:12:50.811   799   799 D KeyguardSecurityModel: getSecurityMode( getActivePasswordQuality = 0 , currentuser = 0
08-24 19:12:50.811  2878  2878 I BackgroundCompactionService: Schedule Type1 BGCompaction
08-24 19:12:50.821  2878  2997 E WifiNative-wlan0: do suspend true
08-24 19:12:50.871  2878  3286 D GpsLocationProvider: receive broadcast intent, action: android.intent.action.SCREEN_OFF
08-24 19:12:50.871   799   799 D PhoneStatusBar: Make expanded visible: expanded visible=false
08-24 19:12:50.871   799   799 D StatusBar-Window: fnf=false sanc=true, kni=false, sbf=true
08-24 19:12:50.871   799   799 D CoverUI : applyFocusableFlag() : Remove SAMSUNG_FLAG_SVIEW_COVER
08-24 19:12:50.871   799   799 D StatusBarWindowManager: forceCollapsed : false isKeyguardShowingAndNotOccluded() : true panelVisible : true keyguardFadingAway : false bouncerShowing : false headsUpShowing : false
08-24 19:12:50.871   799   799 D CoverUI : applyHeight h = -1, oc = true, fa = false, ac = false, sc = false
08-24 19:12:50.871   799   799 D PhoneStatusBar: disable: < expand ICONS* alerts SYSTEM_INFO* back home recent clock search quick_settings >
08-24 19:12:50.881   799   799 D PhoneStatusBar: Make expanded visible: expanded visible=true
08-24 19:12:50.881   799   799 D StatusBar.BrightnessController: setListening  = true
08-24 19:12:50.891   799   799 D KeyguardEffectViewWallpaper: reset()
08-24 19:12:50.891   799   799 D KeyguardSecurityModel: getSecurityMode( getActivePasswordQuality = 0 , currentuser = 0
08-24 19:12:50.891   799   799 D PhoneStatusBar/KeyguardBottomAreaView: updateCameraVisibility isCameraDisabled=false
08-24 19:12:50.891   799   799 D KeyguardViewBase: show()
08-24 19:12:50.901  3350  3350 D Launcher.Workspace: exitWidgetResizeMode. isClearResizeFrame is false
08-24 19:12:50.901   799   799 D KeyguardSecurityModel: getSecurityMode( getActivePasswordQuality = 0 , currentuser = 0
08-24 19:12:50.901   799   799 V KeyguardSecurityView: showPrimarySecurityScreen(turningOff=false)
08-24 19:12:50.901   799   799 D KeyguardSecurityView: showSecurityScreen(None)
08-24 19:12:50.901   799   799 D KeyguardUpdateMonitor: onKeyguardVisibilityChanged(true)
08-24 19:12:50.911   799   799 V KeyguardFingerPrint: updateFingerprintListeningState(false)
08-24 19:12:50.911   799   799 D KeyguardFingerPrint: shouldListenForFingerprint ( FingerPrint is not enabled. ) 
08-24 19:12:50.911   799   799 V KeyguardUpdateMonitor: stopListeningForFingerprint()
08-24 19:12:50.911   799   799 D KeyguardViewMediator: adjustStatusBarLocked: mShowing=true mOccluded=false isSecure=false --> flags=0x3200000
08-24 19:12:50.931   799   799 D KeyguardViewMediator: onSdpLocked :: Inside...
08-24 19:12:50.931   799   799 D KeyguardViewMediator: isPwdChangeRequested :: false
08-24 19:12:50.931   799   799 D KeyguardViewMediator: onSdpLocked :: Lock SDP for User 0
08-24 19:12:50.931  5135  5205 E ServiceScheduleManager: Enter loop()!!! is sync = 
08-24 19:12:50.931   799   799 D LockIcon: visible = false
08-24 19:12:50.931   799   799 V KeyguardFingerPrint: updateFingerprintListeningState(false)
08-24 19:12:50.931   799   799 D KeyguardFingerPrint: shouldListenForFingerprint ( FingerPrint is not enabled. ) 
08-24 19:12:50.931   799   799 V KeyguardUpdateMonitor: stopListeningForFingerprint()
08-24 19:12:50.941  2878  3223 E SdpServiceKeeper: isLicensed {pid:799 uid:10036 userid:0 doPkg:null}
08-24 19:12:50.941  2878  3223 E SdpServiceKeeper: System app. Skip license activation
08-24 19:12:50.941   799   953 D NetworkController.MobileSignalController(0/2147483643): onDataActivity: direction=0
08-24 19:12:50.951  2878  4231 E SdpServiceKeeper: isLicensed {pid:799 uid:10036 userid:0 doPkg:null}
08-24 19:12:50.951  2878  4231 E SdpServiceKeeper: System app. Skip license activation
08-24 19:12:50.951  2878  5326 D InputDispatcher: Focus left window: 13738
08-24 19:12:50.951  2878  5326 D InputDispatcher: Focus entered window: 799
08-24 19:12:50.951  2878  3227 D SdpManagerService: lockInternal 0
08-24 19:12:50.951   799   953 D NetworkController.MobileSignalController(0/2147483643): onDataActivity: direction=0
08-24 19:12:50.961  2878  2904 D PointerIcon: setMouseIconStyle1 pointerType: 1001 iconType:101 flag:0 pid:2878 uid:1000
08-24 19:12:50.961  2878  2904 D PointerIcon: setMouseCustomIcon IconType is same.101
08-24 19:12:50.961  2878  3227 E SDP.CRYPTO:     On Locked OK, id 0
08-24 19:12:50.961  2164  4174 D libEGL  : eglTerminate EGLDisplay = 0xf3801624
08-24 19:12:50.961  2164  4174 D libEGL  : eglTerminate EGLDisplay = 0xf3801624
08-24 19:12:50.961   799   950 D mali_winsys: new_window_surface returns 0x3000,  [720x1280]-format:1
08-24 19:12:50.961  2878  3227 D SdpManagerService: clearCachedMasterKey (CMK) 0
08-24 19:12:50.961   799   799 D KeyguardEffectViewController: onLayoutChange() v: com.android.keyguard.effect.EffectBehindView{b3d1524 I.E...... ......ID 0,0-720,1280 #7f0e0359 app:id/keyguard_effect_behind}, bottom : 1280, oldBottom : 48
08-24 19:12:50.961   799   799 D KeyguardEffectViewController: mShowing=true, mOccluded=false, mKeyguardFadingAway=false, match_parent=true
08-24 19:12:50.971   799   799 D NotificationStackScrollLayout:  scroll range should be extended : 442
08-24 19:12:50.971   799   799 D StatusBar-Window: fnf=false sanc=true, kni=false, sbf=true
08-24 19:12:50.971   799   799 D CoverUI : applyFocusableFlag() : Remove SAMSUNG_FLAG_SVIEW_COVER
08-24 19:12:50.971   799   799 D StatusBarWindowManager: forceCollapsed : false isKeyguardShowingAndNotOccluded() : true panelVisible : true keyguardFadingAway : false bouncerShowing : false headsUpShowing : false
08-24 19:12:50.971   799   799 D CoverUI : applyHeight h = -1, oc = true, fa = false, ac = false, sc = false
08-24 19:12:50.971  2878  3227 E SdpManagerService: sendBroadcastAsUser(INTENT_SDP_STATE_CHANGED, state:1)
08-24 19:12:50.971   799   799 V KeyguardBottomAreaShortcutView: mLeftAffordanceView preview = null
08-24 19:12:50.971   799   799 V KeyguardBottomAreaShortcutView: mRightAffordanceView preview = null
08-24 19:12:50.971   799   799 D KeyguardUpdateMonitor: handleKeyguardReset
08-24 19:12:50.971   799   799 V KeyguardFingerPrint: updateFingerprintListeningState(false)
08-24 19:12:50.971   799   799 D KeyguardFingerPrint: shouldListenForFingerprint ( FingerPrint is not enabled. ) 
08-24 19:12:50.971   799   799 V KeyguardUpdateMonitor: stopListeningForFingerprint()
08-24 19:12:50.981   799   799 D PhoneStatusBar: disable: < expand ICONS alerts SYSTEM_INFO back HOME* RECENT* clock SEARCH* quick_settings >
08-24 19:12:50.981   799   799 D ViewRootImpl: MSG_RESIZED_REPORT: ci=Rect(0, 0 - 0, 0) vi=Rect(0, 0 - 0, 0) or=1
08-24 19:12:50.981  2878  3491 D ActivityManager: removeProcessNameLocked mProcessNames.remove pid=13139 ,hash=167177116 ,name=com.google.android.gm
08-24 19:12:50.981  4178  4178 E SamsungIME: invoke(): method is null
08-24 19:12:50.981   799 14209 D KeyguardViewMediator: lockSdp :: Lock SDP Successful...!
08-24 19:12:50.991  2878  2878 I SurveyLogManager: mDeviceInfo.mScreen = false
08-24 19:12:51.011  5720  5720 I BeaconManager: BeaconManager.onReceive - receive Action : android.intent.action.SCREEN_OFF
08-24 19:12:51.011 13703 13824 E ServiceScheduleManager: Enter loop()!!! is sync = 
08-24 19:12:51.011  5720  5720 D BeaconManager: BeaconManager.onReceive - end
08-24 19:12:51.011   799   799 D KeyguardEffectViewController: onLayoutChange() v: com.android.keyguard.effect.EffectBehindView{b3d1524 V.E...... ......ID 0,0-720,1280 #7f0e0359 app:id/keyguard_effect_behind}, bottom : 1280, oldBottom : 1280
08-24 19:12:51.011  5720  5768 I BeaconManager: BeaconManager.BeaconManagerWorkHandler - BroadcastReceiver onReceive start
08-24 19:12:51.011  5720  5768 D BeaconManager: BeaconManager.mScreenObserver - action:android.intent.action.SCREEN_OFF
08-24 19:12:51.021  6380  6380 D BtGatt.GattService: LCD turned off
08-24 19:12:51.021  5720  5768 D BeaconManager: AppControlManager.screenOnIntentReceived - start
08-24 19:12:51.021  5720  5768 D BeaconManager: AppControlManager.screenOnIntentReceived - end
08-24 19:12:51.021  5720  5768 D BeaconManager: EasySetupManager.screenOnIntentReceived - start
08-24 19:12:51.021  5720  5768 D BeaconManager: EasySetupManager.screenOnIntentReceived - end
08-24 19:12:51.021  5720  5768 D BeaconManager: BleScanHelper.screenOnIntentReceived - start
08-24 19:12:51.021  5720  5768 D BeaconManager: BleScanHelper.mBroadcastReceiver - Action: android.intent.action.SCREEN_OFF, user: 0
08-24 19:12:51.021  5720  5768 D BeaconManager: BleScanHelper.stopBleScan - clearfilter:false
08-24 19:12:51.021  5720  5768 D BeaconManager: BleScanHelper.screenOnIntentReceived - end
08-24 19:12:51.021  5720  5768 I BeaconManager: BeaconManager.BeaconManagerWorkHandler - BroadcastReceiver onReceive end
08-24 19:12:51.021  5720  5782 I BeaconManager: BleScanHelper.stopBleScan - Stop BLE scan
08-24 19:12:51.021  6380  6478 D BtGatt.ScanManager: handleLcdOffIntent
08-24 19:12:51.031  2878  2878 D GlobalActions: mBroadcastReceiver : onReceive : android.intent.action.SCREEN_OFF
08-24 19:12:51.031  2878  2878 D GlobalActions: mBroadcastReceiver : onReceive : sendEmptyMessage(MESSAGE_DISMISS) reason #1
08-24 19:12:51.041  6380  6478 D BtGatt.ScanManager: handleLcdOffIntent : thresholdScanValue is = 10 mLastConfiguredScanValue =5
08-24 19:12:51.041  5720  5782 D BluetoothAdapter: STATE_BLE_ON
08-24 19:12:51.041  5720  5782 D BluetoothAdapter: appoCount is = 0
08-24 19:12:51.041  5720  5782 D BluetoothAdapter: STATE_BLE_ON
08-24 19:12:51.041  5720  5782 D BluetoothLeScanner: Stop Scan
08-24 19:12:51.061  6380  6390 D BtGatt.GattService: stopScan() - queue size =1
08-24 19:12:51.071  6380  9467 D BtGatt.GattService: unregisterClient() - clientIf=5
08-24 19:12:51.071  6380  6518 E BtGatt.GattService: [GSIM LOG]: gsimLogHandler: com.samsung.android.beaconmanager, msg: MESSAGE_STOP_SCAN
08-24 19:12:51.071  6380  6518 D BtGatt.GattService: [GSIM LOG]: updateScanTime: 1
08-24 19:12:51.071  6380  6478 D BtGatt.ScanManager: stop scan
08-24 19:12:51.131  6380  6478 D BtGatt.ScanManager: configureRegularScanParams() - queue=0
08-24 19:12:51.131  6380  6478 D BtGatt.ScanManager: configureRegularScanParams() - ScanSetting Scan mode=-2147483648 mLastConfiguredScanSetting=100
08-24 19:12:51.131  2164  2164 D libEGL  : eglInitialize EGLDisplay = 0xffdb91ec
08-24 19:12:51.131  2164  2164 D libEGL  : eglTerminate EGLDisplay = 0xffdb924c
08-24 19:12:51.131  2878  4230 V WindowStateAnimator: Finishing drawing window Window{2a2d472 u0 d0 p799 StatusBar}: mDrawState=DRAW_PENDING
08-24 19:12:51.131  6380  6478 D BtGatt.ScanManager: configureRegularScanParams() - queue emtpy, scan stopped
08-24 19:12:51.151  2878 14214 I BatteryStatsDumper: In refreshStats isReason Screen ON/OFF: true
08-24 19:12:51.161  6380  6527 D bt_upio : upio_set : pio 0 action 2, polarity 1
08-24 19:12:51.161  6380  6527 D bt_upio : BT_WAKE is asserted already
08-24 19:12:51.161  2878 14214 D BluetoothAdapter: STATE_BLE_ON
08-24 19:12:51.171  6380  6527 D bt_upio : upio_set : pio 0 action 2, polarity 1
08-24 19:12:51.171  6380  6527 D bt_upio : BT_WAKE is asserted already
08-24 19:12:51.251  2878 14214 D BatteryStatsDumper: WARNING! Cputime is more than 10 seconds behind Foreground time
08-24 19:12:51.251  2878 14214 I BatteryStatsDumper: Previous Battery Level: 41 Current Level: 41 Delta: 0
08-24 19:12:51.311  2694  2740 I NearbySharing: Screen is locked [CONTEXT service_id=194 ]
08-24 19:12:51.311  2694  2740 I NearbySharing: Failed to stop scanning because weren't scanning. [CONTEXT service_id=194 ]
08-24 19:12:51.311  2694  2740 I NearbySharing: Stopping discovery because the screen is locked. [CONTEXT service_id=194 ]
08-24 19:12:51.311  2694  2740 I NearbySharing: Can't stop advertising FastInitiation. Not advertising. [CONTEXT service_id=194 ]
08-24 19:12:51.311  2694  2740 I NearbySharing: Stopping Fast Init advertisement because Bluetooth is off. [CONTEXT service_id=194 ]
08-24 19:12:51.321  2694  2740 I NearbySharing: Failed to stop advertising because we weren't advertising. [CONTEXT service_id=194 ]
08-24 19:12:51.321  2694  2740 I NearbySharing: Stopping advertising because the screen is locked. [CONTEXT service_id=194 ]
08-24 19:12:51.321  2694  2740 I NearbySharing: Stopping FastInitiation scanning because the screen is locked. [CONTEXT service_id=194 ]
08-24 19:12:51.321  2694  2740 I NearbySharing: Can't stop scanning for FastInitiation. Not scanning. [CONTEXT service_id=194 ]
08-24 19:12:51.331  2694  2740 I NearbySharing: Cancelling in use notification [CONTEXT service_id=194 ]
08-24 19:12:51.361  2694  2740 I NearbySharing: Fast Initiation Scanning has stopped [CONTEXT service_id=194 ]
08-24 19:12:51.371 13632 13632 D [WeatherWidget(1506)]  WeatherService: {[B73D43639EB27FAA34EF41A6129C1FA74EE523C06D7536E6814BAB417862AF9BA63017AC2C1E20CC004E1F7C09A488FE7BBC46627C22C564C6CC81D4A2357B83]}
08-24 19:12:51.371 13632 13632 D [WeatherWidget(1506)]  WeatherService: {[B73D43639EB27FAA34EF41A6129C1FA7584615AF63BC2D573983562B13238C49]}
08-24 19:12:51.371 13632 13632 D [WeatherWidget(1506)]  : {[3AE6950019B083611567B0F9442DB03E46FB6DE766AD55CE2B94B9E5E5C0C8EB]}
08-24 19:12:51.411 13632 13632 D [WeatherWidget(1506)]  WeatherService: {[EC3334F14841398C8B464A72D0E61AB753425EFE7657233C5871142E01F00BF199CA1D35B5CA3B445BBFBBC33F199038368D258E314A79C47D8FAB079DA8476B]}
08-24 19:12:51.411 13632 13632 D [WeatherWidget(1506)]  WeatherService: {[EC3334F14841398C8B464A72D0E61AB7E4DA59FD0BAE9FC86C01428C63150325]}
08-24 19:12:51.481  2878  3223 D ActivityManager: removeProcessNameLocked mProcessNames.remove pid=13632 ,hash=29716269 ,name=com.sec.android.daemonapp
08-24 19:12:51.761  2878 14214 I BatteryStatsDumper: Writing to database completed
08-24 19:12:52.931  5135  5205 E ServiceScheduleManager: Enter loop()!!! is sync = 
08-24 19:12:53.011 13703 13824 E ServiceScheduleManager: Enter loop()!!! is sync = 
08-24 19:12:53.211  2180  2675 I audio_hw_primary: do_out_standby +
08-24 19:12:53.211  2180  2675 D audio_hw_primary: output_devices devices:0
08-24 19:12:53.211  2180  2675 D audio_hw_primary: output_devices devices:0
08-24 19:12:53.211  2180  2675 V audio_hw_primary: select_devices output_scenario:-1 input_scenario:-1 out_snd_device 0x0 in_snd_device:0x0
08-24 19:12:53.211  2180  2675 I audio_route: > audio_route_reset :
08-24 19:12:53.211  2180  2675 I audio_route: > audio_route_update_mixer : +
08-24 19:12:53.211  2180  2675 I audio_route: > audio_route_update_mixer : changed(5) -
08-24 19:12:53.211  2180  2675 I audio_hw_primary: select_devices - 
08-24 19:12:53.211  2180  2675 I audio_hw_primary: do_out_standby -
08-24 19:12:54.931  5135  5205 E ServiceScheduleManager: Enter loop()!!! is sync = 
08-24 19:12:55.011 13703 13824 E ServiceScheduleManager: Enter loop()!!! is sync = 
08-24 19:12:56.941  5135  5205 E ServiceScheduleManager: Enter loop()!!! is sync = 
08-24 19:12:57.021 13703 13824 E ServiceScheduleManager: Enter loop()!!! is sync = 
08-24 19:12:57.181  2878  2907 I libsuspend: !@suspend_thread_func: wait
08-24 19:12:57.181  2878  2907 I libsuspend: !@suspend_thread_func: write 30586
08-24 19:12:57.181  2878  2907 I libsuspend:  to wakeup_count
08-24 19:12:57.181  2878  2907 I libsuspend: !@suspend_thread_func: write mem to /sys/power/state
08-24 19:12:57.331  2878  2907 I libsuspend: !@suspend_thread_func: release sem
08-24 19:12:57.431  2878  2907 I libsuspend: !@suspend_thread_func: read wakeup_count
08-24 19:12:57.431  2878  2907 I libsuspend: !@suspend_thread_func: wait
08-24 19:12:57.431  2878  2907 I libsuspend: !@suspend_thread_func: write 30615
08-24 19:12:57.431  2878  2907 I libsuspend:  to wakeup_count
08-24 19:12:57.431  2878  2907 I libsuspend: !@suspend_thread_func: write mem to /sys/power/state
08-24 19:12:59.001  2878  2907 I libsuspend: !@suspend_thread_func: release sem
08-24 19:12:59.021  3630  3630 D CommonServiceConfiguration: getStringValueSetting
08-24 19:12:59.031   799   799 D KeyguardUpdateMonitor: received broadcast android.intent.action.BATTERY_CHANGED
08-24 19:12:59.031   799   799 D KeyguardUpdateMonitor: handleBatteryUpdate
08-24 19:12:59.061  3630  3630 D BatteryMonitor: new battery level: 41
08-24 19:12:59.101  2878  2907 I libsuspend: !@suspend_thread_func: read wakeup_count
08-24 19:12:59.151  3336  3563 I System.out: Broadcasting: Intent { act=com.sec.android.LTE_CA_PARAMETER flg=0x10000000 (has extras) }
08-24 19:12:59.151  3336  9313 I System.out: Broadcast completed: result=0
08-24 19:12:59.171  3336  3563 I System.out: Broadcasting: Intent { act=com.sec.android.LTE_WIDEBAND_INFO flg=0x10000000 (has extras) }
08-24 19:12:59.191   799   953 D NetworkController: onReceive: intent=Intent { act=com.sec.android.LTE_WIDEBAND_INFO flg=0x10000010 bqHint=2 (has extras) }
08-24 19:12:59.191   799   953 D NetworkController.MobileSignalController(0/2147483643): LTE WIDEBAND : mCurrentState.CAIndicator = false
08-24 19:12:59.191   799   953 D NetworkController.MobileSignalController(0/2147483643): getMobileIconGroup(): 0
08-24 19:12:59.221  3336  1801 I System.out: Broadcast completed: result=0
08-24 19:12:59.501  2878  2907 I libsuspend: !@suspend_thread_func: wait
08-24 19:12:59.501  2878  2907 I libsuspend: !@suspend_thread_func: write 30635
08-24 19:12:59.501  2878  2907 I libsuspend:  to wakeup_count
08-24 19:12:59.501  2878  2907 I libsuspend: !@suspend_thread_func: write mem to /sys/power/state
08-24 19:13:08.001  3336  3563 I System.out: Broadcasting: Intent { act=com.sec.android.LTE_CA_PARAMETER flg=0x10000000 (has extras) }
08-24 19:13:08.001  2878  2907 I libsuspend: !@suspend_thread_func: release sem
08-24 19:13:08.011  3336 18193 I System.out: Broadcast completed: result=0
08-24 19:13:08.011  3336  3563 I System.out: Broadcasting: Intent { act=com.sec.android.LTE_WIDEBAND_INFO flg=0x10000000 (has extras) }
08-24 19:13:08.031  3630  3630 D CommonServiceConfiguration: getStringValueSetting
08-24 19:13:08.041   799   799 D KeyguardUpdateMonitor: received broadcast android.intent.action.BATTERY_CHANGED
08-24 19:13:08.041   799   799 D KeyguardUpdateMonitor: handleBatteryUpdate
08-24 19:13:08.071  3630  3630 D BatteryMonitor: new battery level: 41
