08-24 19:11:49.181 13703 13876 W System.err: 		at com.android.internal.os.ZygoteInit.main(ZygoteInit.java:1120)
08-24 19:11:49.181 13703 13876 W System.err: 	Suppressed: java.lang.ClassNotFoundException: com.bytedance.ee.lark.plugin.PluginFunctionMapping$$miniapp
08-24 19:11:49.181  5135 13687 W System.err: 	at android.os.BinderProxy.transactNative(Native Method)
08-24 19:11:49.181  5135 13687 W System.err: 	at android.os.BinderProxy.transact(Binder.java:503)
08-24 19:11:49.181  5135 13687 W System.err: 	at com.ss.android.lark.guidemgr.manis.OnGuideChangeListenerProxy.onGuideChanged(SourceFile:17104970)
08-24 19:11:49.181 13703 13876 W System.err: 		at java.lang.Class.classForName(Native Method)
08-24 19:11:49.181 13703 13876 W System.err: 		at java.lang.BootClassLoader.findClass(ClassLoader.java:781)
08-24 19:11:49.181  5135 13687 W System.err: 	at com.ss.android.lark.guidemgr.manis.GuideMgrProxyImpl.onGuideChanged(SourceFile:17104977)
08-24 19:11:49.181 13703 13876 W System.err: 		at java.lang.BootClassLoader.loadClass(ClassLoader.java:841)
08-24 19:11:49.181  5135 13687 W System.err: 	at com.ss.android.lark.guidemgr.manis.IGuideMgrProxyStub.onGuideChanged(SourceFile:17039418)
08-24 19:11:49.181 13703 13876 W System.err: 		at java.lang.ClassLoader.loadClass(ClassLoader.java:504)
08-24 19:11:49.181  5135 13687 W System.err: 	at com.ss.android.lark.guidemgr.manis.IGuideMgrProxyStub.onTransact(SourceFile:67502248)
08-24 19:11:49.181 13703 13876 W System.err: 		... 25 more
08-24 19:11:49.181  5135 13687 W System.err: 	at android.os.Binder.transact(Binder.java:387)
08-24 19:11:49.181 13703 13876 W System.err: 	Caused by: java.lang.NoClassDefFoundError: Class not found using the boot class loader; no stack trace available
08-24 19:11:49.181  5135 13687 W System.err: 	at com.ss.android.lark.guidemgr.manis.IGuideMgrProxyProxy.onGuideChanged(SourceFile:17104971)
08-24 19:11:49.181  5135 13687 W System.err: 	at com.ss.android.lark.guidemgr.b.a.c(SourceFile:17104995)
08-24 19:11:49.181  5135 13687 W System.err: 	at com.ss.android.lark.guidemgr.b.a.k(SourceFile:262183)
08-24 19:11:49.181  5135 13687 W System.err: 	at com.ss.android.lark.guidemgr.b.a.lambda$Vwgl_rZyRkLWzIBscJFwZnbcbHA(SourceFile)
08-24 19:11:49.181  5135 13687 W System.err: 	at com.ss.android.lark.guidemgr.b.-$$Lambda$a$Vwgl_rZyRkLWzIBscJFwZnbcbHA.run(lambda)
08-24 19:11:49.181  5135 13687 W System.err: 	at com.larksuite.framework.thread.h.run(SourceFile:393305)
08-24 19:11:49.181  5135 13687 W System.err: 	at java.util.concurrent.ThreadPoolExecutor.runWorker(ThreadPoolExecutor.java:1113)
08-24 19:11:49.181  5135 13687 W System.err: 	at java.util.concurrent.ThreadPoolExecutor$Worker.run(ThreadPoolExecutor.java:588)
08-24 19:11:49.181  5135 13687 W System.err: 	at com.larksuite.framework.thread.k$a.run(SourceFile:262202)
08-24 19:11:49.181  5135 13687 W System.err: 	at java.lang.Thread.run(Thread.java:818)
08-24 19:11:49.181  5135 13687 W System.err: 	at java.lang.Thread.run(Thread.java:818)
08-24 19:11:49.221  3350  3350 D Launcher.HomeView: onStop
08-24 19:11:49.231  3350  3350 D capture : ----destroy
08-24 19:11:49.241  3350  3350 D Launcher: onTrimMemory. Level: 80
08-24 19:11:49.241 18315 18315 I A       : Trimming objects from memory, since app is in the background.
08-24 19:11:49.251  3350  3528 D libEGL  : eglTerminate EGLDisplay = 0xe07bf834
08-24 19:11:49.331 13703 13869 W System.err: java.lang.NullPointerException: Attempt to invoke virtual method 'java.lang.String org.json.JSONObject.optString(java.lang.String, java.lang.String)' on a null object reference
08-24 19:11:49.331 13703 13869 W System.err: 	at com.bytedance.crash.n.i(SourceFile:327748)
08-24 19:11:49.331 13703 13869 W System.err: 	at com.bytedance.crash.Npth$1.a(SourceFile:262182)
08-24 19:11:49.331 13703 13869 W System.err: 	at com.bytedance.crash.l.b(SourceFile:262189)
08-24 19:11:49.331 13703 13869 W System.err: 	at com.bytedance.apm.internal.ApmDelegate.k(SourceFile:327715)
08-24 19:11:49.331 13703 13869 W System.err: 	at com.bytedance.apm.internal.ApmDelegate.j(SourceFile:458937)
08-24 19:11:49.331 13703 13869 W System.err: 	at com.bytedance.apm.internal.ApmDelegate.i(SourceFile:327728)
08-24 19:11:49.331 13703 13869 W System.err: 	at com.bytedance.apm.internal.ApmDelegate.a(SourceFile:17104942)
08-24 19:11:49.331 13703 13869 W System.err: 	at com.bytedance.apm.internal.ApmDelegate$10.run(SourceFile:262181)
08-24 19:11:49.331 13703 13869 W System.err: 	at com.bytedance.monitor.util.thread.b$1.run(SourceFile:327723)
08-24 19:11:49.331 13703 13869 W System.err: 	at java.util.concurrent.Executors$RunnableAdapter.call(Executors.java:423)
08-24 19:11:49.331 13703 13869 W System.err: 	at java.util.concurrent.FutureTask.run(FutureTask.java:237)
08-24 19:11:49.331 13703 13869 W System.err: 	at java.util.concurrent.ScheduledThreadPoolExecutor$ScheduledFutureTask.access$201(ScheduledThreadPoolExecutor.java:154)
08-24 19:11:49.331 13703 13869 W System.err: 	at java.util.concurrent.ScheduledThreadPoolExecutor$ScheduledFutureTask.run(ScheduledThreadPoolExecutor.java:269)
08-24 19:11:49.331 13703 13869 W System.err: 	at java.util.concurrent.ThreadPoolExecutor.runWorker(ThreadPoolExecutor.java:1113)
08-24 19:11:49.331 13703 13869 W System.err: 	at java.util.concurrent.ThreadPoolExecutor$Worker.run(ThreadPoolExecutor.java:588)
08-24 19:11:49.331 13703 13869 W System.err: 	at com.bytedance.monitor.util.thread.a.a$1.run(SourceFile:327749)
08-24 19:11:49.331 13703 13869 W System.err: 	at java.lang.Thread.run(Thread.java:818)
08-24 19:11:49.331 13703 13869 W System.err: 	at java.lang.Thread.run(Thread.java:818)
08-24 19:11:49.341  2878  2887 I art     : Background partial concurrent mark sweep GC freed 35906(1903KB) AllocSpace objects, 8(160KB) LOS objects, 25% free, 46MB/62MB, paused 3.441ms total 326.658ms
08-24 19:11:49.381  2164 13619 I display : [PrimaryDisplay] [DYNAMIC_RECOMP] HWC_2_GLES by low FPS(0)
08-24 19:11:49.531 13703 13725 I art     : Background sticky concurrent mark sweep GC freed 28432(1435KB) AllocSpace objects, 2(40KB) LOS objects, 5% free, 15MB/15MB, paused 8.492ms total 56.320ms
08-24 19:11:49.551  5135  5205 E MessageHandleUtils: Success handle delay message 114!
08-24 19:11:49.551  5135  5205 E AsyncScheduleCenter: Handle message { when=-2d3h6m51s329ms what=114 arg2=1000089 obj=CreateServiceData{token=android.os.BinderProxy@4702264 className=com.tt.miniapphost.process.HostCrossProcessCallService packageName=com.larksuite.suite intent=null} target=android.app.ActivityThread$H }
08-24 19:11:49.551  5135  5205 E MessageHandleUtils: Success handle delay message 121!
08-24 19:11:49.561  5135  5205 E AsyncScheduleCenter: Handle message { when=-2d3h6m51s336ms what=121 arg2=1000089 obj=BindServiceData{token=android.os.BinderProxy@4702264 intent=Intent { cmp=com.larksuite.suite/com.tt.miniapphost.process.HostCrossProcessCallService }} target=android.app.ActivityThread$H }
08-24 19:11:49.621 13703 13703 I WebViewFactory: Loading com.google.android.webview version 92.0.4515.131 (code 451513100)
08-24 19:11:49.941 13703 13703 I cr_WVCFactoryProvider: Loaded version=92.0.4515.131 minSdkVersion=21 isBundle=true multiprocess=false packageId=3
08-24 19:11:49.951 13703 13902 W System.err: mkdir failed: EEXIST (File exists) : /data/user/0/com.larksuite.suite/cache/WebView
08-24 19:11:50.101 13703 13703 I cr_LibraryLoader: Successfully loaded native library
08-24 19:11:50.111 13703 13703 I cr_CachingUmaRecorder: Flushed 7 samples from 7 histograms.
08-24 19:11:50.271  2164  2164 I display : [PrimaryDisplay] [DYNAMIC_RECOMP] first frame after HWC_2_GLES
08-24 19:11:50.271  2164  2164 I display : [PrimaryDisplay] [DYNAMIC_RECOMP] GLES_2_HWC by high FPS(5)
08-24 19:11:50.351 13703 13789 I TTNET_ALog: ALog function address is 4005924485
08-24 19:11:50.351 13703 13789 W f       : tryResolveImpl:org.chromium.CronetClient
08-24 19:11:50.371 13703 13789 W SyncMainProcessConfig: Sync main process config in current process.
08-24 19:11:50.421 13703 13789 W CronetClient: CronetClient tryCreateCronetEngine
08-24 19:11:50.511 13703 13789 E CronetClient: set alog address: 4005924485
08-24 19:11:50.541 13703 13916 D ConnectivityManager: requestNetwork; getAppId(CallingUid) : 10156, CallingPid : 13703
08-24 19:11:50.581  2164 13619 I display : [PrimaryDisplay] [DYNAMIC_RECOMP] HWC_2_GLES by low FPS(0)
08-24 19:11:50.861  5135  5205 E ServiceScheduleManager: Enter loop()!!! is sync = 
08-24 19:11:50.881 13703 13703 D librarian: loaded the origin lib lark, tag: preload
08-24 19:11:50.891 13703 13789 D librarian: loaded the origin lib sscronet, tag: preload
08-24 19:11:50.891 13703 13789 I cr_CronetLibraryLoader: Cronet version: 77.0.3844.0, arch: armv8l
08-24 19:11:50.901 13703 13789 E CronetClient: ensure setting alog address: 4005924485
08-24 19:11:50.901 13703 13789 E cr_CronetUrlRequestContext: Set alog func addr: 4005924485
08-24 19:11:50.911  2878  4228 D ActivityManager: The following uid has registered to recieve broadcast for proxy related updates 10156
08-24 19:11:50.931 13703 13703 E AsyncServiceScheduleManager: UI thread execute countDown!
08-24 19:11:50.931 13703 13824 E AsyncServiceScheduleManager: end await!
08-24 19:11:50.931 13703 13824 E ServiceScheduleManager: Enter loop()!!! is sync = 
08-24 19:11:50.941 13703 13703 E MessageHandleUtils: Success handle delay message 140!
08-24 19:11:50.941 13703 13824 E ServiceScheduleManager: The last follow message is out of time ,It's dangerous now!
08-24 19:11:50.941 13703 13824 E MessageHandleUtils: Success handle delay message 114!
08-24 19:11:50.951 13703 13703 E MessageHandleUtils: Success handle delay message 140!
08-24 19:11:50.961 13703 13703 I NPTH    : anr_monitor_init succsess!
08-24 19:11:50.971 13703 13824 E AsyncScheduleCenter: Handle message { when=-2d3h6m52s733ms what=114 arg2=1000089 obj=CreateServiceData{token=android.os.BinderProxy@17f9bbe className=com.tt.miniapphost.placeholder.MiniappService1 packageName=com.larksuite.suite intent=null} target=android.app.ActivityThread$H }
08-24 19:11:50.971 13703 13824 E MessageHandleUtils: Success handle delay message 121!
08-24 19:11:51.001 13703 13824 E AsyncScheduleCenter: Handle message { when=-2d3h6m52s776ms what=121 arg2=1000089 obj=BindServiceData{token=android.os.BinderProxy@17f9bbe intent=Intent { cmp=com.larksuite.suite/com.tt.miniapphost.placeholder.MiniappService1 }} target=android.app.ActivityThread$H }
08-24 19:11:51.001 13703 13824 E MessageHandleUtils: Success handle delay message 115!
08-24 19:11:51.141  2164  2164 I display : [PrimaryDisplay] [DYNAMIC_RECOMP] first frame after HWC_2_GLES
08-24 19:11:51.141  2164  2164 I display : [PrimaryDisplay] [DYNAMIC_RECOMP] GLES_2_HWC by high FPS(5)
08-24 19:11:51.221 13703 13824 W ResourceType: For resource 0x7f0c0826, entry index(2086) is beyond type entryCount(1268)
08-24 19:11:51.261 13703 13824 W ResourceType: For resource 0x7f0c0844, entry index(2116) is beyond type entryCount(1268)
08-24 19:11:51.261 13703 13824 W ResourceType: For resource 0x7f0c083d, entry index(2109) is beyond type entryCount(1268)
08-24 19:11:51.321  2173  2818 D EnterpriseController: netId is 0
08-24 19:11:51.321  2173  2818 D Netd    : getNetworkForDns: using netid 644 for uid 10156
08-24 19:11:51.321  2173  2818 D EnterpriseController: netId is 0
08-24 19:11:51.321  2173  2818 D Netd    : getNetworkForDns: using netid 644 for uid 10156
08-24 19:11:51.321  2173  2818 D EnterpriseController: netId is 0
08-24 19:11:51.321  2173  2818 D Netd    : getNetworkForDns: using netid 644 for uid 10156
08-24 19:11:51.321  2173  2818 D EnterpriseController: netId is 0
08-24 19:11:51.321  2173  2818 D Netd    : getNetworkForDns: using netid 644 for uid 10156
08-24 19:11:51.451 13703 13824 W ResourceType: For resource 0x7f0c085b, entry index(2139) is beyond type entryCount(1268)
08-24 19:11:51.481  2164 13619 I display : [PrimaryDisplay] [DYNAMIC_RECOMP] HWC_2_GLES by low FPS(0)
08-24 19:11:51.511 13703 13824 W ResourceType: For resource 0x7f0c0835, entry index(2101) is beyond type entryCount(1268)
08-24 19:11:51.511 13703 13824 W ResourceType: For resource 0x7f0c083a, entry index(2106) is beyond type entryCount(1268)
08-24 19:11:51.531 13703 13824 W ResourceType: For resource 0x7f0c083a, entry index(2106) is beyond type entryCount(1268)
08-24 19:11:51.531 13703 13824 W ResourceType: For resource 0x7f0c085c, entry index(2140) is beyond type entryCount(1268)
08-24 19:11:51.541 13703 13953 D librarian: loaded the origin lib c++_shared, tag: preload
08-24 19:11:51.551 13703 13824 W Bundle  : Key tracing expected Parcelable but value was a com.ss.android.lark.opmonitor.trace.OPTrace.  The default value <null> was returned.
08-24 19:11:51.561 13703 13824 W Bundle  : Attempt to cast generated internal exception:
08-24 19:11:51.561 13703 13824 W Bundle  : java.lang.ClassCastException: com.ss.android.lark.opmonitor.trace.OPTrace cannot be cast to android.os.Parcelable
08-24 19:11:51.561 13703 13824 W Bundle  : 	at android.os.Bundle.getParcelable(Bundle.java:792)
08-24 19:11:51.561 13703 13824 W Bundle  : 	at android.content.Intent.getParcelableExtra(Intent.java:6249)
08-24 19:11:51.561 13703 13824 W Bundle  : 	at com.tt.miniapphost.MiniappHostService.a(SourceFile:50790513)
08-24 19:11:51.561 13703 13824 W Bundle  : 	at com.tt.miniapphost.MiniappHostService.onStartCommand(SourceFile:50856243)
08-24 19:11:51.561 13703 13824 W Bundle  : 	at android.app.ActivityThread.handleServiceArgs(ActivityThread.java:4128)
08-24 19:11:51.561 13703 13824 W Bundle  : 	at android.app.ActivityThread.access$2400(ActivityThread.java:229)
08-24 19:11:51.561 13703 13824 W Bundle  : 	at android.app.ActivityThread$H.handleMessage(ActivityThread.java:1924)
08-24 19:11:51.561 13703 13824 W Bundle  : 	at android.os.Handler.dispatchMessage(Handler.java:102)
08-24 19:11:51.561 13703 13824 W Bundle  : 	at com.bytedance.platform.horae.a.a.a.a(SourceFile:17104994)
08-24 19:11:51.561 13703 13824 W Bundle  : 	at com.bytedance.platform.horae.a.a.b.handleMessage(SourceFile:17236099)
08-24 19:11:51.561 13703 13824 W Bundle  : 	at android.os.Handler.dispatchMessage(Handler.java:102)
08-24 19:11:51.561 13703 13824 W Bundle  : 	at android.os.Looper.loop(Looper.java:148)
08-24 19:11:51.561 13703 13824 W Bundle  : 	at android.os.HandlerThread.run(HandlerThread.java:61)
08-24 19:11:51.561 13703 13824 E AsyncScheduleCenter: Handle message { when=-2d3h6m53s335ms what=115 arg2=1000089 obj=ServiceArgsData{token=android.os.BinderProxy@17f9bbe startId=1 args=Intent { cmp=com.larksuite.suite/com.tt.miniapphost.placeholder.MiniappService1 (has extras) }} target=android.app.ActivityThread$H }
08-24 19:11:51.581 13703 13953 D librarian: loaded the origin lib v8_libbase.cr, tag: preload
08-24 19:11:51.621 13703 13953 D librarian: loaded the origin lib v8_libplatform.cr, tag: preload
08-24 19:11:51.681 13703 13953 D librarian: loaded the origin lib v8.cr, tag: preload
08-24 19:11:51.831 13703 13953 D librarian: loaded the origin lib jsbindingv2, tag: preload
08-24 19:11:51.861 13703 13953 I jsbinding.cc: init setAlignedPointerInInternalField
08-24 19:11:51.871 13703 13953 E loader.cc: falcon _loader_TTAppLoader_setup  cacheBgCreate false
08-24 19:11:52.141  2164  2164 I display : [PrimaryDisplay] [DYNAMIC_RECOMP] first frame after HWC_2_GLES
08-24 19:11:52.141  2164  2164 I display : [PrimaryDisplay] [DYNAMIC_RECOMP] GLES_2_HWC by high FPS(5)
08-24 19:11:52.351  2173  2818 D EnterpriseController: netId is 0
08-24 19:11:52.351  2173  2818 D Netd    : getNetworkForDns: using netid 644 for uid 10156
08-24 19:11:52.481  2164 13619 I display : [PrimaryDisplay] [DYNAMIC_RECOMP] HWC_2_GLES by low FPS(0)
08-24 19:11:52.861  5135  5205 E ServiceScheduleManager: Enter loop()!!! is sync = 
08-24 19:11:52.911 13139 13230 W ResourceType: For resource 0x7f0807c6, entry index(1990) is beyond type entryCount(1440)
08-24 19:11:52.921 13139 13230 W ResourceType: For resource 0x7f0807c7, entry index(1991) is beyond type entryCount(1440)
08-24 19:11:52.931 13139 13230 W ResourceType: For resource 0x7f0808e1, entry index(2273) is beyond type entryCount(1440)
08-24 19:11:52.931 13139 13230 W ResourceType: For resource 0x7f0808e1, entry index(2273) is beyond type entryCount(1440)
08-24 19:11:52.931 13139 13230 W ResourceType: For resource 0x7f080883, entry index(2179) is beyond type entryCount(1440)
08-24 19:11:52.931 13139 13230 W ResourceType: For resource 0x7f080883, entry index(2179) is beyond type entryCount(1440)
08-24 19:11:52.931 13139 13230 W ResourceType: For resource 0x7f0806cb, entry index(1739) is beyond type entryCount(1440)
08-24 19:11:52.931 13139 13230 W ResourceType: For resource 0x7f0806cb, entry index(1739) is beyond type entryCount(1440)
08-24 19:11:52.941 13139 13230 W ResourceType: For resource 0x7f080903, entry index(2307) is beyond type entryCount(1440)
08-24 19:11:52.941 13139 13230 W ResourceType: For resource 0x7f080903, entry index(2307) is beyond type entryCount(1440)
08-24 19:11:52.951 13703 13824 E ServiceScheduleManager: Enter loop()!!! is sync = 
08-24 19:11:52.951 13139 13230 W ResourceType: For resource 0x7f0805dd, entry index(1501) is beyond type entryCount(1440)
08-24 19:11:52.951 13139 13230 W ResourceType: For resource 0x7f0805dd, entry index(1501) is beyond type entryCount(1440)
08-24 19:11:52.951 13139 13230 W ResourceType: For resource 0x7f080754, entry index(1876) is beyond type entryCount(1440)
08-24 19:11:52.961 13139 13230 W ResourceType: For resource 0x7f080873, entry index(2163) is beyond type entryCount(1440)
08-24 19:11:52.961 13139 13230 W ResourceType: For resource 0x7f080873, entry index(2163) is beyond type entryCount(1440)
08-24 19:11:52.961 13139 13230 W ResourceType: For resource 0x7f080aae, entry index(2734) is beyond type entryCount(1440)
08-24 19:11:52.971 13139 13230 W ResourceType: For resource 0x7f141123, entry index(4387) is beyond type entryCount(1889)
08-24 19:11:52.971 13139 13230 W ResourceType: For resource 0x7f14111a, entry index(4378) is beyond type entryCount(1889)
08-24 19:11:52.971 13139 13230 W ResourceType: For resource 0x7f140763, entry index(1891) is beyond type entryCount(1889)
08-24 19:11:52.971 13139 13230 W ResourceType: For resource 0x7f141122, entry index(4386) is beyond type entryCount(1889)
08-24 19:11:52.971 13139 13230 W ResourceType: For resource 0x7f140b6a, entry index(2922) is beyond type entryCount(1889)
08-24 19:11:52.971 13139 13230 W ResourceType: For resource 0x7f140b69, entry index(2921) is beyond type entryCount(1889)
08-24 19:11:52.971 13139 13230 W ResourceType: For resource 0x7f141327, entry index(4903) is beyond type entryCount(1889)
08-24 19:11:52.971 13139 13230 W ResourceType: For resource 0x7f140bd1, entry index(3025) is beyond type entryCount(1889)
08-24 19:11:52.971 13139 13230 W ResourceType: For resource 0x7f141124, entry index(4388) is beyond type entryCount(1889)
08-24 19:11:52.971 13139 13230 W ResourceType: For resource 0x7f140c0f, entry index(3087) is beyond type entryCount(1889)
08-24 19:11:52.971 13139 13230 W ResourceType: For resource 0x7f140be5, entry index(3045) is beyond type entryCount(1889)
08-24 19:11:52.971 13139 13230 W ResourceType: For resource 0x7f140c1c, entry index(3100) is beyond type entryCount(1889)
08-24 19:11:52.981 13139 13230 W ResourceType: For resource 0x7f14103f, entry index(4159) is beyond type entryCount(1889)
08-24 19:11:52.981 13139 13230 W ResourceType: For resource 0x7f14103f, entry index(4159) is beyond type entryCount(1889)
08-24 19:11:52.981 13139 13230 W ResourceType: For resource 0x7f14103f, entry index(4159) is beyond type entryCount(1889)
08-24 19:11:52.981 13139 13230 W ResourceType: For resource 0x7f14103f, entry index(4159) is beyond type entryCount(1889)
08-24 19:11:52.981 13139 13230 W ResourceType: For resource 0x7f14080d, entry index(2061) is beyond type entryCount(1889)
08-24 19:11:52.981 13139 13230 W ResourceType: For resource 0x7f140c67, entry index(3175) is beyond type entryCount(1889)
08-24 19:11:53.341 13703 13703 W cr_AwDataDirLock: Using WebView from more than one process at once with the same data directory is not supported. https://crbug.com/558377 : Current process com.larksuite.suite:miniapp1 (pid 13703), lock owner com.larksuite.suite (pid 5135)
08-24 19:11:53.341 13979 13979 E Zygote  : v2
08-24 19:11:53.341 13979 13979 W SELinux : Function: selinux_compare_spd_ram, index[1], priority [2], priority version is VE=SEPF_SECMOBILE_6.0.1_0035
08-24 19:11:53.351 13979 13979 E Zygote  : accessInfo : 0
08-24 19:11:53.351 13979 13979 W SELinux : SELinux: seapp_context_lookup: seinfo=untrusted, level=s0:c512,c768, pkgname=com.google.process.gapps 
08-24 19:11:53.441 13979 13979 D TimaKeyStoreProvider: TimaSignature is unavailable
08-24 19:11:53.441 13979 13979 D ActivityThread: Added TimaKeyStore provider
08-24 19:11:53.541 13979 13979 W System  : ClassLoader referenced unknown path: /system/priv-app/GoogleServicesFramework/lib/arm
08-24 19:11:53.591 13979 13979 I GservicesProvider: Gservices pushing to system: true; secure/global: true
08-24 19:11:53.701 13703 13810 I CustomHitHeaderHolder: createCustomHitPointHeader: {platform=lark, is_device_64=false, sys_rom_incremental_version=, sys_rom_base_version=samsung_mmb29k.j700fxxu4brl2, tenant_id=0b69724e1109ec2f4e96909ae1683cc746409421, dark_mode=light, LKP=0, is_app_64=false, is_login=true, sub_platform=others, lark_user_id=e50e0abcb55e96b7898ed0bc30bd5e57f0699c18, user_unique_id=e50e0abcb55e96b7898ed0bc30bd5e57f0699c18, app_full_version=4.5.4}
08-24 19:11:53.781 13979 13979 I GoogleHttpClient: GMS http client unavailable, use old client
08-24 19:11:54.021  2878  3223 D ActivityManager: The following uid has registered to recieve broadcast for proxy related updates 10156
08-24 19:11:54.081  5135  5135 E c_receiver: com.bytedance.applog.collector.Collector
08-24 19:11:54.081  5135  5205 E c_receiver: com.bytedance.applog.collector.Collector
08-24 19:11:54.081  5135  5205 E c_receiver: com.bytedance.applog.collector.Collector
08-24 19:11:54.081  5135  5205 E MessageHandleUtils: Success handle delay message 113!
08-24 19:11:54.081  5135  5205 E AsyncScheduleCenter: Handle message { when=-2d3h6m55s858ms what=113 arg2=1000089 obj=ReceiverData{intent=Intent { flg=0x10 cmp=com.larksuite.suite/com.bytedance.applog.collector.Collector bqHint=4 (has extras) } packageName=com.larksuite.suite resultCode=-1 resultData=null resultExtras=null} target=android.app.ActivityThread$H }
08-24 19:11:54.131 13703 13703 D ConnectivityManager: requestNetwork; getAppId(CallingUid) : 10156, CallingPid : 13703
08-24 19:11:54.271 13703 13703 I art     : Rejecting re-init on previously-failed class java.lang.Class<com.bytedance.ee.larkwebview.e.a>
08-24 19:11:54.271 13703 13703 I art     : Rejecting re-init on previously-failed class java.lang.Class<com.bytedance.ee.larkwebview.e.a>
08-24 19:11:54.451  5135  5135 E c_receiver: com.bytedance.applog.collector.Collector
08-24 19:11:54.451  5135  5205 E c_receiver: com.bytedance.applog.collector.Collector
08-24 19:11:54.451  5135  5205 E c_receiver: com.bytedance.applog.collector.Collector
08-24 19:11:54.451  5135  5205 E MessageHandleUtils: Success handle delay message 113!
08-24 19:11:54.451  5135  5205 E AsyncScheduleCenter: Handle message { when=-2d3h6m56s229ms what=113 arg2=1000089 obj=ReceiverData{intent=Intent { flg=0x10 cmp=com.larksuite.suite/com.bytedance.applog.collector.Collector bqHint=4 (has extras) } packageName=com.larksuite.suite resultCode=-1 resultData=null resultExtras=null} target=android.app.ActivityThread$H }
08-24 19:11:54.751  2878  2950 D InputReader: Input event(1): value=1 when=184016523997000
08-24 19:11:54.751  2878  2950 D InputReader: Input event(1): value=1 when=184016523997000
08-24 19:11:54.751  2878  2950 I InputReader: Touch event's action is 0x0 (deviceType=0) [pCnt=1, s=0.12029 ] when=184016523997000
08-24 19:11:54.761  2878  2950 D InputReader: lastThreadEndTime = 184002657711503, currentThreadStartTime = 184002657715080, diff = 0
08-24 19:11:54.761  2878  2949 I InputDispatcher: Delivering touch to (799): action: 0x4, toolType: 1
08-24 19:11:54.761  2878  2949 I InputDispatcher: Delivering touch to (13738): action: 0x0, toolType: 1
08-24 19:11:54.771 13738 13738 D ViewRootImpl: ViewPostImeInputStage processPointer 0
08-24 19:11:54.861  5135  5205 E ServiceScheduleManager: Enter loop()!!! is sync = 
08-24 19:11:54.891  2164  2164 I display : [PrimaryDisplay] [DYNAMIC_RECOMP] first frame after HWC_2_GLES
08-24 19:11:54.891  2164  2164 I display : [PrimaryDisplay] [DYNAMIC_RECOMP] GLES_2_HWC by high FPS(5)
08-24 19:11:54.951 13703 13824 E ServiceScheduleManager: Enter loop()!!! is sync = 
08-24 19:11:54.981  2878  2950 D InputReader: Input event(1): value=0 when=184016754636000
08-24 19:11:54.981  2878  2950 D InputReader: Input event(1): value=0 when=184016754636000
08-24 19:11:54.981  2878  2950 I InputReader: Touch event's action is 0x1 (deviceType=0) [pCnt=1, s=] when=184016754636000
08-24 19:11:54.981  2878  2949 I InputDispatcher: Delivering touch to (13738): action: 0x1, toolType: 1
08-24 19:11:54.981 13738 13738 D ViewRootImpl: ViewPostImeInputStage processPointer 1
08-24 19:11:55.071 13703 14018 D libEGL  : loaded /vendor/lib/egl/libGLES_mali.so
08-24 19:11:55.101 13703 14018 E libEGL  : validate_display:255 error 3008 (EGL_BAD_DISPLAY)
08-24 19:11:55.271 13703 14018 D libEGL  : eglInitialize EGLDisplay = 0xc975c45c
08-24 19:11:55.271 13703 13703 I Choreographer: Skipped 34 frames!  The application may be doing too much work on its main thread.
08-24 19:11:55.341 13703 14018 E libEGL  : validate_display:255 error 3008 (EGL_BAD_DISPLAY)
08-24 19:11:55.341 13703 14011 E chromium: [ERROR:database.cc(1711)] Web sqlite error 5, errno 0: database is locked, sql: DELETE FROM autofill WHERE date_last_used < ?
08-24 19:11:55.371 13703 14018 D libGLESv2: DTS_GLAPI : DTS is not allowed for Package : com.larksuite.suite:miniapp1
08-24 19:11:55.451 13703 14004 W System.err: mkdir failed: EEXIST (File exists) : /data/user/0/com.larksuite.suite/cache/WebView/Crash Reports
08-24 19:11:55.471  2878  2950 D InputReader: Input event(1): value=1 when=184017245869000
08-24 19:11:55.471  2878  2950 D InputReader: Input event(1): value=1 when=184017245869000
08-24 19:11:55.471  2878  2950 I InputReader: Touch event's action is 0x0 (deviceType=0) [pCnt=1, s=0.12030 ] when=184017245869000
08-24 19:11:55.471  2878  2950 D InputReader: lastThreadEndTime = 184016754874339, currentThreadStartTime = 184016754877455, diff = 0
08-24 19:11:55.471  2878  2949 I InputDispatcher: Delivering touch to (799): action: 0x4, toolType: 1
08-24 19:11:55.471  2878  2949 I InputDispatcher: Delivering touch to (13738): action: 0x0, toolType: 1
08-24 19:11:55.471 13738 13738 D ViewRootImpl: ViewPostImeInputStage processPointer 0
08-24 19:11:55.621  2878  2950 D InputReader: Input event(1): value=0 when=184017396037000
08-24 19:11:55.621  2878  2950 D InputReader: Input event(1): value=0 when=184017396037000
08-24 19:11:55.621  2878  2950 I InputReader: Touch event's action is 0x1 (deviceType=0) [pCnt=1, s=] when=184017396037000
08-24 19:11:55.621  2878  2949 I InputDispatcher: Delivering touch to (13738): action: 0x1, toolType: 1
08-24 19:11:55.621 13738 13738 D ViewRootImpl: ViewPostImeInputStage processPointer 1
08-24 19:11:55.781  2173  2818 D EnterpriseController: netId is 0
08-24 19:11:55.781  2173  2818 D Netd    : getNetworkForDns: using netid 644 for uid 10008
08-24 19:11:55.891 25720 28257 I qtaguid : Tagging socket 169 with tag 800180400000000{134223876,0} uid 10156, pid: 25720, getuid(): 10008
08-24 19:11:56.271 14049 14049 E Zygote  : v2
08-24 19:11:56.271 14049 14049 W SELinux : Function: selinux_compare_spd_ram, index[1], priority [2], priority version is VE=SEPF_SECMOBILE_6.0.1_0035
08-24 19:11:56.271 14049 14049 E Zygote  : accessInfo : 0
08-24 19:11:56.331 25720 28257 I qtaguid : Tagging socket 143 with tag 800180400000000{134223876,0} uid 10156, pid: 25720, getuid(): 10008
08-24 19:11:56.331  2173  2818 D EnterpriseController: netId is 0
08-24 19:11:56.331  2173  2818 D Netd    : getNetworkForDns: using netid 644 for uid 10156
08-24 19:11:56.331  2173  2818 D EnterpriseController: netId is 0
08-24 19:11:56.331  2173  2818 D Netd    : getNetworkForDns: using netid 644 for uid 10156
08-24 19:11:56.331  2173  2818 D EnterpriseController: netId is 0
08-24 19:11:56.331  2173  2818 D Netd    : getNetworkForDns: using netid 644 for uid 10156
08-24 19:11:56.331  2173  2818 D EnterpriseController: netId is 0
08-24 19:11:56.331  2173  2818 D Netd    : getNetworkForDns: using netid 644 for uid 10156
08-24 19:11:56.361 25720 14045 I Authzen : [DeviceStateSyncManager] The server is in sync with current state. Nothing to do
08-24 19:11:56.461 14049 14049 D TimaKeyStoreProvider: TimaSignature is unavailable
08-24 19:11:56.461 14049 14049 D ActivityThread: Added TimaKeyStore provider
08-24 19:11:56.711  2878  2950 D InputReader: Input event(1): value=1 when=184018489185000
08-24 19:11:56.711  2878  2950 D InputReader: Input event(1): value=1 when=184018489185000
08-24 19:11:56.711  2878  2950 I InputReader: Touch event's action is 0x0 (deviceType=0) [pCnt=1, s=0.12031 ] when=184018489185000
08-24 19:11:56.711  2878  2950 D InputReader: lastThreadEndTime = 184017396386570, currentThreadStartTime = 184017396391916, diff = 0
08-24 19:11:56.711  2878  2949 I InputDispatcher: Delivering touch to (799): action: 0x4, toolType: 1
08-24 19:11:56.721  2878  2949 I InputDispatcher: Delivering touch to (13738): action: 0x0, toolType: 1
08-24 19:11:56.721 13738 13738 D ViewRootImpl: ViewPostImeInputStage processPointer 0
08-24 19:11:56.811  2878  2950 D InputReader: Input event(1): value=0 when=184018589178000
08-24 19:11:56.811  2878  2950 D InputReader: Input event(1): value=0 when=184018589178000
08-24 19:11:56.811  2878  2950 I InputReader: Touch event's action is 0x1 (deviceType=0) [pCnt=1, s=] when=184018589178000
08-24 19:11:56.811  2878  2949 I InputDispatcher: Delivering touch to (13738): action: 0x1, toolType: 1
08-24 19:11:56.811 13738 13738 D ViewRootImpl: ViewPostImeInputStage processPointer 1
08-24 19:11:56.871  5135  5205 E ServiceScheduleManager: Enter loop()!!! is sync = 
08-24 19:11:56.951 13703 13824 E ServiceScheduleManager: Enter loop()!!! is sync = 
08-24 19:11:56.991  2164 13619 I display : [PrimaryDisplay] [DYNAMIC_RECOMP] HWC_2_GLES by low FPS(3)
08-24 19:11:57.001  2164  2164 I display : [PrimaryDisplay] [DYNAMIC_RECOMP] GLES_2_HWC by high FPS(8)
08-24 19:11:57.091 13738 13738 I Timeline: Timeline: Activity_launch_request id:com.android.settings time:184018866
08-24 19:11:57.171  2878  4228 D ActivityTrigger: ActivityTrigger activityPauseTrigger 
08-24 19:11:57.191  2878  4228 D InputDispatcher: Focused application set to: xxxx
08-24 19:11:57.191  2878  4228 D InputDispatcher: Focus left window: 13738
08-24 19:11:57.201  2878  2904 D PointerIcon: setMouseIconStyle1 pointerType: 1001 iconType:101 flag:0 pid:2878 uid:1000
08-24 19:11:57.201  2878  2904 D PointerIcon: setMouseCustomIcon IconType is same.101
08-24 19:11:57.251 13738 13738 E AccessibilityManager: assistantMenuUpdate invoking from manager:
08-24 19:11:57.341 13738 13738 D settings: onCreate()
08-24 19:11:57.341 13738 13738 D isContainerOnlyMode: isContainerOnlyMode()
08-24 19:11:57.341 13738 13738 D isContainerOnlyMode: isContainerOnlyMode() false
08-24 19:11:57.341 13738 13738 D Index   : onCreate / initialFragmentName: com.android.settings.DevelopmentSettings
08-24 19:11:57.541 13738 13738 I Switch  : Immediately mode attached=false laidOut=false
08-24 19:11:57.561 13738 13738 I Switch  : Immediately mode attached=false laidOut=false
08-24 19:11:57.591 13738 13738 D SubSettings: Launching fragment com.android.settings.DevelopmentSettings
08-24 19:11:57.641  2878  2887 I art     : Background partial concurrent mark sweep GC freed 26678(1533KB) AllocSpace objects, 8(224KB) LOS objects, 25% free, 46MB/62MB, paused 7.727ms total 283.421ms
08-24 19:11:57.851 13738 13738 W System.err: android.content.pm.PackageManager$NameNotFoundException: com.samsung.helphub
08-24 19:11:57.861 13738 13738 W System.err: 	at android.app.ApplicationPackageManager.getPackageInfo(ApplicationPackageManager.java:235)
08-24 19:11:57.861 13738 13738 W System.err: 	at com.android.settings.Utils.isSupportHelpMenu(Utils.java:3674)
08-24 19:11:57.861 13738 13738 W System.err: 	at com.android.settings.SettingsActivity.onCreate(SettingsActivity.java:1507)
08-24 19:11:57.861 13738 13738 W System.err: 	at com.android.settings.SubSettings.onCreate(SubSettings.java:43)
08-24 19:11:57.861 13738 13738 W System.err: 	at android.app.Activity.performCreate(Activity.java:6904)
08-24 19:11:57.861 13738 13738 W System.err: 	at android.app.Instrumentation.callActivityOnCreate(Instrumentation.java:1136)
08-24 19:11:57.861 13738 13738 W System.err: 	at android.app.ActivityThread.performLaunchActivity(ActivityThread.java:3266)
08-24 19:11:57.861 13738 13738 W System.err: 	at android.app.ActivityThread.handleLaunchActivity(ActivityThread.java:3415)
08-24 19:11:57.861 13738 13738 W System.err: 	at android.app.ActivityThread.access$1100(ActivityThread.java:229)
08-24 19:11:57.861 13738 13738 W System.err: 	at android.app.ActivityThread$H.handleMessage(ActivityThread.java:1821)
08-24 19:11:57.861 13738 13738 W System.err: 	at android.os.Handler.dispatchMessage(Handler.java:102)
08-24 19:11:57.861 13738 13738 W System.err: 	at android.os.Looper.loop(Looper.java:148)
08-24 19:11:57.861 13738 13738 W System.err: 	at android.app.ActivityThread.main(ActivityThread.java:7325)
08-24 19:11:57.861 13738 13738 W System.err: 	at java.lang.reflect.Method.invoke(Native Method)
08-24 19:11:57.861 13738 13738 W System.err: 	at com.android.internal.os.ZygoteInit$MethodAndArgsCaller.run(ZygoteInit.java:1230)
08-24 19:11:57.861 13738 13738 W System.err: 	at com.android.internal.os.ZygoteInit.main(ZygoteInit.java:1120)
08-24 19:11:57.861 13738 13738 D SettingsActivity: onCreate took: 517 ms
08-24 19:11:57.891 13738 13738 D AbsListView: Get MotionRecognitionManager
08-24 19:11:57.911 13738 13738 E MotionRecognitionManager: mSContextService = null
08-24 19:11:57.911 13738 13738 E MotionRecognitionManager: motionService = com.samsung.android.motion.IMotionRecognitionService$Stub$Proxy@24a0040
08-24 19:11:57.971 13738 13738 D SettingsActivity: onResume finished
08-24 19:11:57.971 13738 13738 D SettingsPreferenceFragment: intent.hasExtra(SettingsActivity.EXTRA_SHOW_FRAGMENT : true
08-24 19:11:57.971 13738 13738 D SettingsPreferenceFragment: fragmentName : com.android.settings.DevelopmentSettings
08-24 19:11:57.971  2878  5322 D SecContentProvider: query(), uri = 15 selection = isDeveloperModeAllowed
08-24 19:11:57.981 13738 13738 I Switch  : Immediately mode attached=false laidOut=false
08-24 19:11:57.981 13738 13738 W Settings: Setting bugreport_in_power_menu has moved from android.provider.Settings.Secure to android.provider.Settings.Global.
08-24 19:11:58.001  2878  3105 D PackageManager: setEnabledSetting : userId = 0 packageName = com.android.shell cmp = com.android.shell.BugreportStorageProvider newState = 1 callingPackage = 1000
08-24 19:11:58.021  2878  3654 D SecContentProvider: query(), uri = 17 selection = isUsbDebuggingEnabled
08-24 19:11:58.021  2878  4227 D SecContentProvider: query(), uri = 16 selection = isMockLocationEnabled
08-24 19:11:58.021  2878  5326 D SecContentProvider: query(), uri = 16 selection = isKillingActivitiesOnLeaveAllowed
08-24 19:11:58.021  2878  3491 D SecContentProvider: query(), uri = 15 selection = isBackgroundProcessLimitEnabled
08-24 19:11:58.031 13738 13738 D ViewRootImpl: #1 mView = com.android.internal.policy.PhoneWindow$DecorView{f6b60de I.E...... R.....ID 0,0-0,0}
08-24 19:11:58.041  2878  4016 D ActivityManager: post active user change for 0 fullscreen true isFloatingActivity() false isHomeActivity() false
08-24 19:11:58.041  2878  4016 D KnoxTimeoutHandler: postActiveUserChange [MsgParam] userId: 0 fullscreen is true showWhenlocked is false
08-24 19:11:58.041  2878  2878 D KnoxTimeoutHandler: handleActiveUserChange [MsgParam] userId: 0 fullscreen is true showWhenlocked is false
08-24 19:11:58.041 13738 13738 I Choreographer: Skipped 44 frames!  The application may be doing too much work on its main thread.
08-24 19:11:58.041  2878  2878 I KnoxTimeoutHandler: Shared devices show user statefalse
08-24 19:11:58.061  2164  2164 I SurfaceFlinger: id=6048 createSurf (1x1),1 flag=404, TubSettings
08-24 19:11:58.081  2878  5322 D InputDispatcher: Focus entered window: 13738
08-24 19:11:58.081  2878  2904 D PointerIcon: setMouseIconStyle1 pointerType: 1001 iconType:101 flag:0 pid:2878 uid:1000
08-24 19:11:58.081  2878  2904 D PointerIcon: setMouseCustomIcon IconType is same.101
08-24 19:11:58.091 13738 13803 D mali_winsys: new_window_surface returns 0x3000,  [720x1280]-format:1
08-24 19:11:58.121 13738 13738 I Switch  : Immediately mode attached=false laidOut=false
08-24 19:11:58.121 13738 13738 I Switch  : Immediately mode attached=false laidOut=false
08-24 19:11:58.121 13738 13738 I Switch  : Immediately mode attached=false laidOut=false
08-24 19:11:58.131 13738 13738 I Switch  : Immediately mode attached=false laidOut=false
08-24 19:11:58.131 13738 13738 I Switch  : Immediately mode attached=false laidOut=false
08-24 19:11:58.131 13738 13738 I Switch  : Immediately mode attached=false laidOut=false
08-24 19:11:58.141 13738 13738 I Switch  : Immediately mode attached=false laidOut=false
08-24 19:11:58.141 13738 13738 I Switch  : Immediately mode attached=false laidOut=false
08-24 19:11:58.141 13738 13738 I Switch  : Immediately mode attached=false laidOut=false
08-24 19:11:58.161 13738 13738 I Switch  : Immediately mode attached=false laidOut=false
08-24 19:11:58.161 13738 13738 I Switch  : Immediately mode attached=false laidOut=false
08-24 19:11:58.161 13738 13738 I Switch  : Immediately mode attached=false laidOut=false
08-24 19:11:58.171 13738 13738 D DevelopmentSettings: updateUsbConfigurationValues : 
08-24 19:11:58.221  2878  5326 V WindowStateAnimator: Finishing drawing window Window{bd1be86 u0 d0 p13738 com.android.settings/com.android.settings.SubSettings}: mDrawState=DRAW_PENDING
08-24 19:11:58.231 13738 13738 D ViewRootImpl: MSG_RESIZED_REPORT: ci=Rect(0, 48 - 0, 0) vi=Rect(0, 48 - 0, 0) or=1
08-24 19:11:58.231  2164  2164 D libEGL  : eglInitialize EGLDisplay = 0xffdb91ec
08-24 19:11:58.241  2878  4228 D InputMethodManagerService: windowGainedFocus mCurrentFocusedUserId - 0 and mSecureKeypadEnabled-false
08-24 19:11:58.251  2878  2904 D KnoxTimeoutHandler: notifyActivityDrawn [MsgParam] userId: 0 fullscreen is true showWhenlocked is false
08-24 19:11:58.251  2878  2878 D KnoxTimeoutHandler: activityDrawn [MsgParam] userId: 0 fullscreen is true showWhenlocked is false
08-24 19:11:58.251  2878  2878 I KnoxTimeoutHandler: SD activityfalse
08-24 19:11:58.251  2878  2878 I KnoxTimeoutHandler: Fullscreen and mCurrent is not KNOX user. Hence hide keyguard
08-24 19:11:58.261  2878  2904 I ActivityManager: Displayed com.android.settings/.SubSettings: +1s1ms
08-24 19:11:58.271  4178  4178 D SamsungIME: IMPL finishInput
08-24 19:11:58.271 13139 13230 W ResourceType: For resource 0x7f150826, entry index(2086) is beyond type entryCount(427)
08-24 19:11:58.271 13139 13230 W ResourceType: For resource 0x7f150826, entry index(2086) is beyond type entryCount(427)
08-24 19:11:58.271 13139 13230 W ResourceType: For resource 0x7f150827, entry index(2087) is beyond type entryCount(427)
08-24 19:11:58.271 13139 13230 W ResourceType: For resource 0x7f150829, entry index(2089) is beyond type entryCount(427)
08-24 19:11:58.271 13139 13230 W ResourceType: For resource 0x7f150828, entry index(2088) is beyond type entryCount(427)
08-24 19:11:58.271 13139 13230 W ResourceType: For resource 0x7f150756, entry index(1878) is beyond type entryCount(427)
08-24 19:11:58.271 13139 13230 W ResourceType: For resource 0x7f150868, entry index(2152) is beyond type entryCount(427)
08-24 19:11:58.271 13139 13230 W ResourceType: For resource 0x7f15082b, entry index(2091) is beyond type entryCount(427)
08-24 19:11:58.291  2878  4016 V WindowStateAnimator: Finishing drawing window Window{bd1be86 u0 d0 p13738 com.android.settings/com.android.settings.SubSettings}: mDrawState=HAS_DRAWN
08-24 19:11:58.291 13139 13230 W ResourceType: For resource 0x7f15082d, entry index(2093) is beyond type entryCount(427)
08-24 19:11:58.291 13139 13230 W ResourceType: For resource 0x7f150756, entry index(1878) is beyond type entryCount(427)
08-24 19:11:58.291 13139 13230 W ResourceType: For resource 0x7f15085b, entry index(2139) is beyond type entryCount(427)
08-24 19:11:58.291 13139 13230 W ResourceType: For resource 0x7f15082e, entry index(2094) is beyond type entryCount(427)
08-24 19:11:58.291 13139 13230 W ResourceType: For resource 0x7f15075c, entry index(1884) is beyond type entryCount(427)
08-24 19:11:58.291 13139 13230 W ResourceType: For resource 0x7f15082f, entry index(2095) is beyond type entryCount(427)
08-24 19:11:58.291 13139 13230 W ResourceType: For resource 0x7f150833, entry index(2099) is beyond type entryCount(427)
08-24 19:11:58.291 13139 13230 W ResourceType: For resource 0x7f150833, entry index(2099) is beyond type entryCount(427)
08-24 19:11:58.291 13139 13230 W ResourceType: For resource 0x7f150833, entry index(2099) is beyond type entryCount(427)
08-24 19:11:58.291 13139 13230 W ResourceType: For resource 0x7f150833, entry index(2099) is beyond type entryCount(427)
08-24 19:11:58.291 13139 13230 W ResourceType: For resource 0x7f150836, entry index(2102) is beyond type entryCount(427)
08-24 19:11:58.291 13139 13230 W ResourceType: For resource 0x7f15075b, entry index(1883) is beyond type entryCount(427)
08-24 19:11:58.291 13139 13230 W ResourceType: For resource 0x7f150858, entry index(2136) is beyond type entryCount(427)
08-24 19:11:58.291 13139 13230 W ResourceType: For resource 0x7f15083d, entry index(2109) is beyond type entryCount(427)
08-24 19:11:58.291 13139 13230 W ResourceType: For resource 0x7f15083e, entry index(2110) is beyond type entryCount(427)
08-24 19:11:58.291 13139 13230 W ResourceType: For resource 0x7f150855, entry index(2133) is beyond type entryCount(427)
08-24 19:11:58.291 13139 13230 W ResourceType: For resource 0x7f150856, entry index(2134) is beyond type entryCount(427)
08-24 19:11:58.291 13139 13230 W ResourceType: For resource 0x7f150687, entry index(1671) is beyond type entryCount(427)
08-24 19:11:58.291 13139 13230 W ResourceType: For resource 0x7f15085a, entry index(2138) is beyond type entryCount(427)
08-24 19:11:58.291 13139 13230 W ResourceType: For resource 0x7f150862, entry index(2146) is beyond type entryCount(427)
08-24 19:11:58.291 13139 13230 W ResourceType: For resource 0x7f150864, entry index(2148) is beyond type entryCount(427)
08-24 19:11:58.291 13139 13230 W ResourceType: For resource 0x7f15083c, entry index(2108) is beyond type entryCount(427)
08-24 19:11:58.291 13139 13230 W ResourceType: For resource 0x7f15083a, entry index(2106) is beyond type entryCount(427)
08-24 19:11:58.291 13139 13230 W ResourceType: For resource 0x7f1505e6, entry index(1510) is beyond type entryCount(427)
08-24 19:11:58.291 13139 13230 W ResourceType: For resource 0x7f1505cf, entry index(1487) is beyond type entryCount(427)
08-24 19:11:58.291 13139 13230 W ResourceType: For resource 0x7f1505e6, entry index(1510) is beyond type entryCount(427)
08-24 19:11:58.291 13139 13230 W ResourceType: For resource 0x7f1505f9, entry index(1529) is beyond type entryCount(427)
08-24 19:11:58.291 13139 13230 W ResourceType: For resource 0x7f1505e2, entry index(1506) is beyond type entryCount(427)
08-24 19:11:58.291 13139 13230 W ResourceType: For resource 0x7f1505e3, entry index(1507) is beyond type entryCount(427)
08-24 19:11:58.291 13139 13230 W ResourceType: For resource 0x7f15086d, entry index(2157) is beyond type entryCount(427)
08-24 19:11:58.291 13139 13230 W ResourceType: For resource 0x7f15086c, entry index(2156) is beyond type entryCount(427)
08-24 19:11:58.291 13139 13230 W ResourceType: For resource 0x7f080a98, entry index(2712) is beyond type entryCount(1440)
08-24 19:11:58.301  2164  2164 D libEGL  : eglInitialize EGLDisplay = 0xffdb91ec
08-24 19:11:58.301 13139 13230 D TextView: setTypeface with style : 0
08-24 19:11:58.311  2164  4174 D libEGL  : eglTerminate EGLDisplay = 0xf3801624
08-24 19:11:58.311 13139 13230 D TextView: setTypeface with style : 0
08-24 19:11:58.311  2164  4174 D libEGL  : eglTerminate EGLDisplay = 0xf3801624
08-24 19:11:58.321 13738 13738 I Timeline: Timeline: Activity_idle id: android.os.BinderProxy@bd43393 time:184020092
08-24 19:11:58.321   799   946 D ViewCaptureUtil: Top: dom/anerojd.tetuinhs.TubTetuinhs
08-24 19:11:58.321 13139 13230 W ResourceType: For resource 0x7f08069b, entry index(1691) is beyond type entryCount(1440)
08-24 19:11:58.321  4178  4178 D SamsungIME: onStartInput: No inputType, No imeOption, isInputViewShown = false, isExtractViewShown = false, isShowInputRequested = false, isConfigChanged = false
08-24 19:11:58.321   799   946 D ViewCaptureUtil: capture image path = /storage/emulated/0/Android/data/com.android.systemui/cache/lockscreen_capture_port.png
08-24 19:11:58.331 13139 13230 W ResourceType: For resource 0x7f08069b, entry index(1691) is beyond type entryCount(1440)
08-24 19:11:58.341 13139 13230 W ResourceType: For resource 0x7f14080d, entry index(2061) is beyond type entryCount(1889)
08-24 19:11:58.521  2878  2904 I Timeline: Timeline: Activity_windows_visible id: ActivityRecord{cf69544 u0 com.android.settings/.SubSettings t332} time:184020292
08-24 19:11:58.521  2878  2898 D ActivityTrigger: ActivityTrigger activityStopTrigger 
08-24 19:11:58.521  2164  4174 I SurfaceFlinger: id=6047 Removed Tettings (3/8)
08-24 19:11:58.521  2164  3520 I SurfaceFlinger: id=6047 Removed Tettings (-2/8)
08-24 19:11:58.521 13738 13738 D Index   : onSaveInstanceState / mNeedToRevertToInitialFragment: false
08-24 19:11:58.521  2878  2904 D KnoxTimeoutHandler: notifyActivityDrawn [MsgParam] userId: 0 fullscreen is true showWhenlocked is false
08-24 19:11:58.521  2878  2878 D KnoxTimeoutHandler: activityDrawn [MsgParam] userId: 0 fullscreen is true showWhenlocked is false
08-24 19:11:58.521  2878  2878 I KnoxTimeoutHandler: SD activityfalse
08-24 19:11:58.521  2878  2878 I KnoxTimeoutHandler: Fullscreen and mCurrent is not KNOX user. Hence hide keyguard
08-24 19:11:58.531  2164  2164 D libEGL  : eglTerminate EGLDisplay = 0xffdb9264
08-24 19:11:58.571 13139 13230 W ResourceType: For resource 0x7f14117f, entry index(4479) is beyond type entryCount(1889)
08-24 19:11:58.571 13139 13230 W ResourceType: For resource 0x7f140caf, entry index(3247) is beyond type entryCount(1889)
08-24 19:11:58.571 13139 13230 W ResourceType: For resource 0x7f140cae, entry index(3246) is beyond type entryCount(1889)
08-24 19:11:58.581 13139 13230 W ResourceType: For resource 0x7f140cb6, entry index(3254) is beyond type entryCount(1889)
08-24 19:11:58.581 13139 13230 W ResourceType: For resource 0x7f140fad, entry index(4013) is beyond type entryCount(1889)
08-24 19:11:58.581 13139 13230 W ResourceType: For resource 0x7f140fb2, entry index(4018) is beyond type entryCount(1889)
08-24 19:11:58.581 13139 13230 W ResourceType: For resource 0x7f140fae, entry index(4014) is beyond type entryCount(1889)
08-24 19:11:58.581 13139 13230 W ResourceType: For resource 0x7f140fb0, entry index(4016) is beyond type entryCount(1889)
08-24 19:11:58.581 13139 13230 W ResourceType: For resource 0x7f140fb5, entry index(4021) is beyond type entryCount(1889)
08-24 19:11:58.581 13139 13230 W ResourceType: For resource 0x7f140faf, entry index(4015) is beyond type entryCount(1889)
08-24 19:11:58.591 13139 13230 W ResourceType: For resource 0x7f140fb1, entry index(4017) is beyond type entryCount(1889)
08-24 19:11:58.591 13139 13230 W ResourceType: For resource 0x7f140fac, entry index(4012) is beyond type entryCount(1889)
08-24 19:11:58.621   799   946 D ViewCaptureUtil: save captured file
08-24 19:11:58.681 13139 13230 W ResourceType: For resource 0x7f14080d, entry index(2061) is beyond type entryCount(1889)
08-24 19:11:58.681 13139 13230 W ResourceType: For resource 0x7f140c67, entry index(3175) is beyond type entryCount(1889)
08-24 19:11:58.781 13139 13230 W ResourceType: For resource 0x7f150826, entry index(2086) is beyond type entryCount(427)
08-24 19:11:58.781 13139 13230 W ResourceType: For resource 0x7f150826, entry index(2086) is beyond type entryCount(427)
08-24 19:11:58.781 13139 13230 W ResourceType: For resource 0x7f150827, entry index(2087) is beyond type entryCount(427)
08-24 19:11:58.781 13139 13230 W ResourceType: For resource 0x7f150829, entry index(2089) is beyond type entryCount(427)
08-24 19:11:58.781 13139 13230 W ResourceType: For resource 0x7f150828, entry index(2088) is beyond type entryCount(427)
08-24 19:11:58.781 13139 13230 W ResourceType: For resource 0x7f150756, entry index(1878) is beyond type entryCount(427)
08-24 19:11:58.781 13139 13230 W ResourceType: For resource 0x7f150868, entry index(2152) is beyond type entryCount(427)
08-24 19:11:58.781 13139 13230 W ResourceType: For resource 0x7f15082b, entry index(2091) is beyond type entryCount(427)
08-24 19:11:58.781 13139 13230 W ResourceType: For resource 0x7f15082d, entry index(2093) is beyond type entryCount(427)
