08-24 19:13:08.071   799   953 D NetworkController: onReceive: intent=Intent { act=com.sec.android.LTE_WIDEBAND_INFO flg=0x10000010 bqHint=2 (has extras) }
08-24 19:13:08.071   799   953 D NetworkController.MobileSignalController(0/2147483643): LTE WIDEBAND : mCurrentState.CAIndicator = false
08-24 19:13:08.071   799   953 D NetworkController.MobileSignalController(0/2147483643): getMobileIconGroup(): 0
08-24 19:13:08.071  3336  3587 I System.out: Broadcast completed: result=0
08-24 19:13:08.101  2878  2907 I libsuspend: !@suspend_thread_func: read wakeup_count
08-24 19:13:08.871  5135  5205 E ServiceScheduleManager: Enter loop()!!! is sync = 
08-24 19:13:08.951 13703 13824 E ServiceScheduleManager: Enter loop()!!! is sync = 
08-24 19:13:08.991  2878  2907 I libsuspend: !@suspend_thread_func: wait
08-24 19:13:08.991  2878  2907 I libsuspend: !@suspend_thread_func: write 30664
08-24 19:13:08.991  2878  2907 I libsuspend:  to wakeup_count
08-24 19:13:08.991  2878  2907 I libsuspend: !@suspend_thread_func: write mem to /sys/power/state
08-24 19:13:09.062  2878  2907 I libsuspend: !@suspend_thread_func: release sem
08-24 19:13:09.062  3336  3563 I System.out: Broadcasting: Intent { act=com.sec.android.LTE_CA_PARAMETER flg=0x10000000 (has extras) }
08-24 19:13:09.062  3336 13420 I System.out: Broadcast completed: result=0
08-24 19:13:09.072  3336  3563 I System.out: Broadcasting: Intent { act=com.sec.android.LTE_WIDEBAND_INFO flg=0x10000000 (has extras) }
08-24 19:13:09.082   799   953 D NetworkController: onReceive: intent=Intent { act=com.sec.android.LTE_WIDEBAND_INFO flg=0x10000010 bqHint=2 (has extras) }
08-24 19:13:09.082   799   953 D NetworkController.MobileSignalController(0/2147483643): LTE WIDEBAND : mCurrentState.CAIndicator = false
08-24 19:13:09.082   799   953 D NetworkController.MobileSignalController(0/2147483643): getMobileIconGroup(): 0
08-24 19:13:09.082  3336  3690 I System.out: Broadcast completed: result=0
08-24 19:13:09.162  2878  2907 I libsuspend: !@suspend_thread_func: read wakeup_count
08-24 19:13:09.552  2878  2907 I libsuspend: !@suspend_thread_func: wait
08-24 19:13:09.552  2878  2907 I libsuspend: !@suspend_thread_func: write 30684
08-24 19:13:09.552  2878  2907 I libsuspend:  to wakeup_count
08-24 19:13:09.552  2878  2907 I libsuspend: !@suspend_thread_func: write mem to /sys/power/state
08-24 19:13:22.001  3336  3563 I System.out: Broadcasting: Intent { act=com.sec.android.LTE_CA_PARAMETER flg=0x10000000 (has extras) }
08-24 19:13:22.011  2878  2907 I libsuspend: !@suspend_thread_func: release sem
08-24 19:13:22.011  3336  1801 I System.out: Broadcast completed: result=0
08-24 19:13:22.011  3336  3563 I System.out: Broadcasting: Intent { act=com.sec.android.LTE_WIDEBAND_INFO flg=0x10000000 (has extras) }
08-24 19:13:22.031   799   953 D NetworkController: onReceive: intent=Intent { act=com.sec.android.LTE_WIDEBAND_INFO flg=0x10000010 bqHint=2 (has extras) }
08-24 19:13:22.031   799   953 D NetworkController.MobileSignalController(0/2147483643): LTE WIDEBAND : mCurrentState.CAIndicator = false
08-24 19:13:22.031   799   953 D NetworkController.MobileSignalController(0/2147483643): getMobileIconGroup(): 0
08-24 19:13:22.031  3336 24350 I System.out: Broadcast completed: result=0
08-24 19:13:22.111  2878  2907 I libsuspend: !@suspend_thread_func: read wakeup_count
08-24 19:13:22.621  2878  2907 I libsuspend: !@suspend_thread_func: wait
08-24 19:13:22.621  2878  2907 I libsuspend: !@suspend_thread_func: write 30708
08-24 19:13:22.621  2878  2907 I libsuspend:  to wakeup_count
08-24 19:13:22.621  2878  2907 I libsuspend: !@suspend_thread_func: write mem to /sys/power/state
08-24 19:13:23.001  3336  3563 I System.out: Broadcasting: Intent { act=com.sec.android.LTE_CA_PARAMETER flg=0x10000000 (has extras) }
08-24 19:13:23.001  3336 24349 I System.out: Broadcast completed: result=0
08-24 19:13:23.001  2878  2907 I libsuspend: !@suspend_thread_func: release sem
08-24 19:13:23.031  3336  3563 I System.out: Broadcasting: Intent { act=com.sec.android.LTE_WIDEBAND_INFO flg=0x10000000 (has extras) }
08-24 19:13:23.041  3630  3630 D CommonServiceConfiguration: getStringValueSetting
08-24 19:13:23.041   799   799 D KeyguardUpdateMonitor: received broadcast android.intent.action.BATTERY_CHANGED
08-24 19:13:23.051   799   799 D KeyguardUpdateMonitor: handleBatteryUpdate
08-24 19:13:23.081  3630  3630 D BatteryMonitor: new battery level: 41
08-24 19:13:23.091   799   953 D NetworkController: onReceive: intent=Intent { act=com.sec.android.LTE_WIDEBAND_INFO flg=0x10000010 bqHint=2 (has extras) }
08-24 19:13:23.091   799   953 D NetworkController.MobileSignalController(0/2147483643): LTE WIDEBAND : mCurrentState.CAIndicator = false
08-24 19:13:23.091   799   953 D NetworkController.MobileSignalController(0/2147483643): getMobileIconGroup(): 0
08-24 19:13:23.101  2878  2907 I libsuspend: !@suspend_thread_func: read wakeup_count
08-24 19:13:23.131  3336  3607 I System.out: Broadcast completed: result=0
08-24 19:13:23.491  2878  2907 I libsuspend: !@suspend_thread_func: wait
08-24 19:13:23.491  2878  2907 I libsuspend: !@suspend_thread_func: write 30728
08-24 19:13:23.491  2878  2907 I libsuspend:  to wakeup_count
08-24 19:13:23.491  2878  2907 I libsuspend: !@suspend_thread_func: write mem to /sys/power/state
08-24 19:13:29.011  3336  3563 I System.out: Broadcasting: Intent { act=com.sec.android.LTE_CA_PARAMETER flg=0x10000000 (has extras) }
08-24 19:13:29.011  3336  3690 I System.out: Broadcast completed: result=0
08-24 19:13:29.011  2878  2907 I libsuspend: !@suspend_thread_func: release sem
08-24 19:13:29.021  3336  3563 I System.out: Broadcasting: Intent { act=com.sec.android.LTE_WIDEBAND_INFO flg=0x10000000 (has extras) }
08-24 19:13:29.021   799   953 D NetworkController: onReceive: intent=Intent { act=com.sec.android.LTE_WIDEBAND_INFO flg=0x10000010 bqHint=2 (has extras) }
08-24 19:13:29.021   799   953 D NetworkController.MobileSignalController(0/2147483643): LTE WIDEBAND : mCurrentState.CAIndicator = false
08-24 19:13:29.021   799   953 D NetworkController.MobileSignalController(0/2147483643): getMobileIconGroup(): 0
08-24 19:13:29.041  5135  5205 E ServiceScheduleManager: Enter loop()!!! is sync = 
08-24 19:13:29.111  2878  2907 I libsuspend: !@suspend_thread_func: read wakeup_count
08-24 19:13:29.121 13703 13824 E ServiceScheduleManager: Enter loop()!!! is sync = 
08-24 19:13:29.161  2878  2936 D SecContentProvider: insert(), uri = 2
08-24 19:13:29.171  2878  2900 D BluetoothAdapter: STATE_BLE_ON
08-24 19:13:29.191  2878  2906 D InputManager-JNI: setInteractive(true)
08-24 19:13:29.191  3630  3630 D CommonServiceConfiguration: getStringValueSetting
08-24 19:13:29.191   799   799 D KeyguardUpdateMonitor: received broadcast android.intent.action.BATTERY_CHANGED
08-24 19:13:29.191   799   799 D KeyguardUpdateMonitor: handleBatteryUpdate
08-24 19:13:29.221  2878  2936 D SecContentProvider: insert(), uri = 2
08-24 19:13:29.241 14252 14252 E Zygote  : v2
08-24 19:13:29.241 14252 14252 W SELinux : Function: selinux_compare_spd_ram, index[1], priority [2], priority version is VE=SEPF_SECMOBILE_6.0.1_0035
08-24 19:13:29.271  2878  2906 I WindowManager: Screen turning on...
08-24 19:13:29.271  2878  3037 I WindowManager: Started waking up...
08-24 19:13:29.281  2878  5571 I SurveyLogManager: REASON : REASON_BY_CHARGING_TYPE_CHANGE
08-24 19:13:29.301  2878  3037 V KeyguardServiceDelegate: onStartedWakingUp()
08-24 19:13:29.301 14252 14252 E Zygote  : accessInfo : 0
08-24 19:13:29.301 14252 14252 W SELinux : SELinux: seapp_context_lookup: seinfo=platform, level=s0:c512,c768, pkgname=com.sec.app.TransmitPowerService 
08-24 19:13:29.311  3630  3630 D BatteryMonitor: new battery level: 41
08-24 19:13:29.311   799   811 D KeyguardViewMediator: onStartedWakingUp, seq = 628
08-24 19:13:29.311   799   811 D KeyguardViewMediator: notifyStartedWakingUp
08-24 19:13:29.321  2878  2906 V KeyguardServiceDelegate: onScreenTurnedOn(showListener = com.android.server.policy.PhoneWindowManager$2@2b62bd7)
08-24 19:13:29.341  2878  5571 D SurveyLogging: app_id = com.android.server.ssrm, feature = CHAR, extra = {"SIOP":"0", "PST_TMP":"339", "BAT_TMP":"306", "CHG_TMP":"0", "PA_TMP":"0", "BAT_LV":"41", "BAT_CUR":"0", "RSSI":"-81", "RAD_DAT":"0", "WIFI_DAT":"363901", "BRI":"0", "CHR_TYPE":"2", "KNOX":"false", "SCRN":"false", "RAD":"2", "CALL":"false", "CF":"-1", "GF":"-1", "CG":"100", "TOP_PROC":"com.google.android.gm", "TOP_USE":"45", "FOR_PKG":"com.android.settings"}
08-24 19:13:29.351  2878  2936 D SecContentProvider: insert(), uri = 2
08-24 19:13:29.351   799   810 D KeyguardViewMediator: notifyScreenOn
08-24 19:13:29.361   799   799 D ViewRootImpl: #1 mView = com.android.systemui.power.ChargerAnimationView{d5903f6 V.E...... ......I. 0,0-0,0}
08-24 19:13:29.461 14252 14252 D TimaKeyStoreProvider: TimaSignature is unavailable
08-24 19:13:29.461 14252 14252 D ActivityThread: Added TimaKeyStore provider
08-24 19:13:29.471  2878  2910 I libsuspend: !@autosuspend_wakeup_count_disable
08-24 19:13:29.471  2878  2910 I libsuspend: !@autosuspend_wakeup_count_disable done
08-24 19:13:29.471  2164  2164 D SurfaceFlinger: Set power mode=2, type=0 flinger=0xf70e4000
08-24 19:13:29.471  2164  2164 I hwcomposer: int exynos_setPowerMode(hwc_composer_device_1*, int, int):: disp(0), mode(2)
08-24 19:13:29.641   799 14260 V MediaPlayer-JNI: native_setup
08-24 19:13:29.641  2878  2878 D UniversalCredentialManagerService: inside mBReciever onReceive : android.intent.action.SCREEN_ON
08-24 19:13:29.641  2878  2878 D UniversalCredentialManagerService: ****MSG_LOCK_STATUS_UPDATE block started****
08-24 19:13:29.641  2878  2878 D UniversalCredentialManagerService: notifyChangeToPlugin is called for Lock status update...
08-24 19:13:29.641  2878  2878 D UcmService: notifyChangeToPlugin event 15
08-24 19:13:29.641  2878  2878 D UcmService: checkCallerPermissionFor is called for method-notifyChangeToPlugin
08-24 19:13:29.641  2878  2878 I UcmService: checkIfNotify for cs Name = com.sec.smartcard.manager:com.samsung.ucs.agent.baiMobile Package name = com.sec.smartcard.manager
08-24 19:13:29.641  2878  2878 D UcmService: notifying to unmanaged plugin
08-24 19:13:29.651  3382  3394 E ucsBai_agentService: notifyChange NOT SUPPORTED
08-24 19:13:29.651   799 14260 V MediaPlayer: constructor
08-24 19:13:29.651  2878  2878 D UcmService: agentService com.sec.smartcard.manager:com.samsung.ucs.agent.baiMobile notify status - 0
08-24 19:13:29.651  2878  2878 D UcmService: agentService status-0
08-24 19:13:29.651  2878  2878 I UcmService: checkIfNotify for cs Name = com.samsung.ucs.agent.boot:com.samsung.ucs.agent.boot Package name = com.samsung.ucs.agent.boot
08-24 19:13:29.651  2878  2878 D UcmService: notifying to unmanaged plugin
08-24 19:13:29.651  3393  3407 D BootAgentService: notifyChange eventId-15
08-24 19:13:29.651  2878  2878 D UcmService: agentService com.samsung.ucs.agent.boot:com.samsung.ucs.agent.boot notify status - -1
08-24 19:13:29.651  2878  2878 D UcmService: agentService status--1
08-24 19:13:29.651  2878  2878 D UniversalCredentialManagerService: ****MSG_LOCK_STATUS_UPDATE block ended****
08-24 19:13:29.661   799 14260 V MediaPlayer: setListener
08-24 19:13:29.661   799 14260 V MediaPlayer-JNI: setParameter: key 1400
08-24 19:13:29.661   799 14260 V MediaPlayer: MediaPlayer::setParameter(1400)
08-24 19:13:29.661   799 14260 V MediaPlayer-JNI: setAudioStreamType: 5
08-24 19:13:29.661   799 14260 V MediaPlayer: MediaPlayer::setAudioStreamType
08-24 19:13:29.661   799 14260 V MediaPlayer-JNI: setDataSourceFD: fd 112
08-24 19:13:29.661   799 14260 V MediaPlayer: setDataSource(112, 0, 576460752303423487)
08-24 19:13:29.681  2878  2900 D SecContentProvider: query(), uri = 18 selection = isUsbMediaPlayerAvailable
08-24 19:13:29.691  2878  2910 D SurfaceControl: Excessive delay in setPowerMode(): 223ms
08-24 19:13:29.691  2180 24165 V MediaPlayerService: Create new client(373) from pid 799, uid 10036, 
08-24 19:13:29.701  2878 14276 D MISC PowerHAL: sysfs_write +: /sys/class/input/event1/device/enabled: 1
08-24 19:13:29.701  2878 14277 D MISC PowerHAL: sysfs_write +: /sys/class/input/event2/device/enabled: 1
08-24 19:13:29.711  2180 20898 V MediaPlayerService: setDataSource fd=46, offset=0, length=576460752303423487
08-24 19:13:29.711  2180 20898 V MediaPlayerService: st_dev  = 66316
08-24 19:13:29.711  2180 20898 V MediaPlayerService: st_mode = 33188
08-24 19:13:29.711  2180 20898 V MediaPlayerService: st_uid  = 0
08-24 19:13:29.711  2180 20898 V MediaPlayerService: st_gid  = 0
08-24 19:13:29.711  2180 20898 V MediaPlayerService: st_size = 10868
08-24 19:13:29.711  2180 20898 V MediaPlayerService: calculated length = 10868
08-24 19:13:29.711  2180 20898 V MediaPlayerService: player type = 4
08-24 19:13:29.721  2180 20898 V NuPlayerDriver: NuPlayerDriver(0xf0d388c0)
08-24 19:13:29.721  2878  2878 D EdgeLight: Turning on edge light for notification (NotificationRecord(0x0e21cb4b: pkg=com.google.android.gm user=UserHandle{0} id=1769761162 tag=null score=0 key=0|com.google.android.gm|1769761162|null|10080: Notification(pri=0 contentView=null vibrate=null sound=content://settings/system/notification_sound tick defaults=0x4 flags=0x219 color=0xffd93025 category=email groupKey=content://com.google.android.gm.email.provider/account.410365209/1/content://com.google.android.gm.email.provider/account.-525014014/1 vis=PRIVATE publicVersion=Notification(pri=0 contentView=com.google.android.gm/0x10900a7 vibrate=null sound=null defaults=0x0 flags=0x200 color=0xffd93025 category=email groupKey=content://com.google.android.gm.email.provider/account.410365209/1/content://com.google.android.gm.email.provider/account.-525014014/1 vis=PUBLIC secFlags=0x0 secPriority=0) secFlags=0x0 secPriority=0))) with color=ffffffff
08-24 19:13:29.731  2180 20898 V AudioSink: AudioOutput(3931)
08-24 19:13:29.731  2180 20898 V NuPlayerDriver: setDataSource(0xf0d388c0) file(46)
08-24 19:13:29.731  2180 14278 V NuPlayer: kWhatSetAudioSink
08-24 19:13:29.731  2180   802 D audio_hw_primary: adev_set_parameters: enter: kvpairs: screen_state=on
08-24 19:13:29.731  2180 20898 V GenericSource: setDefault
08-24 19:13:29.751  5135  5145 I art     : Background partial concurrent mark sweep GC freed 245452(14MB) AllocSpace objects, 36(4MB) LOS objects, 18% free, 70MB/86MB, paused 6.069ms total 1.015s
08-24 19:13:29.751  2180 14278 V NuPlayer: kWhatSetDataSource
08-24 19:13:29.751  2878  2997 D WifiStateMachine: handleScreenStateChanged, screen on, start periodic scan !!!
08-24 19:13:29.751  2180  3013 V MediaPlayerService: [373] getParameter(31700)
08-24 19:13:29.751  2878  2997 D WifiNative-wlan0: callSECApiBoolean - ID [11]
08-24 19:13:29.751 24719 24719 I wpa_supplicant: STOP_PERIODIC_SCAN command
08-24 19:13:29.761   799 14260 V MediaPlayer-JNI: setLooping: 0
08-24 19:13:29.761   799 14260 V MediaPlayer: MediaPlayer::setLooping
08-24 19:13:29.761  2180  2180 V MediaPlayerService: [373] setLooping(0)
08-24 19:13:29.761   799 14260 V MediaPlayer: setVideoSurfaceTexture
08-24 19:13:29.761  2180  2684 V MediaPlayerService: [373] setVideoSurfaceTexture(0x0)
08-24 19:13:29.771  2878 14277 D MISC PowerHAL: sysfs_write -: /sys/class/input/event2/device/enabled: 1
08-24 19:13:29.771   799 14260 V MediaPlayer: prepare
08-24 19:13:29.771  2180  4437 V MediaPlayerService: [373] setParameter(1400)
08-24 19:13:29.771  2180  4437 V MediaPlayerService: setAudioAttributes_l() usage=5 content=4 flags=0x0 tags=
08-24 19:13:29.771  2180  2922 V MediaPlayerService: [373] prepareAsync
08-24 19:13:29.771  2180  2922 V NuPlayerDriver: prepareAsync(0xf0d388c0)
08-24 19:13:29.771  2180 14278 V GenericSource: [Flag] set 0x8 -> mFlags = 0x8
08-24 19:13:29.781  2180 14280 V GenericSource: onPrepareAsync
08-24 19:13:29.781  2878  3286 D GpsLocationProvider: receive broadcast intent, action: android.intent.action.SCREEN_ON
08-24 19:13:29.791  3336  1801 I System.out: Broadcast completed: result=0
08-24 19:13:29.791  2878  4231 V WindowStateAnimator: Finishing drawing window Window{bd1be86 u0 d0 p13738 com.android.settings/com.android.settings.SubSettings}: mDrawState=HAS_DRAWN
08-24 19:13:29.791  2180 14280 I OggExtractor: OggSource::OggSource() mExtractor ref count = 4
08-24 19:13:29.791  2180 14280 I AnotherPacketSource: setFormat() audio
08-24 19:13:29.791  2180 14280 V GenericSource: setDefault
08-24 19:13:29.791  2180 14280 I GenericSource: ORmode enable : mUnsupportedAudio = 0 mUnsupportedVideo = 0 mHaveAudio = 1 mHaveVideo = 0
08-24 19:13:29.791  2180 14278 V NuPlayer: prepare posted successfully.
08-24 19:13:29.791  2180 14278 V NuPlayer: mUnsupportedAudio = 0, mUnsupportedVideo = 0, mHaveAudioTrack = 1, mHaveVideoTrack = 0
08-24 19:13:29.791  2180 14280 V GenericSource: onPrepareAsyncEvent() done
08-24 19:13:29.791  2180 14278 V NuPlayer: msg : 200, ext1 : 10973, ext2 : 0
08-24 19:13:29.791  2180 14278 D NuPlayerDriver: notifyListener_l(0xf0d388c0), (200, 10973, 0)
08-24 19:13:29.791  2180 14278 V MediaPlayerService: [373] notify (200, 10973, 0)
08-24 19:13:29.791  2180 14278 V NuPlayer: extractMetadata Tracks : 1
08-24 19:13:29.791  2180 14278 V NuPlayer: enableInbandTextFromExtr
08-24 19:13:29.791  2180 14278 D NuPlayerDriver: notifyListener_l(0xf0d388c0), (1, 0, 0)
08-24 19:13:29.791  2180 14278 V MediaPlayerService: [373] notify (1, 0, 0)
08-24 19:13:29.791   799 22249 V MediaPlayer: message received msg=200, ext1=10973, ext2=0
08-24 19:13:29.801   799 22249 W MediaPlayer: info/warning (10973, 0)
08-24 19:13:29.801   799 22249 V MediaPlayer: callback application
08-24 19:13:29.801  2878  2878 D PersonaManagerService: ACTION_SCREEN_ON onReceive
08-24 19:13:29.811  2878  2900 D ApplicationPolicy: isStatusBarNotificationAllowedAsUser: packageName = android,userId = -1
08-24 19:13:29.811   799 22249 V MediaPlayer: back from callback
08-24 19:13:29.811   799 22249 V MediaPlayer: message received msg=1, ext1=0, ext2=0
08-24 19:13:29.811   799 22249 V MediaPlayer: prepared
08-24 19:13:29.811   799 22249 V MediaPlayer: signal application thread
08-24 19:13:29.811   799 22249 V MediaPlayer: callback application
08-24 19:13:29.811   799 14260 V MediaPlayer: prepare complete - status=0
08-24 19:13:29.811   799 22249 V MediaPlayer: back from callback
08-24 19:13:29.811   799 14260 D MediaPlayer: setSubtitleAnchor in MediaPlayer
08-24 19:13:29.811 13738 13738 D DevelopmentSettings: updateUsbConfigurationValues : 
08-24 19:13:29.821  2878  2997 E WifiNative-wlan0: do suspend false
08-24 19:13:29.831  2878 14276 D MISC PowerHAL: sysfs_write -: /sys/class/input/event1/device/enabled: 1
08-24 19:13:29.831  2878  2910 D MISC PowerHAL: sysfs_write +: /sys/class/power_supply/battery/lcd: 1
08-24 19:13:29.831  2878  2910 D MISC PowerHAL: sysfs_write -: /sys/class/power_supply/battery/lcd: 1
08-24 19:13:29.831  2878  2910 D PowerManagerService-JNI: Excessive delay in MISC setInteractive(true) while turning screen on: 135ms
08-24 19:13:29.831   799   953 D NetworkController.MobileSignalController(0/2147483643): onDataActivity: direction=0
08-24 19:13:29.841  2878  2915 D PersonaManagerServiceHandler: MSG_ACTION_SCREEN_ON called
08-24 19:13:29.841   799   953 D NetworkController.MobileSignalController(0/2147483643): onDataActivity: direction=0
08-24 19:13:29.861   799 14260 V MediaPlayer: invoke 68
08-24 19:13:29.861  2180  3871 I MediaPlayerService: Client::invoke requestID=1
08-24 19:13:29.861  2180  3871 V NuPlayer: getTrackInfo
08-24 19:13:29.871  4178  4178 E SamsungIME: invoke(): method is null
08-24 19:13:29.871  2878  2878 I SurveyLogManager: mDeviceInfo.mScreen = true
08-24 19:13:29.871  5720  5720 I BeaconManager: BeaconManager.onReceive - receive Action : android.intent.action.SCREEN_ON
08-24 19:13:29.871  5720  5720 D BeaconManager: BeaconManager.onReceive - end
08-24 19:13:29.871  5720  5768 I BeaconManager: BeaconManager.BeaconManagerWorkHandler - BroadcastReceiver onReceive start
08-24 19:13:29.871  5720  5768 D BeaconManager: BeaconManager.mScreenObserver - action:android.intent.action.SCREEN_ON
08-24 19:13:29.871  5720  5768 D BeaconManager: AppControlManager.screenOnIntentReceived - start
08-24 19:13:29.871  5720  5768 D BeaconManager: AppControlManager.screenOnIntentReceived - end
08-24 19:13:29.871  5720  5768 D BeaconManager: EasySetupManager.screenOnIntentReceived - start
08-24 19:13:29.871  5720  5768 D BeaconManager: EasySetupManager.screenOnIntentReceived - end
08-24 19:13:29.871  5720  5768 D BeaconManager: BleScanHelper.screenOnIntentReceived - start
08-24 19:13:29.881  6380  6380 D BtGatt.GattService: LCD turned on
08-24 19:13:29.881  6380  6478 D BtGatt.ScanManager: handleLcdOnIntent
08-24 19:13:29.881  6380  6478 D BtGatt.ScanManager: handleLcdOnIntent
08-24 19:13:29.881  6380  6478 D BtGatt.ScanManager: ClientIf = 0
08-24 19:13:29.881  5720  5768 D BeaconManager: BleScanHelper.mBroadcastReceiver - Action: android.intent.action.SCREEN_ON, user: 0
08-24 19:13:29.881  5720  5768 V BeaconManager: BleScanHelper.startBleScan - startBleScan
08-24 19:13:29.881  5720  5768 D BluetoothAdapter: STATE_BLE_ON
08-24 19:13:29.881  5720  5768 D BeaconManager: BleScanHelper.screenOnIntentReceived - end
08-24 19:13:29.881  5720  5768 I BeaconManager: BeaconManager.BeaconManagerWorkHandler - BroadcastReceiver onReceive end
08-24 19:13:29.881  5720  5782 D BeaconManager: BleScanHelper.MSG_CALL_START_LESCAN - ($)
08-24 19:13:29.881  5720  5782 D BluetoothAdapter: STATE_BLE_ON
08-24 19:13:29.881  5720  5782 D BluetoothAdapter: STATE_BLE_ON
08-24 19:13:29.881  5720  5782 D BluetoothAdapter: appoCount is = 0
08-24 19:13:29.881  5720  5782 I BeaconManager: BleScanHelper.MSG_CALL_START_LESCAN - all scan:false
08-24 19:13:29.881  5720  5782 I BeaconManager: BleScanHelper.directStopLeScan - call BleScanner.stopScan()
08-24 19:13:29.881  5720  5782 D BluetoothAdapter: STATE_BLE_ON
08-24 19:13:29.881  5720  5782 D BluetoothAdapter: appoCount is = 0
08-24 19:13:29.881  5720  5782 D BluetoothAdapter: STATE_BLE_ON
08-24 19:13:29.881  5720  5782 D BluetoothLeScanner: could not find callback wrapper
08-24 19:13:29.881  5720  5782 I BeaconManager: BleScanHelper.startBleScan - Start full Scan(SCREEN_ON)
08-24 19:13:29.891  5720  5782 D BluetoothLeScanner: Start Scan
08-24 19:13:29.891  5720  5782 D BluetoothAdapter: STATE_BLE_ON
08-24 19:13:29.891  5720  5782 D BluetoothAdapter: appoCount is = 0
08-24 19:13:29.891  5720  5782 D BluetoothAdapter: STATE_BLE_ON
08-24 19:13:29.891  5720  5782 D BluetoothAdapter: STATE_BLE_ON
08-24 19:13:29.891  5720  5782 D BluetoothAdapter: STATE_BLE_ON
08-24 19:13:29.891  5720  5782 D BluetoothAdapter: appoCount is = 0
08-24 19:13:29.911  2878  2997 D WifiStateMachine: analyze kernel wifi wakelock 
08-24 19:13:29.931  6380  9299 D BtGatt.GattService: registerClient() - UUID=1f8037de-30cf-4d09-84fc-cc7988f8fc45
08-24 19:13:29.941  2878  2997 D WifiStateMachine: file not found /proc/wakelocks
08-24 19:13:29.961  2878  3227 I MediaFocusControl:  AudioFocus  requestAudioFocus() from android.media.AudioManager$da3ad9 req=3flags=0x0
08-24 19:13:29.961 14252 14252 W System  : ClassLoader referenced unknown path: /system/priv-app/TransmitPowerService/lib/arm
08-24 19:13:29.971  2878  2915 D PersonaManagerServiceHandler: getFocusedUser :0/ getVisibleKeyguardOwner :-10000
08-24 19:13:29.971  2878  2915 D PersonaManagerServiceHandler: KnoxKeyguard will be hidden!
08-24 19:13:29.971  2878 14286 I BatteryStatsDumper: In refreshStats isReason Screen ON/OFF: true
08-24 19:13:29.971  2878 14286 D BluetoothAdapter: STATE_BLE_ON
08-24 19:13:29.991   799 14260 V MediaPlayer-JNI: start
08-24 19:13:29.991   799 14260 V MediaPlayer: start
08-24 19:13:29.991  2180   802 V MediaPlayerService: [373] setLooping(0)
08-24 19:13:29.991  2180 20898 V MediaPlayerService: [373] setVolume(1.000000, 1.000000)
08-24 19:13:29.991  2180 20898 V AudioSink: setVolume(1.000000, 1.000000)
08-24 19:13:29.991  2180  3013 V MediaPlayerService: [373] setAuxEffectSendLevel(0.000000)
08-24 19:13:29.991  2180  3013 V AudioSink: setAuxEffectSendLevel(0.000000)
08-24 19:13:29.991  2180  2180 V MediaPlayerService: [373] start
08-24 19:13:29.991  2180  2180 E MediaPlayerService: WFD client is not created 
08-24 19:13:29.991  2180  2180 V MediaPlayerService: getClientDuration
08-24 19:13:29.991  2180  2180 V MediaPlayerService: getDuration
08-24 19:13:29.991  2180  2180 V MediaPlayerService: [373] getDuration = 558
08-24 19:13:29.991  2180  2180 D NuPlayerDriver: start(0xf0d388c0), state is 4, eos is 0
08-24 19:13:29.991   799   876 V MediaPlayer: message received msg=300, ext1=0, ext2=0
08-24 19:13:29.991  2180 14278 V NuPlayer: kWhatStart
08-24 19:13:29.991  2180 14278 I GenericSource: start
08-24 19:13:29.991  2180 14278 V NuPlayer: checkOffloadExceptions is true, call canOffloadStream
08-24 19:13:29.991  2180 14278 I MediaClock: setPlaybackRate rate : 1.000000
08-24 19:13:29.991   799   876 V MediaPlayer: Received SEC_MM_PLAYER_CONTEXT_AWARE
08-24 19:13:29.991   799   876 V MediaPlayer: callback application
08-24 19:13:29.991  2180 14287 I NuPlayerRenderer: onConfigPlayback
08-24 19:13:29.991  2180 14287 I MediaClock: setPlaybackRate rate : 1.000000
08-24 19:13:29.991   799   876 V MediaPlayer: back from callback
08-24 19:13:29.991  2180 14278 I NuPlayerRenderer: setDuration (558480)
08-24 19:13:29.991  2180 14278 V NuPlayer: scanning sources haveAudio=0, haveVideo=0
08-24 19:13:29.991  2180 14278 V NuPlayer: checkOffloadExceptions is true, call canOffloadStream
08-24 19:13:29.991  2180 14278 V NuPlayer: make Decoder (audio)
08-24 19:13:30.001   799 14260 I MediaPlayer: sendBroadcast CONTEXT_AWARE_MUSIC_INFO - type(release) - id(372)
08-24 19:13:30.001   799 14260 V MediaPlayer-JNI: release
08-24 19:13:30.001   799 14260 V MediaPlayer: setListener
08-24 19:13:30.001   799 14260 V MediaPlayer: disconnect
08-24 19:13:30.001  2180  2684 V MediaPlayerService: disconnect(372) from pid 799
08-24 19:13:30.001  2180  2684 D NuPlayerDriver: reset(0xf2c49440)
08-24 19:13:30.001  2180  2684 D NuPlayerDriver: notifyListener_l(0xf2c49440), (8, 0, 0)
08-24 19:13:30.001  2180 27509 V NuPlayer: kWhatReset
08-24 19:13:30.001  2180 27509 V NuPlayer: setDecoderBooster enable = No
08-24 19:13:30.001  2180 27509 V NuPlayer: performDecoderFlush audio=2, video=2
08-24 19:13:30.001  2180 27509 V NuPlayer: [audio] flushDecoder needShutdown=1
08-24 19:13:30.001  2180 27509 V NuPlayer: postponing action mFlushingAudio=2, mFlushingVideo=0
08-24 19:13:30.001  2180 27509 V NuPlayer: mResetInProgress=1, mVideoEOS =0, mAudioEOS =0
08-24 19:13:30.001  2180 27509 V NuPlayer: (mAudioDecoder != NULL) = true, (mVideoDecoder != NULL) = false
08-24 19:13:30.001  2180 27521 I NuPlayerRenderer: flush audio, notifyComplete 1
08-24 19:13:30.001  2180 27521 D NuPlayerRenderer: signalTimeDiscontinuity() mHasAudio = 1 , mHasVideo = 0
08-24 19:13:30.001  2180 27520 I NuPlayerRenderer: flushing audio
08-24 19:13:30.001  2180 27520 I NuPlayerRenderer: onFlush mAudioDrainGeneration : 2
08-24 19:13:30.001  2180 27520 V AudioSink: flush
08-24 19:13:30.001  2180 27520 V AudioSink: stop
08-24 19:13:30.001  2180 27522 I ACodec  : [OMX.google.vorbis.decoder] signalFlush
08-24 19:13:30.001  2180 27522 I ACodec  : [OMX.google.vorbis.decoder] ExecutingState flushing now (codec owns 0/4 input, 0/4 output).
08-24 19:13:30.001 14252 14252 I DeviceStateReceiver: onReceive
08-24 19:13:30.001  2180 27522 I ACodec  : [OMX.google.vorbis.decoder] Now Flushing
08-24 19:13:30.001  2180 27522 I ACodec  : [OMX.google.vorbis.decoder] FlushingState onOMXEvent(0,1,0)
08-24 19:13:30.011  2180 14288 I ACodec  :  [] Now uninitialized
08-24 19:13:30.011  2180 14289 I ACodec  : [] onAllocateComponent
08-24 19:13:30.011  2180 27522 I ACodec  : [OMX.google.vorbis.decoder] FlushingState onOMXEvent(0,1,1)
08-24 19:13:30.011  2180 27522 I ACodec  : [OMX.google.vorbis.decoder] Now Executing
08-24 19:13:30.011  2180 27509 V NuPlayer: decoder audio flush completed
08-24 19:13:30.011  2180 27509 V NuPlayer: renderer audio flush completed.
08-24 19:13:30.011  2180 27509 V NuPlayer: initiating audio decoder shutdown
08-24 19:13:30.021  6380  6469 D BtGatt.GattService: onClientRegistered() - UUID=1f8037de-30cf-4d09-84fc-cc7988f8fc45, clientIf=5
08-24 19:13:30.021  5720 20957 D BluetoothLeScanner: onClientRegistered() - status=0 clientIf=5
08-24 19:13:30.021  6380  9467 D BtGatt.GattService: start scan with filters
08-24 19:13:30.021  6380  9467 D BluetoothAdapter: STATE_BLE_ON
08-24 19:13:30.021  6380  9467 D BluetoothAdapter: appoCount is = 0
08-24 19:13:30.021  6380  9467 D BluetoothAdapter: STATE_BLE_ON
08-24 19:13:30.021  6380  9467 D BtGatt.GattService: getScanSettings
08-24 19:13:30.031  6380  9467 D BtGatt.GattService: Is it foreground application = false
08-24 19:13:30.031  6380  9467 D BtGatt.GattService: Its a background application running with Low Power scan mode
08-24 19:13:30.031  6380  9467 D BtGatt.GattService: [GSIM LOG]: getActualScanMode (100/5 vs -2147483648/0)
08-24 19:13:30.041  6380  6518 E BtGatt.GattService: [GSIM LOG]: gsimLogHandler: com.samsung.android.beaconmanager, msg: MESSAGE_START_SCAN
08-24 19:13:30.041  6380  6478 D BtGatt.ScanManager: handling starting scan
08-24 19:13:30.041  6380  6478 D BluetoothAdapter: STATE_BLE_ON
08-24 19:13:30.041  6380  6478 D BluetoothAdapter: STATE_BLE_ON
08-24 19:13:30.041 14252 14252 V DeviceStateReceiver: beginStartingService
08-24 19:13:30.041  6380  6478 D BluetoothAdapter: appoCount is = 0
08-24 19:13:30.041  6380  6478 D BluetoothAdapter: STATE_BLE_ON
08-24 19:13:30.041  6380  6478 D BluetoothAdapter: STATE_BLE_ON
08-24 19:13:30.051  6380  6478 D BluetoothAdapter: appoCount is = 0
08-24 19:13:30.051  6380  6478 D BluetoothAdapter: STATE_BLE_ON
08-24 19:13:30.051  6380  6478 D BluetoothAdapter: STATE_BLE_ON
08-24 19:13:30.051  6380  6478 D BluetoothAdapter: appoCount is = 0
08-24 19:13:30.051  6380  6478 D BtGatt.ScanManager: configureRegularScanParams() - queue=1
08-24 19:13:30.051  6380  6478 I BtGatt.ScanManager: custom scan scanMode = 100
08-24 19:13:30.051  6380  6478 I BtGatt.ScanManager: New scan mode custom scan scanInterval = 3120scanWindow = 160
08-24 19:13:30.051  6380  6478 E BtGatt.ScanManager: default value of curScanSetting 0 is choosen
08-24 19:13:30.051  6380  6478 I BtGatt.ScanManager: newScanMode = 5newcurScanSetting = 0
08-24 19:13:30.051  6380  6478 I BtGatt.ScanManager: comparing = 5 with = 0
08-24 19:13:30.051  6380  6478 D BtGatt.ScanManager: configureRegularScanParams() - ScanSetting Scan mode=100 mLastConfiguredScanSetting=-2147483648
08-24 19:13:30.051  6380  6527 D bt_upio : upio_set : pio 0 action 2, polarity 1
08-24 19:13:30.051  6380  6527 D bt_upio : BT_WAKE is asserted already
08-24 19:13:30.051  6380  6527 D bt_upio : upio_set : pio 0 action 2, polarity 1
08-24 19:13:30.051  6380  6527 D bt_upio : BT_WAKE is asserted already
08-24 19:13:30.051  6380  6527 D bt_upio : upio_set : pio 0 action 2, polarity 1
08-24 19:13:30.051  6380  6527 D bt_upio : BT_WAKE is asserted already
08-24 19:13:30.051  2878 14286 D BatteryStatsDumper: WARNING! Cputime is more than 10 seconds behind Foreground time
08-24 19:13:30.061  6380  6478 D BtGatt.ScanManager: configureRegularScanParams - scanInterval = 4992configureRegularScanParams - scanWindow = 256
08-24 19:13:30.061  6380  6527 D bt_upio : upio_set : pio 0 action 2, polarity 1
08-24 19:13:30.061  6380  6527 D bt_upio : BT_WAKE is asserted already
08-24 19:13:30.061  6380  6527 D bt_upio : upio_set : pio 0 action 2, polarity 1
08-24 19:13:30.061  6380  6527 D bt_upio : BT_WAKE is asserted already
08-24 19:13:30.061  6380  6527 D bt_upio : upio_set : pio 0 action 2, polarity 1
08-24 19:13:30.061  6380  6527 D bt_upio : BT_WAKE is asserted already
08-24 19:13:30.061  6380  6469 D BtGatt.GattService: onScanParamSetupCompleted() status=0, clientIf=5
08-24 19:13:30.061  6380  6469 D BtGatt.GattService: onScanParamSetupCompleted : 0
08-24 19:13:30.061  2878 14286 I BatteryStatsDumper: Previous Battery Level: 41 Current Level: 41 Delta: 0
08-24 19:13:30.081  6380  6518 D BtGatt.GattService: [GSIM LOG]: updateScanTime: 0
08-24 19:13:30.081  6380  6518 D BtGatt.GattService: [GSIM LOG]: updateScanTime: 0
08-24 19:13:30.081  6380  6518 D BtGatt.GattService: [GSIM LOG]: updateScanTime: 0
08-24 19:13:30.091   799   799 D PowerUI.ChargerAnimationView: Animation Started
08-24 19:13:30.101   799   799 I Choreographer: Skipped 51 frames!  The application may be doing too much work on its main thread.
08-24 19:13:30.121  2164  2164 I SurfaceFlinger: id=6050 createSurf (720x1280),1 flag=4, 
08-24 19:13:30.131   799   950 D mali_winsys: new_window_surface returns 0x3000,  [720x1280]-format:1
08-24 19:13:30.161   799   799 D KeyguardViewMediator: handleNotifyWakingUp
08-24 19:13:30.161   799   799 D PhoneStatusBar: onUnlockHintStarted isSmartLock = false, isInSecureByLockTimeout=false
08-24 19:13:30.161 14252 14252 V RequestService: Creating TransmitPowerService
08-24 19:13:30.171 14290 14290 E Zygote  : v2
08-24 19:13:30.181 14290 14290 W SELinux : Function: selinux_compare_spd_ram, index[1], priority [2], priority version is VE=SEPF_SECMOBILE_6.0.1_0035
08-24 19:13:30.181 14290 14290 E Zygote  : accessInfo : 0
08-24 19:13:30.181 14290 14290 W SELinux : SELinux: seapp_context_lookup: seinfo=platform, level=s0:c512,c768, pkgname=com.samsung.android.sm.devicesecurity 
08-24 19:13:30.201   799   799 V KeyguardFingerPrint: updateFingerprintListeningState(false)
08-24 19:13:30.201   799   799 D KeyguardFingerPrint: shouldListenForFingerprint ( FingerPrint is not enabled. ) 
08-24 19:13:30.201   799   799 V KeyguardUpdateMonitor: stopListeningForFingerprint()
08-24 19:13:30.211   799   799 D LockIcon: visible = false
08-24 19:13:30.221   799   799 D KeyguardViewMediator: handleNotifyScreenTurningOn
08-24 19:13:30.221   799   799 D KeyguardEffectViewController: onScreenTurningOn
08-24 19:13:30.221   799   799 D KeyguardEffectViewController: ## mBackgroundView.onResume()
08-24 19:13:30.221   799   799 D KeyguardEffectViewWallpaper: onResume()
08-24 19:13:30.221   799   799 D KeyguardViewMediator: IKeyguardDrawnCallback.onDrawn()
08-24 19:13:30.221  2878  3870 V KeyguardServiceDelegate: **** SHOWN CALLED ****
08-24 19:13:30.231  2878  3870 D WindowManager: mKeyguardDelegate.ShowListener.onDrawn.
08-24 19:13:30.231 14252 14252 V RequestService: Starting #1: Bundle[mParcelledData.dataSize=44]
08-24 19:13:30.231  2878  2899 W WindowManager: Setting mKeyguardDrawComplete
08-24 19:13:30.231  2878  2899 I WindowManager: Waiting for drawn Window{2a2d472 u0 d0 p799 StatusBar}: removed=false visible=true mHasSurface=true drawState=1
08-24 19:13:30.241  2878  2904 I WindowManager: Waiting for drawn Window{2a2d472 u0 d0 p799 StatusBar}: removed=false visible=true mHasSurface=true drawState=1
08-24 19:13:30.251 14290 14290 D TimaKeyStoreProvider: TimaSignature is unavailable
08-24 19:13:30.251 14290 14290 D ActivityThread: Added TimaKeyStore provider
08-24 19:13:30.321  2180 14289 I ACodec  : [OMX.google.vorbis.decoder] Now Loaded
08-24 19:13:30.321  2180 27522 I ACodec  : [OMX.google.vorbis.decoder] Now Executing->Idle
08-24 19:13:30.321  2180 14289 E OMXNodeInstance: setConfig(2e4:google.vorbis.decoder, ConfigPriority(0x6f800002)) ERROR: Undefined(0x80001001)
08-24 19:13:30.321  2180 14289 I ACodec  : codec does not support config priority (err -2147483648)
08-24 19:13:30.321  2180 14289 I ACodec  : >>> getPortFormat 16, OMX.google.vorbis.decoder
08-24 19:13:30.321  2180 27522 I ACodec  : [OMX.google.vorbis.decoder] Now Idle->Loaded
08-24 19:13:30.321  2180 27522 I ACodec  : [OMX.google.vorbis.decoder] Now Loaded
08-24 19:13:30.321  2180 27522 I ACodec  :  [OMX.google.vorbis.decoder] Now uninitialized
08-24 19:13:30.321  2180 27522 I ACodec  :  [] Now kWhatShutdownCompleted event : 7069
08-24 19:13:30.321  2180 14289 I MediaCodec: MediaCodec will operate in async mode
08-24 19:13:30.321  2180 27522 I MediaCodec: Codec shutdown complete
08-24 19:13:30.321  2180 14289 I ACodec  : [OMX.google.vorbis.decoder] Now Loaded->Idle
08-24 19:13:30.321  2180 27521 I NuPlayerDecoder: onShutdown notifyComplete : Yes
08-24 19:13:30.321  2180 27509 V NuPlayer: audio shutdown completed
08-24 19:13:30.321  2180 27509 V NuPlayer: both audio and video are flushed now.
08-24 19:13:30.321  2180 27509 V NuPlayer: Reset was postponed execute processDeferredActions
08-24 19:13:30.321  2180 27509 V NuPlayer: performReset
08-24 19:13:30.321  2180 27509 V GenericSource: stop()
08-24 19:13:30.321  2180 27509 V GenericSource: PREPARE_CANCELLED set to true
08-24 19:13:30.321  2180 27509 V GenericSource: [Flag] set 0x40 -> mFlags = 0x48
08-24 19:13:30.321  2180 27509 V GenericSource: [Flag] clear 0x8 -> mFlags = 0x40
08-24 19:13:30.321  2180 27509 V GenericSource: stop() end
08-24 19:13:30.321  2180 27509 V GenericSource: ~GenericSource()
08-24 19:13:30.321  2180 14289 I ACodec  : [OMX.google.vorbis.decoder] Now Idle->Executing
08-24 19:13:30.321  2180 27509 I OggExtractor: OggSource::stop() mExtractor ref count = 2
08-24 19:13:30.321  2180 27509 I OggExtractor: ~OggSource --
08-24 19:13:30.321  2180 27509 D NuPlayerDriver: notifyResetComplete(0xf2c49440)
08-24 19:13:30.321  2180  2684 V NuPlayerDriver: ~NuPlayerDriver(0xf2c49440)
08-24 19:13:30.321  2180 14289 I ACodec  : [OMX.google.vorbis.decoder] Now Executing
08-24 19:13:30.321  2180  2684 I OggExtractor: ~OggExtractor ++
08-24 19:13:30.321  2180  2684 I OggExtractor: ~MyOggExtractor ++ 
08-24 19:13:30.321  2180  2684 I OggExtractor: ~MyOggExtractor --
08-24 19:13:30.321  2180  2684 I OggExtractor: ~OggExtractor --
08-24 19:13:30.321   799 14260 V MediaPlayer: destructor
08-24 19:13:30.321  2180  4437 V MediaPlayerService: Client(372) destructor pid = 799
08-24 19:13:30.321   799 14260 V MediaPlayer: disconnect
08-24 19:13:30.321  2180  4437 V AudioSink: +++ close
08-24 19:13:30.321   799 14260 V MediaPlayer: invoke 68
08-24 19:13:30.321   799 14258 W PowerUI.Notification: Notification sound delayed by 1063msecs
08-24 19:13:30.321  2180  3871 I MediaPlayerService: Client::invoke requestID=1
08-24 19:13:30.321  2180  3871 V NuPlayer: getTrackInfo
08-24 19:13:30.331   799 14260 I MediaPlayer: send context aware event
08-24 19:13:30.331  2180  4437 V AudioSink: --- close
08-24 19:13:30.331   799 14260 I MediaPlayer: sendBroadcast CONTEXT_AWARE_MUSIC_INFO - type(start) - id (373)
08-24 19:13:30.331  2180  4437 V MediaPlayerService: disconnect(372) from pid 799
08-24 19:13:30.331  2180 14289 I ACodec  : [OMX.google.vorbis.decoder] Now handling output port settings change
08-24 19:13:30.331  2180 14289 I ACodec  : [OMX.google.vorbis.decoder] Now Executing
08-24 19:13:30.331  2180 14289 I ACodec  : >>> getPortFormat 16, OMX.google.vorbis.decoder
08-24 19:13:30.331  2180 14288 I NuPlayerDecoder: [Audio] handleOutputFormatChange
08-24 19:13:30.331  2180 14287 I NuPlayerRenderer: openAudioSink: offloadOnly(0) offloadingAudio(0)
08-24 19:13:30.331  2180 14287 I NuPlayerRenderer: openAudioSink: open AudioSink in NON-offload mode audioFormat : 1, flags : 0
08-24 19:13:30.331  2180 14287 V AudioSink: +++ close
08-24 19:13:30.331  2180 14287 V AudioSink: --- close
08-24 19:13:30.331  2180 14287 I NuPlayerRenderer: checkAudioSinkPcmMsSetting 200
08-24 19:13:30.331  2180 14287 V AudioSink: open(44100, 2, 0x0, 1, 0, 3931 0x0)
08-24 19:13:30.331  2180 14287 I APM::AudioPolicyManager: stream[5] samplingRate[0] use DEEP OUTPUT
08-24 19:13:30.331  2180 14287 I APM::AudioPolicyManager: stream[5] samplingRate[0] use DEEP OUTPUT
08-24 19:13:30.331  2180 14287 V AudioSink: no track available to recycle
08-24 19:13:30.331 14290 14290 W System  : ClassLoader referenced unknown path: /system/priv-app/SmartManager_v3_DeviceSecurity/lib/arm
08-24 19:13:30.331  2180 14287 V AudioSink: creating new AudioTrack
08-24 19:13:30.331  2180 14287 V AudioSink: deleteRecycledTrack_l
08-24 19:13:30.331  2180 14287 V AudioSink: setVolume
08-24 19:13:30.331  2180 14287 V AudioSink: open() DONE status 0
08-24 19:13:30.331  2180 14287 V AudioSink: setPlaybackRate(1.000000 1.000000 0 0)
08-24 19:13:30.331  2180 14287 V AudioSink: start
08-24 19:13:30.341  2180 14287 W AudioPolicyIntefaceImpl: Skipped to add effects on session 3931
08-24 19:13:30.341  2180 14287 I APM::AudioPolicyManager: startOutput() output 2, stream 5, session 3931
08-24 19:13:30.401 14252 14294 V RequestService: Handling incoming message: { when=-1ms what=0 arg1=1 obj=Intent { act=com.samsung.server.BatteryService.action.SEC_BATTERY_EVENT flg=0x24000010 cmp=com.sec.app.TransmitPowerService/.RequestService bqHint=4 (has extras) } target=com.sec.app.TransmitPowerService.RequestService$ServiceHandler }
08-24 19:13:30.411   799   799 D KnoxNotification: ----- inflateViews : modified publicViewLocal -----
08-24 19:13:30.441   799   799 D KnoxNotification: ----- inflateViews : modified KnoxViewLocal -----
08-24 19:13:30.451   799   799 D PhoneStatusBar: setAreThereNotifications: N=4 any=true clearable=true
08-24 19:13:30.451   799   799 D KeyguardUpdateMonitor: received broadcast android.intent.action.TIME_TICK
08-24 19:13:30.451   799   799 D CoverBroadcastManager: ACTION_BATTERY_CHANGED : when=1629812610468, item=status=2 / plugged=2 / level=41 / health=2 / batteryOnline=4 / highVoltage=false
08-24 19:13:30.451   799   799 D ViewRootImpl: MSG_RESIZED_REPORT: ci=Rect(0, 0 - 0, 0) vi=Rect(0, 0 - 0, 0) or=1
08-24 19:13:30.461 14252 14294 V DeviceStateReceiver: finishStartingService
08-24 19:13:30.461 14252 14252 V RequestService: Destroying TransmitPowerService
08-24 19:13:30.471  2878  4231 V WindowStateAnimator: Finishing drawing window Window{3bf2696 u0 d0 p799 com.android.systemui}: mDrawState=DRAW_PENDING
08-24 19:13:30.471  2180  2671 D audio_hw_primary: out_set_parameters: enter: kvpairs: routing=2
08-24 19:13:30.471  2180  2671 D AudioFlinger: setCurDevice() 0x2
08-24 19:13:30.471  2164  2164 D libEGL  : eglInitialize EGLDisplay = 0xffdb91ec
08-24 19:13:30.471  2180 14287 I MediaClock: setThreshold mThresholdTimeUsForAnchor(200000)
08-24 19:13:30.471  2180 14287 I MediaClock: setPlaybackRate rate : 0.000000
08-24 19:13:30.471  2180 14287 I NuPlayerRenderer: onDrainAudioQueue() send kWhatPollingAudioStarted audio_out : 0
08-24 19:13:30.471  2180 14287 I NuPlayerRenderer: setAudioFirstAnchorTime mAudioFirstAnchorTimeMediaUs : -1, new mediaTimeUs : 13061
08-24 19:13:30.471  2180 14278 V NuPlayer: media rendering started
08-24 19:13:30.471  2180 14278 V NuPlayer: msg : 6, ext1 : 0, ext2 : 0
08-24 19:13:30.471  2180 14278 D NuPlayerDriver: notifyListener_l(0xf0d388c0), (6, 0, 0)
08-24 19:13:30.471  2180 14278 V MediaPlayerService: [373] notify (6, 0, 0)
08-24 19:13:30.471  2180 14278 V NuPlayer: setDecoderBooster enable = No
08-24 19:13:30.471   799   876 V MediaPlayer: message received msg=6, ext1=0, ext2=0
08-24 19:13:30.471  2878  2904 I WindowManager: Waiting for drawn Window{2a2d472 u0 d0 p799 StatusBar}: removed=false visible=true mHasSurface=true drawState=1
08-24 19:13:30.471   799   876 V MediaPlayer: Received MEDIA_STARTED
08-24 19:13:30.471   799   876 V MediaPlayer: callback application
08-24 19:13:30.471   799   876 V MediaPlayer: back from callback
08-24 19:13:30.471   799 14260 V MediaPlayer-JNI: getCurrentPosition: 13 (msec)
08-24 19:13:30.491  2180  2671 I AudioMixer: create resampler src 44100, 2, dst 48000, 2
08-24 19:13:30.491  2180  2671 D SoundAliveResampler: [SoundAliveResampler] Init+++
08-24 19:13:30.491  2180  2671 V audio_hw_primary: start_output_stream+, out->device : 00000002 , out->type = 0
08-24 19:13:30.491  2878  2904 I WindowManager: Waiting for drawn Window{2a2d472 u0 d0 p799 StatusBar}: removed=false visible=true mHasSurface=true drawState=1
08-24 19:13:30.501  2878 14286 I BatteryStatsDumper: Writing to database completed
08-24 19:13:30.501  2694  2740 I NearbySharing: Screen is locked [CONTEXT service_id=194 ]
08-24 19:13:30.501  2694  2740 I NearbySharing: Failed to stop scanning because weren't scanning. [CONTEXT service_id=194 ]
08-24 19:13:30.501  2694  2740 I NearbySharing: Stopping discovery because the screen is locked. [CONTEXT service_id=194 ]
08-24 19:13:30.501  2694  2740 I NearbySharing: Can't stop advertising FastInitiation. Not advertising. [CONTEXT service_id=194 ]
08-24 19:13:30.501  2694  2740 I NearbySharing: Stopping Fast Init advertisement because Bluetooth is off. [CONTEXT service_id=194 ]
08-24 19:13:30.501  2694  2740 I NearbySharing: Failed to stop advertising because we weren't advertising. [CONTEXT service_id=194 ]
08-24 19:13:30.501  2694  2740 I NearbySharing: Stopping advertising because the screen is locked. [CONTEXT service_id=194 ]
08-24 19:13:30.501  2694  2740 I NearbySharing: Stopping FastInitiation scanning because the screen is locked. [CONTEXT service_id=194 ]
08-24 19:13:30.501  2694  2740 I NearbySharing: Can't stop scanning for FastInitiation. Not scanning. [CONTEXT service_id=194 ]
08-24 19:13:30.501  2694  2740 I NearbySharing: Cancelling in use notification [CONTEXT service_id=194 ]
08-24 19:13:30.501  2694  2740 I NearbySharing: Fast Initiation Scanning has stopped [CONTEXT service_id=194 ]
08-24 19:13:30.511  2878  5574 W ResourceType: ResTable_typeSpec entry count inconsistent: given 67, previously 69
08-24 19:13:30.511  2878  5574 W ResourceType: ResTable_typeSpec entry count inconsistent: given 5847, previously 5860
08-24 19:13:30.511  2180  2671 D audio_hw_primary: start_output_stream (0xefc19700) out->pcm_device:1 out->config.rate:48000 out->config.format:0 out->period_size:1440
08-24 19:13:30.511  2180  2671 D audio_hw_primary: start_output_stream (0xefc19700) out->config.rate:48000 out->config.format:0 out->period_size:1440
08-24 19:13:30.511  2180  2671 V audio_hw_primary: select_devices output_scenario:0 input_scenario:-1 out_snd_device 0x2 in_snd_device:0x0
08-24 19:13:30.511  2180  2671 I audio_route: > audio_route_reset :
08-24 19:13:30.511  2180  2671 I audio_route: > audio_route_apply_path : "media-speaker"
08-24 19:13:30.521  2180  2671 V audio_hw_primary: select_devices() output_route "media-speaker" 
08-24 19:13:30.521  2180  2671 I audio_route: > audio_route_apply_path : "gain-media-speaker"
08-24 19:13:30.521  2180  2671 V audio_hw_primary: select_devices() output_gain "gain-media-speaker" 
08-24 19:13:30.521  2180  2671 I audio_route: > audio_route_update_mixer : +
08-24 19:13:30.521  2180  2671 I audio_route: > audio_route_update_mixer : changed(0) -
08-24 19:13:30.521  2180  2671 I audio_hw_primary: select_devices - 
08-24 19:13:30.521   799   799 D ViewRootImpl: MSG_RESIZED_REPORT: ci=Rect(0, 0 - 0, 0) vi=Rect(0, 0 - 0, 0) or=1
08-24 19:13:30.521  2180  2671 I PostProcess: PostProcessInit mSoundBooster[0]
08-24 19:13:30.521  2180  2671 V audio_hw_primary: start_output_stream-
08-24 19:13:30.531   799   799 I ViewCaptureUtil: Capture the lockscreen
08-24 19:13:30.541  2164  2164 D libEGL  : eglInitialize EGLDisplay = 0xffdb91ec
08-24 19:13:30.541   799   799 D KeyguardUpdateMonitor: handleTimeUpdate
08-24 19:13:30.541   799   799 D Clock   : received broadcast android.intent.action.TIME_TICK
08-24 19:13:30.561   799   799 D KeyguardEffectViewController: onLayoutChange() v: com.android.keyguard.effect.EffectBehindView{b3d1524 V.E...... ......I. 0,0-720,1280 #7f0e0359 app:id/keyguard_effect_behind}, bottom : 1280, oldBottom : 1280
08-24 19:13:30.571 14290 14290 I seatbelt: EULA NOTI : EULA_UserDecied is false. Need to check NOTI conditions
08-24 19:13:30.581 14290 14290 I seatbelt: EULA NOTI : Time is not enough for sending displaying notification
08-24 19:13:30.581  2878  4016 V WindowStateAnimator: Finishing drawing window Window{2a2d472 u0 d0 p799 StatusBar}: mDrawState=DRAW_PENDING
08-24 19:13:30.591  2878  2904 I WindowManager: Waiting for drawn Window{2a2d472 u0 d0 p799 StatusBar}: removed=false visible=true mHasSurface=true drawState=4
08-24 19:13:30.591  2878  2904 D WindowManager: Window drawn win=Window{2a2d472 u0 d0 p799 StatusBar}
08-24 19:13:30.591  2878  2904 D WindowManager: All windows drawn!
08-24 19:13:30.591  2164  2164 D libEGL  : eglInitialize EGLDisplay = 0xffdb91ec
08-24 19:13:30.591 14290 14290 I seatbelt: feature is disabled or not activated
08-24 19:13:30.591  2878  2904 I WindowManager: All windows ready for display!
08-24 19:13:30.591  2878  2899 W WindowManager: Setting mWindowManagerDrawComplete
08-24 19:13:30.591  2878  3654 D ActivityManager: removeProcessNameLocked mProcessNames.remove pid=12998 ,hash=81930449 ,name=com.sec.android.provider.badge
08-24 19:13:30.591  2878  2899 D WindowManager: finishScreenTurningOn: mAwake=true, mScreenOnEarly=true, mScreenOnFully=false, mKeyguardDrawComplete=true, mWindowManagerDrawComplete=true
08-24 19:13:30.591  2878  2899 I WindowManager: Finished screen turning on...
08-24 19:13:30.601  2164  2164 D libEGL  : eglInitialize EGLDisplay = 0xffdb91ec
08-24 19:13:30.611  2164  2237 D libEGL  : eglTerminate EGLDisplay = 0xf6d7f624
08-24 19:13:30.611  2164  2237 D libEGL  : eglTerminate EGLDisplay = 0xf6d7f624
08-24 19:13:30.611  2164  3520 I SurfaceFlinger: id=6049 Removed DolorFade (9/9)
08-24 19:13:30.611  2164  3520 I SurfaceFlinger: id=6049 Removed DolorFade (-2/9)
08-24 19:13:30.611  2878  2906 V KeyguardServiceDelegate: onScreenTurnedOn()
08-24 19:13:30.611  2878  3037 I WindowManager: Finished waking up...
08-24 19:13:30.611  2878  3038 D lights  : button : 1 +
08-24 19:13:30.611  2878  3040 D lights  : lcd : 133 +
